Archive member included to satisfy reference by file (symbol)

/Users/huzaifaasif/.p2/pool/plugins/fr.ac6.mcu.externaltools.arm-none.macos64_1.13.1.201703061524/tools/compiler/bin/../lib/gcc/arm-none-eabi/5.4.1/../../../../arm-none-eabi/lib/armv7e-m/fpu/libc_nano.a(lib_a-exit.o)
                              /Users/huzaifaasif/.p2/pool/plugins/fr.ac6.mcu.externaltools.arm-none.macos64_1.13.1.201703061524/tools/compiler/bin/../lib/gcc/arm-none-eabi/5.4.1/../../../../arm-none-eabi/lib/armv7e-m/fpu/crt0.o (exit)
/Users/huzaifaasif/.p2/pool/plugins/fr.ac6.mcu.externaltools.arm-none.macos64_1.13.1.201703061524/tools/compiler/bin/../lib/gcc/arm-none-eabi/5.4.1/../../../../arm-none-eabi/lib/armv7e-m/fpu/libc_nano.a(lib_a-impure.o)
                              /Users/huzaifaasif/.p2/pool/plugins/fr.ac6.mcu.externaltools.arm-none.macos64_1.13.1.201703061524/tools/compiler/bin/../lib/gcc/arm-none-eabi/5.4.1/../../../../arm-none-eabi/lib/armv7e-m/fpu/libc_nano.a(lib_a-exit.o) (_global_impure_ptr)
/Users/huzaifaasif/.p2/pool/plugins/fr.ac6.mcu.externaltools.arm-none.macos64_1.13.1.201703061524/tools/compiler/bin/../lib/gcc/arm-none-eabi/5.4.1/../../../../arm-none-eabi/lib/armv7e-m/fpu/libc_nano.a(lib_a-init.o)
                              /Users/huzaifaasif/.p2/pool/plugins/fr.ac6.mcu.externaltools.arm-none.macos64_1.13.1.201703061524/tools/compiler/bin/../lib/gcc/arm-none-eabi/5.4.1/../../../../arm-none-eabi/lib/armv7e-m/fpu/crt0.o (__libc_init_array)
/Users/huzaifaasif/.p2/pool/plugins/fr.ac6.mcu.externaltools.arm-none.macos64_1.13.1.201703061524/tools/compiler/bin/../lib/gcc/arm-none-eabi/5.4.1/../../../../arm-none-eabi/lib/armv7e-m/fpu/libc_nano.a(lib_a-memset.o)
                              /Users/huzaifaasif/.p2/pool/plugins/fr.ac6.mcu.externaltools.arm-none.macos64_1.13.1.201703061524/tools/compiler/bin/../lib/gcc/arm-none-eabi/5.4.1/../../../../arm-none-eabi/lib/armv7e-m/fpu/crt0.o (memset)
/Users/huzaifaasif/.p2/pool/plugins/fr.ac6.mcu.externaltools.arm-none.macos64_1.13.1.201703061524/tools/compiler/bin/../lib/gcc/arm-none-eabi/5.4.1/../../../../arm-none-eabi/lib/armv7e-m/fpu/libnosys.a(_exit.o)
                              /Users/huzaifaasif/.p2/pool/plugins/fr.ac6.mcu.externaltools.arm-none.macos64_1.13.1.201703061524/tools/compiler/bin/../lib/gcc/arm-none-eabi/5.4.1/../../../../arm-none-eabi/lib/armv7e-m/fpu/libc_nano.a(lib_a-exit.o) (_exit)

Discarded input sections

 .text          0x0000000000000000        0x0 /Users/huzaifaasif/.p2/pool/plugins/fr.ac6.mcu.externaltools.arm-none.macos64_1.13.1.201703061524/tools/compiler/bin/../lib/gcc/arm-none-eabi/5.4.1/armv7e-m/fpu/crti.o
 .data          0x0000000000000000        0x0 /Users/huzaifaasif/.p2/pool/plugins/fr.ac6.mcu.externaltools.arm-none.macos64_1.13.1.201703061524/tools/compiler/bin/../lib/gcc/arm-none-eabi/5.4.1/armv7e-m/fpu/crti.o
 .bss           0x0000000000000000        0x0 /Users/huzaifaasif/.p2/pool/plugins/fr.ac6.mcu.externaltools.arm-none.macos64_1.13.1.201703061524/tools/compiler/bin/../lib/gcc/arm-none-eabi/5.4.1/armv7e-m/fpu/crti.o
 .data          0x0000000000000000        0x4 /Users/huzaifaasif/.p2/pool/plugins/fr.ac6.mcu.externaltools.arm-none.macos64_1.13.1.201703061524/tools/compiler/bin/../lib/gcc/arm-none-eabi/5.4.1/armv7e-m/fpu/crtbegin.o
 .text          0x0000000000000000       0x74 /Users/huzaifaasif/.p2/pool/plugins/fr.ac6.mcu.externaltools.arm-none.macos64_1.13.1.201703061524/tools/compiler/bin/../lib/gcc/arm-none-eabi/5.4.1/../../../../arm-none-eabi/lib/armv7e-m/fpu/crt0.o
 .data          0x0000000000000000        0x0 /Users/huzaifaasif/.p2/pool/plugins/fr.ac6.mcu.externaltools.arm-none.macos64_1.13.1.201703061524/tools/compiler/bin/../lib/gcc/arm-none-eabi/5.4.1/../../../../arm-none-eabi/lib/armv7e-m/fpu/crt0.o
 .bss           0x0000000000000000        0x0 /Users/huzaifaasif/.p2/pool/plugins/fr.ac6.mcu.externaltools.arm-none.macos64_1.13.1.201703061524/tools/compiler/bin/../lib/gcc/arm-none-eabi/5.4.1/../../../../arm-none-eabi/lib/armv7e-m/fpu/crt0.o
 .ARM.extab     0x0000000000000000        0x0 /Users/huzaifaasif/.p2/pool/plugins/fr.ac6.mcu.externaltools.arm-none.macos64_1.13.1.201703061524/tools/compiler/bin/../lib/gcc/arm-none-eabi/5.4.1/../../../../arm-none-eabi/lib/armv7e-m/fpu/crt0.o
 .ARM.exidx     0x0000000000000000        0x8 /Users/huzaifaasif/.p2/pool/plugins/fr.ac6.mcu.externaltools.arm-none.macos64_1.13.1.201703061524/tools/compiler/bin/../lib/gcc/arm-none-eabi/5.4.1/../../../../arm-none-eabi/lib/armv7e-m/fpu/crt0.o
 .ARM.attributes
                0x0000000000000000       0x20 /Users/huzaifaasif/.p2/pool/plugins/fr.ac6.mcu.externaltools.arm-none.macos64_1.13.1.201703061524/tools/compiler/bin/../lib/gcc/arm-none-eabi/5.4.1/../../../../arm-none-eabi/lib/armv7e-m/fpu/crt0.o
 .group         0x0000000000000000        0x8 Drivers/STM32F4xx_HAL_Driver/Src/stm32f4xx_gpio_driver.o
 .group         0x0000000000000000        0x8 Drivers/STM32F4xx_HAL_Driver/Src/stm32f4xx_gpio_driver.o
 .group         0x0000000000000000        0x8 Drivers/STM32F4xx_HAL_Driver/Src/stm32f4xx_gpio_driver.o
 .group         0x0000000000000000        0x8 Drivers/STM32F4xx_HAL_Driver/Src/stm32f4xx_gpio_driver.o
 .group         0x0000000000000000        0x8 Drivers/STM32F4xx_HAL_Driver/Src/stm32f4xx_gpio_driver.o
 .group         0x0000000000000000        0x8 Drivers/STM32F4xx_HAL_Driver/Src/stm32f4xx_gpio_driver.o
 .group         0x0000000000000000        0x8 Drivers/STM32F4xx_HAL_Driver/Src/stm32f4xx_gpio_driver.o
 .group         0x0000000000000000        0x8 Drivers/STM32F4xx_HAL_Driver/Src/stm32f4xx_gpio_driver.o
 .group         0x0000000000000000        0x8 Drivers/STM32F4xx_HAL_Driver/Src/stm32f4xx_gpio_driver.o
 .group         0x0000000000000000        0x8 Drivers/STM32F4xx_HAL_Driver/Src/stm32f4xx_gpio_driver.o
 .group         0x0000000000000000        0x8 Drivers/STM32F4xx_HAL_Driver/Src/stm32f4xx_gpio_driver.o
 .group         0x0000000000000000        0x8 Drivers/STM32F4xx_HAL_Driver/Src/stm32f4xx_gpio_driver.o
 .group         0x0000000000000000        0x8 Drivers/STM32F4xx_HAL_Driver/Src/stm32f4xx_gpio_driver.o
 .text          0x0000000000000000        0x0 Drivers/STM32F4xx_HAL_Driver/Src/stm32f4xx_gpio_driver.o
 .data          0x0000000000000000        0x0 Drivers/STM32F4xx_HAL_Driver/Src/stm32f4xx_gpio_driver.o
 .bss           0x0000000000000000        0x0 Drivers/STM32F4xx_HAL_Driver/Src/stm32f4xx_gpio_driver.o
 .text.hal_gpio_alt_function
                0x0000000000000000       0x24 Drivers/STM32F4xx_HAL_Driver/Src/stm32f4xx_gpio_driver.o
 .group         0x0000000000000000        0x8 Src/led.o
 .group         0x0000000000000000        0x8 Src/led.o
 .group         0x0000000000000000        0x8 Src/led.o
 .group         0x0000000000000000        0x8 Src/led.o
 .group         0x0000000000000000        0x8 Src/led.o
 .group         0x0000000000000000        0x8 Src/led.o
 .group         0x0000000000000000        0x8 Src/led.o
 .group         0x0000000000000000        0x8 Src/led.o
 .group         0x0000000000000000        0x8 Src/led.o
 .group         0x0000000000000000        0x8 Src/led.o
 .group         0x0000000000000000        0x8 Src/led.o
 .group         0x0000000000000000        0x8 Src/led.o
 .group         0x0000000000000000        0x8 Src/led.o
 .group         0x0000000000000000        0x8 Src/led.o
 .text          0x0000000000000000        0x0 Src/led.o
 .data          0x0000000000000000        0x0 Src/led.o
 .bss           0x0000000000000000        0x0 Src/led.o
 .text.led_turn_on
                0x0000000000000000        0xc Src/led.o
 .text.led_turn_off
                0x0000000000000000        0xc Src/led.o
 .debug_macro   0x0000000000000000      0x892 Src/led.o
 .debug_macro   0x0000000000000000       0x28 Src/led.o
 .debug_macro   0x0000000000000000       0x22 Src/led.o
 .debug_macro   0x0000000000000000       0x87 Src/led.o
 .debug_macro   0x0000000000000000       0x44 Src/led.o
 .debug_macro   0x0000000000000000       0xfd Src/led.o
 .debug_macro   0x0000000000000000       0x5e Src/led.o
 .debug_macro   0x0000000000000000      0x1df Src/led.o
 .debug_macro   0x0000000000000000       0x35 Src/led.o
 .debug_macro   0x0000000000000000       0x50 Src/led.o
 .debug_macro   0x0000000000000000      0xe66 Src/led.o
 .debug_macro   0x0000000000000000     0xb71c Src/led.o
 .debug_macro   0x0000000000000000       0x7c Src/led.o
 .group         0x0000000000000000        0x8 Src/main.o
 .group         0x0000000000000000        0x8 Src/main.o
 .group         0x0000000000000000        0x8 Src/main.o
 .group         0x0000000000000000        0x8 Src/main.o
 .group         0x0000000000000000        0x8 Src/main.o
 .group         0x0000000000000000        0x8 Src/main.o
 .group         0x0000000000000000        0x8 Src/main.o
 .group         0x0000000000000000        0x8 Src/main.o
 .group         0x0000000000000000        0x8 Src/main.o
 .group         0x0000000000000000        0x8 Src/main.o
 .group         0x0000000000000000        0x8 Src/main.o
 .group         0x0000000000000000        0x8 Src/main.o
 .group         0x0000000000000000        0x8 Src/main.o
 .group         0x0000000000000000        0x8 Src/main.o
 .text          0x0000000000000000        0x0 Src/main.o
 .data          0x0000000000000000        0x0 Src/main.o
 .bss           0x0000000000000000        0x0 Src/main.o
 .debug_macro   0x0000000000000000      0x892 Src/main.o
 .debug_macro   0x0000000000000000       0x28 Src/main.o
 .debug_macro   0x0000000000000000       0x22 Src/main.o
 .debug_macro   0x0000000000000000       0x87 Src/main.o
 .debug_macro   0x0000000000000000       0x44 Src/main.o
 .debug_macro   0x0000000000000000       0xfd Src/main.o
 .debug_macro   0x0000000000000000       0x5e Src/main.o
 .debug_macro   0x0000000000000000      0x1df Src/main.o
 .debug_macro   0x0000000000000000       0x35 Src/main.o
 .debug_macro   0x0000000000000000       0x50 Src/main.o
 .debug_macro   0x0000000000000000      0xe66 Src/main.o
 .debug_macro   0x0000000000000000     0xb71c Src/main.o
 .debug_macro   0x0000000000000000       0x7c Src/main.o
 .debug_macro   0x0000000000000000       0x16 Src/main.o
 .group         0x0000000000000000        0x8 Src/system_stm32f4xx.o
 .group         0x0000000000000000        0x8 Src/system_stm32f4xx.o
 .group         0x0000000000000000        0x8 Src/system_stm32f4xx.o
 .group         0x0000000000000000        0x8 Src/system_stm32f4xx.o
 .group         0x0000000000000000        0x8 Src/system_stm32f4xx.o
 .group         0x0000000000000000        0x8 Src/system_stm32f4xx.o
 .group         0x0000000000000000        0x8 Src/system_stm32f4xx.o
 .group         0x0000000000000000        0x8 Src/system_stm32f4xx.o
 .group         0x0000000000000000        0x8 Src/system_stm32f4xx.o
 .group         0x0000000000000000        0x8 Src/system_stm32f4xx.o
 .group         0x0000000000000000        0x8 Src/system_stm32f4xx.o
 .group         0x0000000000000000        0x8 Src/system_stm32f4xx.o
 .group         0x0000000000000000        0x8 Src/system_stm32f4xx.o
 .group         0x0000000000000000        0x8 Src/system_stm32f4xx.o
 .text          0x0000000000000000        0x0 Src/system_stm32f4xx.o
 .data          0x0000000000000000        0x4 Src/system_stm32f4xx.o
 .bss           0x0000000000000000        0x0 Src/system_stm32f4xx.o
 .text.SystemCoreClockUpdate
                0x0000000000000000       0xa0 Src/system_stm32f4xx.o
 .rodata        0x0000000000000000       0x18 Src/system_stm32f4xx.o
 .debug_macro   0x0000000000000000      0x892 Src/system_stm32f4xx.o
 .debug_macro   0x0000000000000000       0x28 Src/system_stm32f4xx.o
 .debug_macro   0x0000000000000000       0x22 Src/system_stm32f4xx.o
 .debug_macro   0x0000000000000000       0x87 Src/system_stm32f4xx.o
 .debug_macro   0x0000000000000000       0x44 Src/system_stm32f4xx.o
 .debug_macro   0x0000000000000000       0xfd Src/system_stm32f4xx.o
 .debug_macro   0x0000000000000000       0x5e Src/system_stm32f4xx.o
 .debug_macro   0x0000000000000000      0x1df Src/system_stm32f4xx.o
 .debug_macro   0x0000000000000000       0x35 Src/system_stm32f4xx.o
 .debug_macro   0x0000000000000000       0x50 Src/system_stm32f4xx.o
 .debug_macro   0x0000000000000000      0xe66 Src/system_stm32f4xx.o
 .debug_macro   0x0000000000000000     0xb71c Src/system_stm32f4xx.o
 .text          0x0000000000000000       0x14 startup/startup_stm32f401xe.o
 .data          0x0000000000000000        0x0 startup/startup_stm32f401xe.o
 .bss           0x0000000000000000        0x0 startup/startup_stm32f401xe.o
 .text          0x0000000000000000        0x0 /Users/huzaifaasif/.p2/pool/plugins/fr.ac6.mcu.externaltools.arm-none.macos64_1.13.1.201703061524/tools/compiler/bin/../lib/gcc/arm-none-eabi/5.4.1/../../../../arm-none-eabi/lib/armv7e-m/fpu/libc_nano.a(lib_a-exit.o)
 .data          0x0000000000000000        0x0 /Users/huzaifaasif/.p2/pool/plugins/fr.ac6.mcu.externaltools.arm-none.macos64_1.13.1.201703061524/tools/compiler/bin/../lib/gcc/arm-none-eabi/5.4.1/../../../../arm-none-eabi/lib/armv7e-m/fpu/libc_nano.a(lib_a-exit.o)
 .bss           0x0000000000000000        0x0 /Users/huzaifaasif/.p2/pool/plugins/fr.ac6.mcu.externaltools.arm-none.macos64_1.13.1.201703061524/tools/compiler/bin/../lib/gcc/arm-none-eabi/5.4.1/../../../../arm-none-eabi/lib/armv7e-m/fpu/libc_nano.a(lib_a-exit.o)
 .text.exit     0x0000000000000000       0x28 /Users/huzaifaasif/.p2/pool/plugins/fr.ac6.mcu.externaltools.arm-none.macos64_1.13.1.201703061524/tools/compiler/bin/../lib/gcc/arm-none-eabi/5.4.1/../../../../arm-none-eabi/lib/armv7e-m/fpu/libc_nano.a(lib_a-exit.o)
 .debug_frame   0x0000000000000000       0x28 /Users/huzaifaasif/.p2/pool/plugins/fr.ac6.mcu.externaltools.arm-none.macos64_1.13.1.201703061524/tools/compiler/bin/../lib/gcc/arm-none-eabi/5.4.1/../../../../arm-none-eabi/lib/armv7e-m/fpu/libc_nano.a(lib_a-exit.o)
 .ARM.attributes
                0x0000000000000000       0x34 /Users/huzaifaasif/.p2/pool/plugins/fr.ac6.mcu.externaltools.arm-none.macos64_1.13.1.201703061524/tools/compiler/bin/../lib/gcc/arm-none-eabi/5.4.1/../../../../arm-none-eabi/lib/armv7e-m/fpu/libc_nano.a(lib_a-exit.o)
 .text          0x0000000000000000        0x0 /Users/huzaifaasif/.p2/pool/plugins/fr.ac6.mcu.externaltools.arm-none.macos64_1.13.1.201703061524/tools/compiler/bin/../lib/gcc/arm-none-eabi/5.4.1/../../../../arm-none-eabi/lib/armv7e-m/fpu/libc_nano.a(lib_a-impure.o)
 .data          0x0000000000000000        0x0 /Users/huzaifaasif/.p2/pool/plugins/fr.ac6.mcu.externaltools.arm-none.macos64_1.13.1.201703061524/tools/compiler/bin/../lib/gcc/arm-none-eabi/5.4.1/../../../../arm-none-eabi/lib/armv7e-m/fpu/libc_nano.a(lib_a-impure.o)
 .bss           0x0000000000000000        0x0 /Users/huzaifaasif/.p2/pool/plugins/fr.ac6.mcu.externaltools.arm-none.macos64_1.13.1.201703061524/tools/compiler/bin/../lib/gcc/arm-none-eabi/5.4.1/../../../../arm-none-eabi/lib/armv7e-m/fpu/libc_nano.a(lib_a-impure.o)
 .data.impure_data
                0x0000000000000000       0x60 /Users/huzaifaasif/.p2/pool/plugins/fr.ac6.mcu.externaltools.arm-none.macos64_1.13.1.201703061524/tools/compiler/bin/../lib/gcc/arm-none-eabi/5.4.1/../../../../arm-none-eabi/lib/armv7e-m/fpu/libc_nano.a(lib_a-impure.o)
 .data._impure_ptr
                0x0000000000000000        0x4 /Users/huzaifaasif/.p2/pool/plugins/fr.ac6.mcu.externaltools.arm-none.macos64_1.13.1.201703061524/tools/compiler/bin/../lib/gcc/arm-none-eabi/5.4.1/../../../../arm-none-eabi/lib/armv7e-m/fpu/libc_nano.a(lib_a-impure.o)
 .rodata._global_impure_ptr
                0x0000000000000000        0x4 /Users/huzaifaasif/.p2/pool/plugins/fr.ac6.mcu.externaltools.arm-none.macos64_1.13.1.201703061524/tools/compiler/bin/../lib/gcc/arm-none-eabi/5.4.1/../../../../arm-none-eabi/lib/armv7e-m/fpu/libc_nano.a(lib_a-impure.o)
 .ARM.attributes
                0x0000000000000000       0x34 /Users/huzaifaasif/.p2/pool/plugins/fr.ac6.mcu.externaltools.arm-none.macos64_1.13.1.201703061524/tools/compiler/bin/../lib/gcc/arm-none-eabi/5.4.1/../../../../arm-none-eabi/lib/armv7e-m/fpu/libc_nano.a(lib_a-impure.o)
 .text          0x0000000000000000        0x0 /Users/huzaifaasif/.p2/pool/plugins/fr.ac6.mcu.externaltools.arm-none.macos64_1.13.1.201703061524/tools/compiler/bin/../lib/gcc/arm-none-eabi/5.4.1/../../../../arm-none-eabi/lib/armv7e-m/fpu/libc_nano.a(lib_a-init.o)
 .data          0x0000000000000000        0x0 /Users/huzaifaasif/.p2/pool/plugins/fr.ac6.mcu.externaltools.arm-none.macos64_1.13.1.201703061524/tools/compiler/bin/../lib/gcc/arm-none-eabi/5.4.1/../../../../arm-none-eabi/lib/armv7e-m/fpu/libc_nano.a(lib_a-init.o)
 .bss           0x0000000000000000        0x0 /Users/huzaifaasif/.p2/pool/plugins/fr.ac6.mcu.externaltools.arm-none.macos64_1.13.1.201703061524/tools/compiler/bin/../lib/gcc/arm-none-eabi/5.4.1/../../../../arm-none-eabi/lib/armv7e-m/fpu/libc_nano.a(lib_a-init.o)
 .text          0x0000000000000000        0x0 /Users/huzaifaasif/.p2/pool/plugins/fr.ac6.mcu.externaltools.arm-none.macos64_1.13.1.201703061524/tools/compiler/bin/../lib/gcc/arm-none-eabi/5.4.1/../../../../arm-none-eabi/lib/armv7e-m/fpu/libc_nano.a(lib_a-memset.o)
 .data          0x0000000000000000        0x0 /Users/huzaifaasif/.p2/pool/plugins/fr.ac6.mcu.externaltools.arm-none.macos64_1.13.1.201703061524/tools/compiler/bin/../lib/gcc/arm-none-eabi/5.4.1/../../../../arm-none-eabi/lib/armv7e-m/fpu/libc_nano.a(lib_a-memset.o)
 .bss           0x0000000000000000        0x0 /Users/huzaifaasif/.p2/pool/plugins/fr.ac6.mcu.externaltools.arm-none.macos64_1.13.1.201703061524/tools/compiler/bin/../lib/gcc/arm-none-eabi/5.4.1/../../../../arm-none-eabi/lib/armv7e-m/fpu/libc_nano.a(lib_a-memset.o)
 .text.memset   0x0000000000000000       0x10 /Users/huzaifaasif/.p2/pool/plugins/fr.ac6.mcu.externaltools.arm-none.macos64_1.13.1.201703061524/tools/compiler/bin/../lib/gcc/arm-none-eabi/5.4.1/../../../../arm-none-eabi/lib/armv7e-m/fpu/libc_nano.a(lib_a-memset.o)
 .debug_frame   0x0000000000000000       0x20 /Users/huzaifaasif/.p2/pool/plugins/fr.ac6.mcu.externaltools.arm-none.macos64_1.13.1.201703061524/tools/compiler/bin/../lib/gcc/arm-none-eabi/5.4.1/../../../../arm-none-eabi/lib/armv7e-m/fpu/libc_nano.a(lib_a-memset.o)
 .ARM.attributes
                0x0000000000000000       0x34 /Users/huzaifaasif/.p2/pool/plugins/fr.ac6.mcu.externaltools.arm-none.macos64_1.13.1.201703061524/tools/compiler/bin/../lib/gcc/arm-none-eabi/5.4.1/../../../../arm-none-eabi/lib/armv7e-m/fpu/libc_nano.a(lib_a-memset.o)
 .text          0x0000000000000000        0x0 /Users/huzaifaasif/.p2/pool/plugins/fr.ac6.mcu.externaltools.arm-none.macos64_1.13.1.201703061524/tools/compiler/bin/../lib/gcc/arm-none-eabi/5.4.1/../../../../arm-none-eabi/lib/armv7e-m/fpu/libnosys.a(_exit.o)
 .data          0x0000000000000000        0x0 /Users/huzaifaasif/.p2/pool/plugins/fr.ac6.mcu.externaltools.arm-none.macos64_1.13.1.201703061524/tools/compiler/bin/../lib/gcc/arm-none-eabi/5.4.1/../../../../arm-none-eabi/lib/armv7e-m/fpu/libnosys.a(_exit.o)
 .bss           0x0000000000000000        0x0 /Users/huzaifaasif/.p2/pool/plugins/fr.ac6.mcu.externaltools.arm-none.macos64_1.13.1.201703061524/tools/compiler/bin/../lib/gcc/arm-none-eabi/5.4.1/../../../../arm-none-eabi/lib/armv7e-m/fpu/libnosys.a(_exit.o)
 .text._exit    0x0000000000000000        0x4 /Users/huzaifaasif/.p2/pool/plugins/fr.ac6.mcu.externaltools.arm-none.macos64_1.13.1.201703061524/tools/compiler/bin/../lib/gcc/arm-none-eabi/5.4.1/../../../../arm-none-eabi/lib/armv7e-m/fpu/libnosys.a(_exit.o)
 .debug_frame   0x0000000000000000       0x20 /Users/huzaifaasif/.p2/pool/plugins/fr.ac6.mcu.externaltools.arm-none.macos64_1.13.1.201703061524/tools/compiler/bin/../lib/gcc/arm-none-eabi/5.4.1/../../../../arm-none-eabi/lib/armv7e-m/fpu/libnosys.a(_exit.o)
 .ARM.attributes
                0x0000000000000000       0x34 /Users/huzaifaasif/.p2/pool/plugins/fr.ac6.mcu.externaltools.arm-none.macos64_1.13.1.201703061524/tools/compiler/bin/../lib/gcc/arm-none-eabi/5.4.1/../../../../arm-none-eabi/lib/armv7e-m/fpu/libnosys.a(_exit.o)
 .text          0x0000000000000000        0x0 /Users/huzaifaasif/.p2/pool/plugins/fr.ac6.mcu.externaltools.arm-none.macos64_1.13.1.201703061524/tools/compiler/bin/../lib/gcc/arm-none-eabi/5.4.1/armv7e-m/fpu/crtend.o
 .data          0x0000000000000000        0x0 /Users/huzaifaasif/.p2/pool/plugins/fr.ac6.mcu.externaltools.arm-none.macos64_1.13.1.201703061524/tools/compiler/bin/../lib/gcc/arm-none-eabi/5.4.1/armv7e-m/fpu/crtend.o
 .bss           0x0000000000000000        0x0 /Users/huzaifaasif/.p2/pool/plugins/fr.ac6.mcu.externaltools.arm-none.macos64_1.13.1.201703061524/tools/compiler/bin/../lib/gcc/arm-none-eabi/5.4.1/armv7e-m/fpu/crtend.o
 .eh_frame      0x0000000000000000        0x4 /Users/huzaifaasif/.p2/pool/plugins/fr.ac6.mcu.externaltools.arm-none.macos64_1.13.1.201703061524/tools/compiler/bin/../lib/gcc/arm-none-eabi/5.4.1/armv7e-m/fpu/crtend.o
 .jcr           0x0000000000000000        0x4 /Users/huzaifaasif/.p2/pool/plugins/fr.ac6.mcu.externaltools.arm-none.macos64_1.13.1.201703061524/tools/compiler/bin/../lib/gcc/arm-none-eabi/5.4.1/armv7e-m/fpu/crtend.o
 .ARM.attributes
                0x0000000000000000       0x34 /Users/huzaifaasif/.p2/pool/plugins/fr.ac6.mcu.externaltools.arm-none.macos64_1.13.1.201703061524/tools/compiler/bin/../lib/gcc/arm-none-eabi/5.4.1/armv7e-m/fpu/crtend.o
 .text          0x0000000000000000        0x0 /Users/huzaifaasif/.p2/pool/plugins/fr.ac6.mcu.externaltools.arm-none.macos64_1.13.1.201703061524/tools/compiler/bin/../lib/gcc/arm-none-eabi/5.4.1/armv7e-m/fpu/crtn.o
 .data          0x0000000000000000        0x0 /Users/huzaifaasif/.p2/pool/plugins/fr.ac6.mcu.externaltools.arm-none.macos64_1.13.1.201703061524/tools/compiler/bin/../lib/gcc/arm-none-eabi/5.4.1/armv7e-m/fpu/crtn.o
 .bss           0x0000000000000000        0x0 /Users/huzaifaasif/.p2/pool/plugins/fr.ac6.mcu.externaltools.arm-none.macos64_1.13.1.201703061524/tools/compiler/bin/../lib/gcc/arm-none-eabi/5.4.1/armv7e-m/fpu/crtn.o

Memory Configuration

Name             Origin             Length             Attributes
RAM              0x0000000020000000 0x0000000000018000 xrw
FLASH            0x0000000008000000 0x0000000000080000 xr
*default*        0x0000000000000000 0xffffffffffffffff

Linker script and memory map

LOAD /Users/huzaifaasif/.p2/pool/plugins/fr.ac6.mcu.externaltools.arm-none.macos64_1.13.1.201703061524/tools/compiler/bin/../lib/gcc/arm-none-eabi/5.4.1/armv7e-m/fpu/crti.o
LOAD /Users/huzaifaasif/.p2/pool/plugins/fr.ac6.mcu.externaltools.arm-none.macos64_1.13.1.201703061524/tools/compiler/bin/../lib/gcc/arm-none-eabi/5.4.1/armv7e-m/fpu/crtbegin.o
LOAD /Users/huzaifaasif/.p2/pool/plugins/fr.ac6.mcu.externaltools.arm-none.macos64_1.13.1.201703061524/tools/compiler/bin/../lib/gcc/arm-none-eabi/5.4.1/../../../../arm-none-eabi/lib/armv7e-m/fpu/crt0.o
LOAD /Users/huzaifaasif/.p2/pool/plugins/fr.ac6.mcu.externaltools.arm-none.macos64_1.13.1.201703061524/tools/compiler/bin/../lib/gcc/arm-none-eabi/5.4.1/../../../../arm-none-eabi/lib/armv7e-m/fpu/libm.a
LOAD Drivers/STM32F4xx_HAL_Driver/Src/stm32f4xx_gpio_driver.o
LOAD Src/led.o
LOAD Src/main.o
LOAD Src/system_stm32f4xx.o
LOAD startup/startup_stm32f401xe.o
START GROUP
LOAD /Users/huzaifaasif/.p2/pool/plugins/fr.ac6.mcu.externaltools.arm-none.macos64_1.13.1.201703061524/tools/compiler/bin/../lib/gcc/arm-none-eabi/5.4.1/armv7e-m/fpu/libgcc.a
LOAD /Users/huzaifaasif/.p2/pool/plugins/fr.ac6.mcu.externaltools.arm-none.macos64_1.13.1.201703061524/tools/compiler/bin/../lib/gcc/arm-none-eabi/5.4.1/../../../../arm-none-eabi/lib/armv7e-m/fpu/libc_nano.a
END GROUP
START GROUP
LOAD /Users/huzaifaasif/.p2/pool/plugins/fr.ac6.mcu.externaltools.arm-none.macos64_1.13.1.201703061524/tools/compiler/bin/../lib/gcc/arm-none-eabi/5.4.1/armv7e-m/fpu/libgcc.a
LOAD /Users/huzaifaasif/.p2/pool/plugins/fr.ac6.mcu.externaltools.arm-none.macos64_1.13.1.201703061524/tools/compiler/bin/../lib/gcc/arm-none-eabi/5.4.1/../../../../arm-none-eabi/lib/armv7e-m/fpu/libc_nano.a
LOAD /Users/huzaifaasif/.p2/pool/plugins/fr.ac6.mcu.externaltools.arm-none.macos64_1.13.1.201703061524/tools/compiler/bin/../lib/gcc/arm-none-eabi/5.4.1/../../../../arm-none-eabi/lib/armv7e-m/fpu/libnosys.a
END GROUP
START GROUP
LOAD /Users/huzaifaasif/.p2/pool/plugins/fr.ac6.mcu.externaltools.arm-none.macos64_1.13.1.201703061524/tools/compiler/bin/../lib/gcc/arm-none-eabi/5.4.1/armv7e-m/fpu/libgcc.a
LOAD /Users/huzaifaasif/.p2/pool/plugins/fr.ac6.mcu.externaltools.arm-none.macos64_1.13.1.201703061524/tools/compiler/bin/../lib/gcc/arm-none-eabi/5.4.1/../../../../arm-none-eabi/lib/armv7e-m/fpu/libc_nano.a
LOAD /Users/huzaifaasif/.p2/pool/plugins/fr.ac6.mcu.externaltools.arm-none.macos64_1.13.1.201703061524/tools/compiler/bin/../lib/gcc/arm-none-eabi/5.4.1/../../../../arm-none-eabi/lib/armv7e-m/fpu/libnosys.a
END GROUP
LOAD /Users/huzaifaasif/.p2/pool/plugins/fr.ac6.mcu.externaltools.arm-none.macos64_1.13.1.201703061524/tools/compiler/bin/../lib/gcc/arm-none-eabi/5.4.1/armv7e-m/fpu/crtend.o
LOAD /Users/huzaifaasif/.p2/pool/plugins/fr.ac6.mcu.externaltools.arm-none.macos64_1.13.1.201703061524/tools/compiler/bin/../lib/gcc/arm-none-eabi/5.4.1/armv7e-m/fpu/crtn.o
                0x0000000020018000                _estack = 0x20018000
                0x0000000000000200                _Min_Heap_Size = 0x200
                0x0000000000000400                _Min_Stack_Size = 0x400

.isr_vector     0x0000000008000000      0x194
                0x0000000008000000                . = ALIGN (0x4)
 *(.isr_vector)
 .isr_vector    0x0000000008000000      0x194 startup/startup_stm32f401xe.o
                0x0000000008000000                g_pfnVectors
                0x0000000008000194                . = ALIGN (0x4)

.text           0x0000000008000194      0x370
                0x0000000008000194                . = ALIGN (0x4)
 *(.text)
 .text          0x0000000008000194       0x5c /Users/huzaifaasif/.p2/pool/plugins/fr.ac6.mcu.externaltools.arm-none.macos64_1.13.1.201703061524/tools/compiler/bin/../lib/gcc/arm-none-eabi/5.4.1/armv7e-m/fpu/crtbegin.o
 *(.text*)
 .text.hal_gpio_configure_interrupt
                0x00000000080001f0       0x48 Drivers/STM32F4xx_HAL_Driver/Src/stm32f4xx_gpio_driver.o
                0x00000000080001f0                hal_gpio_configure_interrupt
 .text.hal_gpio_enable_interrupt
                0x0000000008000238       0x2c Drivers/STM32F4xx_HAL_Driver/Src/stm32f4xx_gpio_driver.o
                0x0000000008000238                hal_gpio_enable_interrupt
 .text.hal_gpio_clear_interrupt
                0x0000000008000264       0x1c Drivers/STM32F4xx_HAL_Driver/Src/stm32f4xx_gpio_driver.o
                0x0000000008000264                hal_gpio_clear_interrupt
 .text.hal_gpio_read_from_pin
                0x0000000008000280        0xc Drivers/STM32F4xx_HAL_Driver/Src/stm32f4xx_gpio_driver.o
                0x0000000008000280                hal_gpio_read_from_pin
 .text.hal_gpio_write_to_pin
                0x000000000800028c       0x20 Drivers/STM32F4xx_HAL_Driver/Src/stm32f4xx_gpio_driver.o
                0x000000000800028c                hal_gpio_write_to_pin
 .text.hal_gpio_configure_pin_mode
                0x00000000080002ac        0xc Drivers/STM32F4xx_HAL_Driver/Src/stm32f4xx_gpio_driver.o
                0x00000000080002ac                hal_gpio_configure_pin_mode
 .text.hal_gpio_configure_pin_output_type
                0x00000000080002b8        0xc Drivers/STM32F4xx_HAL_Driver/Src/stm32f4xx_gpio_driver.o
                0x00000000080002b8                hal_gpio_configure_pin_output_type
 .text.hal_gpio_configure_pin_speed
                0x00000000080002c4        0xc Drivers/STM32F4xx_HAL_Driver/Src/stm32f4xx_gpio_driver.o
                0x00000000080002c4                hal_gpio_configure_pin_speed
 .text.hal_gpio_configure_pin_pupd
                0x00000000080002d0        0xc Drivers/STM32F4xx_HAL_Driver/Src/stm32f4xx_gpio_driver.o
                0x00000000080002d0                hal_gpio_configure_pin_pupd
 .text.hal_gpio_init
                0x00000000080002dc       0x30 Drivers/STM32F4xx_HAL_Driver/Src/stm32f4xx_gpio_driver.o
                0x00000000080002dc                hal_gpio_init
 .text.button_init
                0x000000000800030c       0x74 Src/led.o
                0x000000000800030c                button_init
 .text.led_init
                0x0000000008000380       0x38 Src/led.o
                0x0000000008000380                led_init
 .text.led_toggle
                0x00000000080003b8       0x24 Src/led.o
                0x00000000080003b8                led_toggle
 .text.EXTI15_10_IRQHandler
                0x00000000080003dc       0x18 Src/main.o
                0x00000000080003dc                EXTI15_10_IRQHandler
 .text.main     0x00000000080003f4        0xc Src/main.o
                0x00000000080003f4                main
 .text.SystemInit
                0x0000000008000400       0x4c Src/system_stm32f4xx.o
                0x0000000008000400                SystemInit
 .text.Reset_Handler
                0x000000000800044c       0x50 startup/startup_stm32f401xe.o
                0x000000000800044c                Reset_Handler
 .text.Default_Handler
                0x000000000800049c        0x2 startup/startup_stm32f401xe.o
                0x000000000800049c                DMA1_Stream3_IRQHandler
                0x000000000800049c                EXTI2_IRQHandler
                0x000000000800049c                DebugMon_Handler
                0x000000000800049c                SPI4_IRQHandler
                0x000000000800049c                TIM1_CC_IRQHandler
                0x000000000800049c                DMA2_Stream5_IRQHandler
                0x000000000800049c                HardFault_Handler
                0x000000000800049c                DMA1_Stream5_IRQHandler
                0x000000000800049c                SysTick_Handler
                0x000000000800049c                PVD_IRQHandler
                0x000000000800049c                SDIO_IRQHandler
                0x000000000800049c                TAMP_STAMP_IRQHandler
                0x000000000800049c                PendSV_Handler
                0x000000000800049c                NMI_Handler
                0x000000000800049c                EXTI3_IRQHandler
                0x000000000800049c                TIM1_UP_TIM10_IRQHandler
                0x000000000800049c                I2C3_ER_IRQHandler
                0x000000000800049c                EXTI0_IRQHandler
                0x000000000800049c                I2C2_EV_IRQHandler
                0x000000000800049c                DMA1_Stream2_IRQHandler
                0x000000000800049c                FPU_IRQHandler
                0x000000000800049c                UsageFault_Handler
                0x000000000800049c                DMA2_Stream2_IRQHandler
                0x000000000800049c                SPI1_IRQHandler
                0x000000000800049c                TIM1_BRK_TIM9_IRQHandler
                0x000000000800049c                DMA2_Stream3_IRQHandler
                0x000000000800049c                USART6_IRQHandler
                0x000000000800049c                DMA2_Stream0_IRQHandler
                0x000000000800049c                TIM4_IRQHandler
                0x000000000800049c                I2C1_EV_IRQHandler
                0x000000000800049c                DMA1_Stream6_IRQHandler
                0x000000000800049c                DMA1_Stream1_IRQHandler
                0x000000000800049c                TIM3_IRQHandler
                0x000000000800049c                RCC_IRQHandler
                0x000000000800049c                Default_Handler
                0x000000000800049c                ADC_IRQHandler
                0x000000000800049c                DMA1_Stream7_IRQHandler
                0x000000000800049c                TIM5_IRQHandler
                0x000000000800049c                DMA2_Stream7_IRQHandler
                0x000000000800049c                I2C3_EV_IRQHandler
                0x000000000800049c                EXTI9_5_IRQHandler
                0x000000000800049c                RTC_WKUP_IRQHandler
                0x000000000800049c                SPI2_IRQHandler
                0x000000000800049c                MemManage_Handler
                0x000000000800049c                DMA1_Stream0_IRQHandler
                0x000000000800049c                SVC_Handler
                0x000000000800049c                EXTI4_IRQHandler
                0x000000000800049c                WWDG_IRQHandler
                0x000000000800049c                TIM2_IRQHandler
                0x000000000800049c                OTG_FS_WKUP_IRQHandler
                0x000000000800049c                TIM1_TRG_COM_TIM11_IRQHandler
                0x000000000800049c                EXTI1_IRQHandler
                0x000000000800049c                USART2_IRQHandler
                0x000000000800049c                I2C2_ER_IRQHandler
                0x000000000800049c                DMA2_Stream1_IRQHandler
                0x000000000800049c                FLASH_IRQHandler
                0x000000000800049c                DMA2_Stream4_IRQHandler
                0x000000000800049c                BusFault_Handler
                0x000000000800049c                USART1_IRQHandler
                0x000000000800049c                OTG_FS_IRQHandler
                0x000000000800049c                SPI3_IRQHandler
                0x000000000800049c                DMA1_Stream4_IRQHandler
                0x000000000800049c                I2C1_ER_IRQHandler
                0x000000000800049c                DMA2_Stream6_IRQHandler
                0x000000000800049c                RTC_Alarm_IRQHandler
 *fill*         0x000000000800049e        0x2 
 .text.__libc_init_array
                0x00000000080004a0       0x4c /Users/huzaifaasif/.p2/pool/plugins/fr.ac6.mcu.externaltools.arm-none.macos64_1.13.1.201703061524/tools/compiler/bin/../lib/gcc/arm-none-eabi/5.4.1/../../../../arm-none-eabi/lib/armv7e-m/fpu/libc_nano.a(lib_a-init.o)
                0x00000000080004a0                __libc_init_array
 *(.glue_7)
 .glue_7        0x00000000080004ec        0x0 linker stubs
 *(.glue_7t)
 .glue_7t       0x00000000080004ec        0x0 linker stubs
 *(.eh_frame)
 .eh_frame      0x00000000080004ec        0x0 /Users/huzaifaasif/.p2/pool/plugins/fr.ac6.mcu.externaltools.arm-none.macos64_1.13.1.201703061524/tools/compiler/bin/../lib/gcc/arm-none-eabi/5.4.1/armv7e-m/fpu/crtbegin.o
 *(.init)
 .init          0x00000000080004ec        0x4 /Users/huzaifaasif/.p2/pool/plugins/fr.ac6.mcu.externaltools.arm-none.macos64_1.13.1.201703061524/tools/compiler/bin/../lib/gcc/arm-none-eabi/5.4.1/armv7e-m/fpu/crti.o
                0x00000000080004ec                _init
 .init          0x00000000080004f0        0x8 /Users/huzaifaasif/.p2/pool/plugins/fr.ac6.mcu.externaltools.arm-none.macos64_1.13.1.201703061524/tools/compiler/bin/../lib/gcc/arm-none-eabi/5.4.1/armv7e-m/fpu/crtn.o
 *(.fini)
 .fini          0x00000000080004f8        0x4 /Users/huzaifaasif/.p2/pool/plugins/fr.ac6.mcu.externaltools.arm-none.macos64_1.13.1.201703061524/tools/compiler/bin/../lib/gcc/arm-none-eabi/5.4.1/armv7e-m/fpu/crti.o
                0x00000000080004f8                _fini
 .fini          0x00000000080004fc        0x8 /Users/huzaifaasif/.p2/pool/plugins/fr.ac6.mcu.externaltools.arm-none.macos64_1.13.1.201703061524/tools/compiler/bin/../lib/gcc/arm-none-eabi/5.4.1/armv7e-m/fpu/crtn.o
                0x0000000008000504                . = ALIGN (0x4)
                0x0000000008000504                _etext = .

.vfp11_veneer   0x0000000008000504        0x0
 .vfp11_veneer  0x0000000008000504        0x0 linker stubs

.v4_bx          0x0000000008000504        0x0
 .v4_bx         0x0000000008000504        0x0 linker stubs

.iplt           0x0000000008000504        0x0
 .iplt          0x0000000008000504        0x0 /Users/huzaifaasif/.p2/pool/plugins/fr.ac6.mcu.externaltools.arm-none.macos64_1.13.1.201703061524/tools/compiler/bin/../lib/gcc/arm-none-eabi/5.4.1/armv7e-m/fpu/crtbegin.o

.rel.dyn        0x0000000008000504        0x0
 .rel.iplt      0x0000000008000504        0x0 /Users/huzaifaasif/.p2/pool/plugins/fr.ac6.mcu.externaltools.arm-none.macos64_1.13.1.201703061524/tools/compiler/bin/../lib/gcc/arm-none-eabi/5.4.1/armv7e-m/fpu/crtbegin.o

.rodata         0x0000000008000504        0x0
                0x0000000008000504                . = ALIGN (0x4)
 *(.rodata)
 *(.rodata*)
                0x0000000008000504                . = ALIGN (0x4)

.ARM.extab
 *(.ARM.extab* .gnu.linkonce.armextab.*)

.ARM            0x0000000008000504        0x0
                0x0000000008000504                __exidx_start = .
 *(.ARM.exidx*)
                0x0000000008000504                __exidx_end = .

.preinit_array  0x0000000008000504        0x0
                0x0000000008000504                PROVIDE (__preinit_array_start, .)
 *(.preinit_array*)
                0x0000000008000504                PROVIDE (__preinit_array_end, .)

.init_array     0x0000000008000504        0x4
                0x0000000008000504                PROVIDE (__init_array_start, .)
 *(SORT(.init_array.*))
 *(.init_array*)
 .init_array    0x0000000008000504        0x4 /Users/huzaifaasif/.p2/pool/plugins/fr.ac6.mcu.externaltools.arm-none.macos64_1.13.1.201703061524/tools/compiler/bin/../lib/gcc/arm-none-eabi/5.4.1/armv7e-m/fpu/crtbegin.o
                0x0000000008000508                PROVIDE (__init_array_end, .)

.fini_array     0x0000000008000508        0x4
                [!provide]                        PROVIDE (__fini_array_start, .)
 *(SORT(.fini_array.*))
 *(.fini_array*)
 .fini_array    0x0000000008000508        0x4 /Users/huzaifaasif/.p2/pool/plugins/fr.ac6.mcu.externaltools.arm-none.macos64_1.13.1.201703061524/tools/compiler/bin/../lib/gcc/arm-none-eabi/5.4.1/armv7e-m/fpu/crtbegin.o
                [!provide]                        PROVIDE (__fini_array_end, .)
                0x000000000800050c                _sidata = LOADADDR (.data)

.data           0x0000000020000000        0x0 load address 0x000000000800050c
                0x0000000020000000                . = ALIGN (0x4)
                0x0000000020000000                _sdata = .
 *(.data)
 *(.data*)
                0x0000000020000000                . = ALIGN (0x4)
                0x0000000020000000                _edata = .

.jcr            0x0000000020000000        0x0 load address 0x000000000800050c
 .jcr           0x0000000020000000        0x0 /Users/huzaifaasif/.p2/pool/plugins/fr.ac6.mcu.externaltools.arm-none.macos64_1.13.1.201703061524/tools/compiler/bin/../lib/gcc/arm-none-eabi/5.4.1/armv7e-m/fpu/crtbegin.o

.igot.plt       0x0000000020000000        0x0 load address 0x000000000800050c
 .igot.plt      0x0000000020000000        0x0 /Users/huzaifaasif/.p2/pool/plugins/fr.ac6.mcu.externaltools.arm-none.macos64_1.13.1.201703061524/tools/compiler/bin/../lib/gcc/arm-none-eabi/5.4.1/armv7e-m/fpu/crtbegin.o
                0x0000000020000000                . = ALIGN (0x4)

.bss            0x0000000020000000       0x1c load address 0x000000000800050c
                0x0000000020000000                _sbss = .
                0x0000000020000000                __bss_start__ = _sbss
 *(.bss)
 .bss           0x0000000020000000       0x1c /Users/huzaifaasif/.p2/pool/plugins/fr.ac6.mcu.externaltools.arm-none.macos64_1.13.1.201703061524/tools/compiler/bin/../lib/gcc/arm-none-eabi/5.4.1/armv7e-m/fpu/crtbegin.o
 *(.bss*)
 *(COMMON)
                0x000000002000001c                . = ALIGN (0x4)
                0x000000002000001c                _ebss = .
                0x000000002000001c                __bss_end__ = _ebss

._user_heap_stack
                0x000000002000001c      0x604 load address 0x000000000800050c
                0x0000000020000020                . = ALIGN (0x8)
 *fill*         0x000000002000001c        0x4 
                [!provide]                        PROVIDE (end, .)
                [!provide]                        PROVIDE (_end, .)
                0x0000000020000220                . = (. + _Min_Heap_Size)
 *fill*         0x0000000020000020      0x200 
                0x0000000020000620                . = (. + _Min_Stack_Size)
 *fill*         0x0000000020000220      0x400 
                0x0000000020000620                . = ALIGN (0x8)

/DISCARD/
 libc.a(*)
 libm.a(*)
 libgcc.a(*)

.ARM.attributes
                0x0000000000000000       0x30
 *(.ARM.attributes)
 .ARM.attributes
                0x0000000000000000       0x22 /Users/huzaifaasif/.p2/pool/plugins/fr.ac6.mcu.externaltools.arm-none.macos64_1.13.1.201703061524/tools/compiler/bin/../lib/gcc/arm-none-eabi/5.4.1/armv7e-m/fpu/crti.o
 .ARM.attributes
                0x0000000000000022       0x34 /Users/huzaifaasif/.p2/pool/plugins/fr.ac6.mcu.externaltools.arm-none.macos64_1.13.1.201703061524/tools/compiler/bin/../lib/gcc/arm-none-eabi/5.4.1/armv7e-m/fpu/crtbegin.o
 .ARM.attributes
                0x0000000000000056       0x39 Drivers/STM32F4xx_HAL_Driver/Src/stm32f4xx_gpio_driver.o
 .ARM.attributes
                0x000000000000008f       0x39 Src/led.o
 .ARM.attributes
                0x00000000000000c8       0x39 Src/main.o
 .ARM.attributes
                0x0000000000000101       0x39 Src/system_stm32f4xx.o
 .ARM.attributes
                0x000000000000013a       0x21 startup/startup_stm32f401xe.o
 .ARM.attributes
                0x000000000000015b       0x34 /Users/huzaifaasif/.p2/pool/plugins/fr.ac6.mcu.externaltools.arm-none.macos64_1.13.1.201703061524/tools/compiler/bin/../lib/gcc/arm-none-eabi/5.4.1/../../../../arm-none-eabi/lib/armv7e-m/fpu/libc_nano.a(lib_a-init.o)
 .ARM.attributes
                0x000000000000018f       0x22 /Users/huzaifaasif/.p2/pool/plugins/fr.ac6.mcu.externaltools.arm-none.macos64_1.13.1.201703061524/tools/compiler/bin/../lib/gcc/arm-none-eabi/5.4.1/armv7e-m/fpu/crtn.o
OUTPUT(GPIO_Drivers.elf elf32-littlearm)

.debug_info     0x0000000000000000     0x17e3
 .debug_info    0x0000000000000000      0x852 Drivers/STM32F4xx_HAL_Driver/Src/stm32f4xx_gpio_driver.o
 .debug_info    0x0000000000000852      0x7bf Src/led.o
 .debug_info    0x0000000000001011      0x208 Src/main.o
 .debug_info    0x0000000000001219      0x51c Src/system_stm32f4xx.o
 .debug_info    0x0000000000001735       0xae startup/startup_stm32f401xe.o

.debug_abbrev   0x0000000000000000      0x598
 .debug_abbrev  0x0000000000000000      0x200 Drivers/STM32F4xx_HAL_Driver/Src/stm32f4xx_gpio_driver.o
 .debug_abbrev  0x0000000000000200      0x16d Src/led.o
 .debug_abbrev  0x000000000000036d      0x115 Src/main.o
 .debug_abbrev  0x0000000000000482      0x104 Src/system_stm32f4xx.o
 .debug_abbrev  0x0000000000000586       0x12 startup/startup_stm32f401xe.o

.debug_loc      0x0000000000000000      0x528
 .debug_loc     0x0000000000000000      0x333 Drivers/STM32F4xx_HAL_Driver/Src/stm32f4xx_gpio_driver.o
 .debug_loc     0x0000000000000333       0xc3 Src/led.o
 .debug_loc     0x00000000000003f6      0x132 Src/system_stm32f4xx.o

.debug_aranges  0x0000000000000000      0x128
 .debug_aranges
                0x0000000000000000       0x70 Drivers/STM32F4xx_HAL_Driver/Src/stm32f4xx_gpio_driver.o
 .debug_aranges
                0x0000000000000070       0x40 Src/led.o
 .debug_aranges
                0x00000000000000b0       0x28 Src/main.o
 .debug_aranges
                0x00000000000000d8       0x28 Src/system_stm32f4xx.o
 .debug_aranges
                0x0000000000000100       0x28 startup/startup_stm32f401xe.o

.debug_ranges   0x0000000000000000       0xe0
 .debug_ranges  0x0000000000000000       0x60 Drivers/STM32F4xx_HAL_Driver/Src/stm32f4xx_gpio_driver.o
 .debug_ranges  0x0000000000000060       0x30 Src/led.o
 .debug_ranges  0x0000000000000090       0x18 Src/main.o
 .debug_ranges  0x00000000000000a8       0x18 Src/system_stm32f4xx.o
 .debug_ranges  0x00000000000000c0       0x20 startup/startup_stm32f401xe.o

.debug_macro    0x0000000000000000     0xd73b
 .debug_macro   0x0000000000000000       0xca Drivers/STM32F4xx_HAL_Driver/Src/stm32f4xx_gpio_driver.o
 .debug_macro   0x00000000000000ca      0x892 Drivers/STM32F4xx_HAL_Driver/Src/stm32f4xx_gpio_driver.o
 .debug_macro   0x000000000000095c       0x28 Drivers/STM32F4xx_HAL_Driver/Src/stm32f4xx_gpio_driver.o
 .debug_macro   0x0000000000000984       0x22 Drivers/STM32F4xx_HAL_Driver/Src/stm32f4xx_gpio_driver.o
 .debug_macro   0x00000000000009a6       0x87 Drivers/STM32F4xx_HAL_Driver/Src/stm32f4xx_gpio_driver.o
 .debug_macro   0x0000000000000a2d       0x44 Drivers/STM32F4xx_HAL_Driver/Src/stm32f4xx_gpio_driver.o
 .debug_macro   0x0000000000000a71       0xfd Drivers/STM32F4xx_HAL_Driver/Src/stm32f4xx_gpio_driver.o
 .debug_macro   0x0000000000000b6e       0x5e Drivers/STM32F4xx_HAL_Driver/Src/stm32f4xx_gpio_driver.o
 .debug_macro   0x0000000000000bcc      0x1df Drivers/STM32F4xx_HAL_Driver/Src/stm32f4xx_gpio_driver.o
 .debug_macro   0x0000000000000dab       0x35 Drivers/STM32F4xx_HAL_Driver/Src/stm32f4xx_gpio_driver.o
 .debug_macro   0x0000000000000de0       0x50 Drivers/STM32F4xx_HAL_Driver/Src/stm32f4xx_gpio_driver.o
 .debug_macro   0x0000000000000e30      0xe66 Drivers/STM32F4xx_HAL_Driver/Src/stm32f4xx_gpio_driver.o
 .debug_macro   0x0000000000001c96     0xb71c Drivers/STM32F4xx_HAL_Driver/Src/stm32f4xx_gpio_driver.o
 .debug_macro   0x000000000000d3b2       0x7c Drivers/STM32F4xx_HAL_Driver/Src/stm32f4xx_gpio_driver.o
 .debug_macro   0x000000000000d42e       0xd3 Src/led.o
 .debug_macro   0x000000000000d501       0x16 Src/led.o
 .debug_macro   0x000000000000d517       0xd3 Src/main.o
 .debug_macro   0x000000000000d5ea       0xdc Src/system_stm32f4xx.o
 .debug_macro   0x000000000000d6c6       0x32 Src/system_stm32f4xx.o
 .debug_macro   0x000000000000d6f8       0x43 Src/system_stm32f4xx.o

.debug_line     0x0000000000000000     0x163d
 .debug_line    0x0000000000000000      0x5e5 Drivers/STM32F4xx_HAL_Driver/Src/stm32f4xx_gpio_driver.o
 .debug_line    0x00000000000005e5      0x5be Src/led.o
 .debug_line    0x0000000000000ba3      0x57a Src/main.o
 .debug_line    0x000000000000111d      0x4a1 Src/system_stm32f4xx.o
 .debug_line    0x00000000000015be       0x7f startup/startup_stm32f401xe.o

.debug_str      0x0000000000000000    0x4c576
 .debug_str     0x0000000000000000    0x4bf94 Drivers/STM32F4xx_HAL_Driver/Src/stm32f4xx_gpio_driver.o
                                      0x4c126 (size before relaxing)
 .debug_str     0x000000000004bf94      0x199 Src/led.o
                                      0x4c11a (size before relaxing)
 .debug_str     0x000000000004c12d       0x28 Src/main.o
                                      0x4bb6b (size before relaxing)
 .debug_str     0x000000000004c155      0x421 Src/system_stm32f4xx.o
                                      0x4bc7a (size before relaxing)

.comment        0x0000000000000000       0x6e
 .comment       0x0000000000000000       0x6e Drivers/STM32F4xx_HAL_Driver/Src/stm32f4xx_gpio_driver.o
                                         0x6f (size before relaxing)
 .comment       0x000000000000006e       0x6f Src/led.o
 .comment       0x000000000000006e       0x6f Src/main.o
 .comment       0x000000000000006e       0x6f Src/system_stm32f4xx.o

.debug_frame    0x0000000000000000      0x20c
 .debug_frame   0x0000000000000000       0xd8 Drivers/STM32F4xx_HAL_Driver/Src/stm32f4xx_gpio_driver.o
 .debug_frame   0x00000000000000d8       0x98 Src/led.o
 .debug_frame   0x0000000000000170       0x40 Src/main.o
 .debug_frame   0x00000000000001b0       0x30 Src/system_stm32f4xx.o
 .debug_frame   0x00000000000001e0       0x2c /Users/huzaifaasif/.p2/pool/plugins/fr.ac6.mcu.externaltools.arm-none.macos64_1.13.1.201703061524/tools/compiler/bin/../lib/gcc/arm-none-eabi/5.4.1/../../../../arm-none-eabi/lib/armv7e-m/fpu/libc_nano.a(lib_a-init.o)
