Archive member included to satisfy reference by file (symbol)

/Users/huzaifaasif/.p2/pool/plugins/fr.ac6.mcu.externaltools.arm-none.macos64_1.13.1.201703061524/tools/compiler/bin/../lib/gcc/arm-none-eabi/5.4.1/../../../../arm-none-eabi/lib/armv7e-m/fpu/libc_nano.a(lib_a-exit.o)
                              /Users/huzaifaasif/.p2/pool/plugins/fr.ac6.mcu.externaltools.arm-none.macos64_1.13.1.201703061524/tools/compiler/bin/../lib/gcc/arm-none-eabi/5.4.1/../../../../arm-none-eabi/lib/armv7e-m/fpu/crt0.o (exit)
/Users/huzaifaasif/.p2/pool/plugins/fr.ac6.mcu.externaltools.arm-none.macos64_1.13.1.201703061524/tools/compiler/bin/../lib/gcc/arm-none-eabi/5.4.1/../../../../arm-none-eabi/lib/armv7e-m/fpu/libc_nano.a(lib_a-impure.o)
                              /Users/huzaifaasif/.p2/pool/plugins/fr.ac6.mcu.externaltools.arm-none.macos64_1.13.1.201703061524/tools/compiler/bin/../lib/gcc/arm-none-eabi/5.4.1/../../../../arm-none-eabi/lib/armv7e-m/fpu/libc_nano.a(lib_a-exit.o) (_global_impure_ptr)
/Users/huzaifaasif/.p2/pool/plugins/fr.ac6.mcu.externaltools.arm-none.macos64_1.13.1.201703061524/tools/compiler/bin/../lib/gcc/arm-none-eabi/5.4.1/../../../../arm-none-eabi/lib/armv7e-m/fpu/libc_nano.a(lib_a-init.o)
                              /Users/huzaifaasif/.p2/pool/plugins/fr.ac6.mcu.externaltools.arm-none.macos64_1.13.1.201703061524/tools/compiler/bin/../lib/gcc/arm-none-eabi/5.4.1/../../../../arm-none-eabi/lib/armv7e-m/fpu/crt0.o (__libc_init_array)
/Users/huzaifaasif/.p2/pool/plugins/fr.ac6.mcu.externaltools.arm-none.macos64_1.13.1.201703061524/tools/compiler/bin/../lib/gcc/arm-none-eabi/5.4.1/../../../../arm-none-eabi/lib/armv7e-m/fpu/libc_nano.a(lib_a-memset.o)
                              /Users/huzaifaasif/.p2/pool/plugins/fr.ac6.mcu.externaltools.arm-none.macos64_1.13.1.201703061524/tools/compiler/bin/../lib/gcc/arm-none-eabi/5.4.1/../../../../arm-none-eabi/lib/armv7e-m/fpu/crt0.o (memset)
/Users/huzaifaasif/.p2/pool/plugins/fr.ac6.mcu.externaltools.arm-none.macos64_1.13.1.201703061524/tools/compiler/bin/../lib/gcc/arm-none-eabi/5.4.1/../../../../arm-none-eabi/lib/armv7e-m/fpu/libnosys.a(_exit.o)
                              /Users/huzaifaasif/.p2/pool/plugins/fr.ac6.mcu.externaltools.arm-none.macos64_1.13.1.201703061524/tools/compiler/bin/../lib/gcc/arm-none-eabi/5.4.1/../../../../arm-none-eabi/lib/armv7e-m/fpu/libc_nano.a(lib_a-exit.o) (_exit)

Discarded input sections

 .text          0x0000000000000000        0x0 /Users/huzaifaasif/.p2/pool/plugins/fr.ac6.mcu.externaltools.arm-none.macos64_1.13.1.201703061524/tools/compiler/bin/../lib/gcc/arm-none-eabi/5.4.1/armv7e-m/fpu/crti.o
 .data          0x0000000000000000        0x0 /Users/huzaifaasif/.p2/pool/plugins/fr.ac6.mcu.externaltools.arm-none.macos64_1.13.1.201703061524/tools/compiler/bin/../lib/gcc/arm-none-eabi/5.4.1/armv7e-m/fpu/crti.o
 .bss           0x0000000000000000        0x0 /Users/huzaifaasif/.p2/pool/plugins/fr.ac6.mcu.externaltools.arm-none.macos64_1.13.1.201703061524/tools/compiler/bin/../lib/gcc/arm-none-eabi/5.4.1/armv7e-m/fpu/crti.o
 .data          0x0000000000000000        0x4 /Users/huzaifaasif/.p2/pool/plugins/fr.ac6.mcu.externaltools.arm-none.macos64_1.13.1.201703061524/tools/compiler/bin/../lib/gcc/arm-none-eabi/5.4.1/armv7e-m/fpu/crtbegin.o
 .text          0x0000000000000000       0x74 /Users/huzaifaasif/.p2/pool/plugins/fr.ac6.mcu.externaltools.arm-none.macos64_1.13.1.201703061524/tools/compiler/bin/../lib/gcc/arm-none-eabi/5.4.1/../../../../arm-none-eabi/lib/armv7e-m/fpu/crt0.o
 .data          0x0000000000000000        0x0 /Users/huzaifaasif/.p2/pool/plugins/fr.ac6.mcu.externaltools.arm-none.macos64_1.13.1.201703061524/tools/compiler/bin/../lib/gcc/arm-none-eabi/5.4.1/../../../../arm-none-eabi/lib/armv7e-m/fpu/crt0.o
 .bss           0x0000000000000000        0x0 /Users/huzaifaasif/.p2/pool/plugins/fr.ac6.mcu.externaltools.arm-none.macos64_1.13.1.201703061524/tools/compiler/bin/../lib/gcc/arm-none-eabi/5.4.1/../../../../arm-none-eabi/lib/armv7e-m/fpu/crt0.o
 .ARM.extab     0x0000000000000000        0x0 /Users/huzaifaasif/.p2/pool/plugins/fr.ac6.mcu.externaltools.arm-none.macos64_1.13.1.201703061524/tools/compiler/bin/../lib/gcc/arm-none-eabi/5.4.1/../../../../arm-none-eabi/lib/armv7e-m/fpu/crt0.o
 .ARM.exidx     0x0000000000000000        0x8 /Users/huzaifaasif/.p2/pool/plugins/fr.ac6.mcu.externaltools.arm-none.macos64_1.13.1.201703061524/tools/compiler/bin/../lib/gcc/arm-none-eabi/5.4.1/../../../../arm-none-eabi/lib/armv7e-m/fpu/crt0.o
 .ARM.attributes
                0x0000000000000000       0x20 /Users/huzaifaasif/.p2/pool/plugins/fr.ac6.mcu.externaltools.arm-none.macos64_1.13.1.201703061524/tools/compiler/bin/../lib/gcc/arm-none-eabi/5.4.1/../../../../arm-none-eabi/lib/armv7e-m/fpu/crt0.o
 .group         0x0000000000000000        0x8 Drivers/STM32F4xx_HAL_Driver/Src/stm32f401xx_gpio_driver.o
 .group         0x0000000000000000        0x8 Drivers/STM32F4xx_HAL_Driver/Src/stm32f401xx_gpio_driver.o
 .group         0x0000000000000000        0x8 Drivers/STM32F4xx_HAL_Driver/Src/stm32f401xx_gpio_driver.o
 .group         0x0000000000000000        0x8 Drivers/STM32F4xx_HAL_Driver/Src/stm32f401xx_gpio_driver.o
 .group         0x0000000000000000        0x8 Drivers/STM32F4xx_HAL_Driver/Src/stm32f401xx_gpio_driver.o
 .group         0x0000000000000000        0x8 Drivers/STM32F4xx_HAL_Driver/Src/stm32f401xx_gpio_driver.o
 .group         0x0000000000000000        0x8 Drivers/STM32F4xx_HAL_Driver/Src/stm32f401xx_gpio_driver.o
 .group         0x0000000000000000        0x8 Drivers/STM32F4xx_HAL_Driver/Src/stm32f401xx_gpio_driver.o
 .group         0x0000000000000000        0x8 Drivers/STM32F4xx_HAL_Driver/Src/stm32f401xx_gpio_driver.o
 .group         0x0000000000000000        0x8 Drivers/STM32F4xx_HAL_Driver/Src/stm32f401xx_gpio_driver.o
 .group         0x0000000000000000        0x8 Drivers/STM32F4xx_HAL_Driver/Src/stm32f401xx_gpio_driver.o
 .group         0x0000000000000000        0x8 Drivers/STM32F4xx_HAL_Driver/Src/stm32f401xx_gpio_driver.o
 .group         0x0000000000000000        0x8 Drivers/STM32F4xx_HAL_Driver/Src/stm32f401xx_gpio_driver.o
 .text          0x0000000000000000        0x0 Drivers/STM32F4xx_HAL_Driver/Src/stm32f401xx_gpio_driver.o
 .data          0x0000000000000000        0x0 Drivers/STM32F4xx_HAL_Driver/Src/stm32f401xx_gpio_driver.o
 .bss           0x0000000000000000        0x0 Drivers/STM32F4xx_HAL_Driver/Src/stm32f401xx_gpio_driver.o
 .text.hal_gpio_alternate_func
                0x0000000000000000       0x24 Drivers/STM32F4xx_HAL_Driver/Src/stm32f401xx_gpio_driver.o
 .text.hal_GPIO_Pin
                0x0000000000000000        0x4 Drivers/STM32F4xx_HAL_Driver/Src/stm32f401xx_gpio_driver.o
 .text.hal_gpio_readpin
                0x0000000000000000        0xc Drivers/STM32F4xx_HAL_Driver/Src/stm32f401xx_gpio_driver.o
 .text.hal_gpio_set_alternate_func
                0x0000000000000000        0x4 Drivers/STM32F4xx_HAL_Driver/Src/stm32f401xx_gpio_driver.o
 .group         0x0000000000000000        0x8 Src/led.o
 .group         0x0000000000000000        0x8 Src/led.o
 .group         0x0000000000000000        0x8 Src/led.o
 .group         0x0000000000000000        0x8 Src/led.o
 .group         0x0000000000000000        0x8 Src/led.o
 .group         0x0000000000000000        0x8 Src/led.o
 .group         0x0000000000000000        0x8 Src/led.o
 .group         0x0000000000000000        0x8 Src/led.o
 .group         0x0000000000000000        0x8 Src/led.o
 .group         0x0000000000000000        0x8 Src/led.o
 .group         0x0000000000000000        0x8 Src/led.o
 .group         0x0000000000000000        0x8 Src/led.o
 .group         0x0000000000000000        0x8 Src/led.o
 .group         0x0000000000000000        0x8 Src/led.o
 .text          0x0000000000000000        0x0 Src/led.o
 .data          0x0000000000000000        0x0 Src/led.o
 .bss           0x0000000000000000        0x0 Src/led.o
 .debug_macro   0x0000000000000000      0x892 Src/led.o
 .debug_macro   0x0000000000000000       0x28 Src/led.o
 .debug_macro   0x0000000000000000       0x22 Src/led.o
 .debug_macro   0x0000000000000000       0x87 Src/led.o
 .debug_macro   0x0000000000000000       0x44 Src/led.o
 .debug_macro   0x0000000000000000       0xfd Src/led.o
 .debug_macro   0x0000000000000000       0x5e Src/led.o
 .debug_macro   0x0000000000000000      0x1df Src/led.o
 .debug_macro   0x0000000000000000       0x35 Src/led.o
 .debug_macro   0x0000000000000000       0x50 Src/led.o
 .debug_macro   0x0000000000000000      0xe66 Src/led.o
 .debug_macro   0x0000000000000000     0xb71c Src/led.o
 .debug_macro   0x0000000000000000       0x76 Src/led.o
 .group         0x0000000000000000        0x8 Src/main.o
 .group         0x0000000000000000        0x8 Src/main.o
 .group         0x0000000000000000        0x8 Src/main.o
 .group         0x0000000000000000        0x8 Src/main.o
 .group         0x0000000000000000        0x8 Src/main.o
 .group         0x0000000000000000        0x8 Src/main.o
 .group         0x0000000000000000        0x8 Src/main.o
 .group         0x0000000000000000        0x8 Src/main.o
 .group         0x0000000000000000        0x8 Src/main.o
 .group         0x0000000000000000        0x8 Src/main.o
 .group         0x0000000000000000        0x8 Src/main.o
 .group         0x0000000000000000        0x8 Src/main.o
 .group         0x0000000000000000        0x8 Src/main.o
 .group         0x0000000000000000        0x8 Src/main.o
 .text          0x0000000000000000        0x0 Src/main.o
 .data          0x0000000000000000        0x0 Src/main.o
 .bss           0x0000000000000000        0x0 Src/main.o
 .debug_macro   0x0000000000000000      0x892 Src/main.o
 .debug_macro   0x0000000000000000       0x28 Src/main.o
 .debug_macro   0x0000000000000000       0x22 Src/main.o
 .debug_macro   0x0000000000000000       0x87 Src/main.o
 .debug_macro   0x0000000000000000       0x44 Src/main.o
 .debug_macro   0x0000000000000000       0xfd Src/main.o
 .debug_macro   0x0000000000000000       0x5e Src/main.o
 .debug_macro   0x0000000000000000      0x1df Src/main.o
 .debug_macro   0x0000000000000000       0x35 Src/main.o
 .debug_macro   0x0000000000000000       0x50 Src/main.o
 .debug_macro   0x0000000000000000      0xe66 Src/main.o
 .debug_macro   0x0000000000000000     0xb71c Src/main.o
 .debug_macro   0x0000000000000000       0x76 Src/main.o
 .debug_macro   0x0000000000000000       0x10 Src/main.o
 .group         0x0000000000000000        0x8 Src/system_stm32f4xx.o
 .group         0x0000000000000000        0x8 Src/system_stm32f4xx.o
 .group         0x0000000000000000        0x8 Src/system_stm32f4xx.o
 .group         0x0000000000000000        0x8 Src/system_stm32f4xx.o
 .group         0x0000000000000000        0x8 Src/system_stm32f4xx.o
 .group         0x0000000000000000        0x8 Src/system_stm32f4xx.o
 .group         0x0000000000000000        0x8 Src/system_stm32f4xx.o
 .group         0x0000000000000000        0x8 Src/system_stm32f4xx.o
 .group         0x0000000000000000        0x8 Src/system_stm32f4xx.o
 .group         0x0000000000000000        0x8 Src/system_stm32f4xx.o
 .group         0x0000000000000000        0x8 Src/system_stm32f4xx.o
 .group         0x0000000000000000        0x8 Src/system_stm32f4xx.o
 .group         0x0000000000000000        0x8 Src/system_stm32f4xx.o
 .group         0x0000000000000000        0x8 Src/system_stm32f4xx.o
 .text          0x0000000000000000        0x0 Src/system_stm32f4xx.o
 .data          0x0000000000000000        0x4 Src/system_stm32f4xx.o
 .bss           0x0000000000000000        0x0 Src/system_stm32f4xx.o
 .text.SystemCoreClockUpdate
                0x0000000000000000       0xa0 Src/system_stm32f4xx.o
 .rodata        0x0000000000000000       0x18 Src/system_stm32f4xx.o
 .debug_macro   0x0000000000000000      0x892 Src/system_stm32f4xx.o
 .debug_macro   0x0000000000000000       0x28 Src/system_stm32f4xx.o
 .debug_macro   0x0000000000000000       0x22 Src/system_stm32f4xx.o
 .debug_macro   0x0000000000000000       0x87 Src/system_stm32f4xx.o
 .debug_macro   0x0000000000000000       0x44 Src/system_stm32f4xx.o
 .debug_macro   0x0000000000000000       0xfd Src/system_stm32f4xx.o
 .debug_macro   0x0000000000000000       0x5e Src/system_stm32f4xx.o
 .debug_macro   0x0000000000000000      0x1df Src/system_stm32f4xx.o
 .debug_macro   0x0000000000000000       0x35 Src/system_stm32f4xx.o
 .debug_macro   0x0000000000000000       0x50 Src/system_stm32f4xx.o
 .debug_macro   0x0000000000000000      0xe66 Src/system_stm32f4xx.o
 .debug_macro   0x0000000000000000     0xb71c Src/system_stm32f4xx.o
 .text          0x0000000000000000       0x14 startup/startup_stm32f401xe.o
 .data          0x0000000000000000        0x0 startup/startup_stm32f401xe.o
 .bss           0x0000000000000000        0x0 startup/startup_stm32f401xe.o
 .text          0x0000000000000000        0x0 /Users/huzaifaasif/.p2/pool/plugins/fr.ac6.mcu.externaltools.arm-none.macos64_1.13.1.201703061524/tools/compiler/bin/../lib/gcc/arm-none-eabi/5.4.1/../../../../arm-none-eabi/lib/armv7e-m/fpu/libc_nano.a(lib_a-exit.o)
 .data          0x0000000000000000        0x0 /Users/huzaifaasif/.p2/pool/plugins/fr.ac6.mcu.externaltools.arm-none.macos64_1.13.1.201703061524/tools/compiler/bin/../lib/gcc/arm-none-eabi/5.4.1/../../../../arm-none-eabi/lib/armv7e-m/fpu/libc_nano.a(lib_a-exit.o)
 .bss           0x0000000000000000        0x0 /Users/huzaifaasif/.p2/pool/plugins/fr.ac6.mcu.externaltools.arm-none.macos64_1.13.1.201703061524/tools/compiler/bin/../lib/gcc/arm-none-eabi/5.4.1/../../../../arm-none-eabi/lib/armv7e-m/fpu/libc_nano.a(lib_a-exit.o)
 .text.exit     0x0000000000000000       0x28 /Users/huzaifaasif/.p2/pool/plugins/fr.ac6.mcu.externaltools.arm-none.macos64_1.13.1.201703061524/tools/compiler/bin/../lib/gcc/arm-none-eabi/5.4.1/../../../../arm-none-eabi/lib/armv7e-m/fpu/libc_nano.a(lib_a-exit.o)
 .debug_frame   0x0000000000000000       0x28 /Users/huzaifaasif/.p2/pool/plugins/fr.ac6.mcu.externaltools.arm-none.macos64_1.13.1.201703061524/tools/compiler/bin/../lib/gcc/arm-none-eabi/5.4.1/../../../../arm-none-eabi/lib/armv7e-m/fpu/libc_nano.a(lib_a-exit.o)
 .ARM.attributes
                0x0000000000000000       0x34 /Users/huzaifaasif/.p2/pool/plugins/fr.ac6.mcu.externaltools.arm-none.macos64_1.13.1.201703061524/tools/compiler/bin/../lib/gcc/arm-none-eabi/5.4.1/../../../../arm-none-eabi/lib/armv7e-m/fpu/libc_nano.a(lib_a-exit.o)
 .text          0x0000000000000000        0x0 /Users/huzaifaasif/.p2/pool/plugins/fr.ac6.mcu.externaltools.arm-none.macos64_1.13.1.201703061524/tools/compiler/bin/../lib/gcc/arm-none-eabi/5.4.1/../../../../arm-none-eabi/lib/armv7e-m/fpu/libc_nano.a(lib_a-impure.o)
 .data          0x0000000000000000        0x0 /Users/huzaifaasif/.p2/pool/plugins/fr.ac6.mcu.externaltools.arm-none.macos64_1.13.1.201703061524/tools/compiler/bin/../lib/gcc/arm-none-eabi/5.4.1/../../../../arm-none-eabi/lib/armv7e-m/fpu/libc_nano.a(lib_a-impure.o)
 .bss           0x0000000000000000        0x0 /Users/huzaifaasif/.p2/pool/plugins/fr.ac6.mcu.externaltools.arm-none.macos64_1.13.1.201703061524/tools/compiler/bin/../lib/gcc/arm-none-eabi/5.4.1/../../../../arm-none-eabi/lib/armv7e-m/fpu/libc_nano.a(lib_a-impure.o)
 .data.impure_data
                0x0000000000000000       0x60 /Users/huzaifaasif/.p2/pool/plugins/fr.ac6.mcu.externaltools.arm-none.macos64_1.13.1.201703061524/tools/compiler/bin/../lib/gcc/arm-none-eabi/5.4.1/../../../../arm-none-eabi/lib/armv7e-m/fpu/libc_nano.a(lib_a-impure.o)
 .data._impure_ptr
                0x0000000000000000        0x4 /Users/huzaifaasif/.p2/pool/plugins/fr.ac6.mcu.externaltools.arm-none.macos64_1.13.1.201703061524/tools/compiler/bin/../lib/gcc/arm-none-eabi/5.4.1/../../../../arm-none-eabi/lib/armv7e-m/fpu/libc_nano.a(lib_a-impure.o)
 .rodata._global_impure_ptr
                0x0000000000000000        0x4 /Users/huzaifaasif/.p2/pool/plugins/fr.ac6.mcu.externaltools.arm-none.macos64_1.13.1.201703061524/tools/compiler/bin/../lib/gcc/arm-none-eabi/5.4.1/../../../../arm-none-eabi/lib/armv7e-m/fpu/libc_nano.a(lib_a-impure.o)
 .ARM.attributes
                0x0000000000000000       0x34 /Users/huzaifaasif/.p2/pool/plugins/fr.ac6.mcu.externaltools.arm-none.macos64_1.13.1.201703061524/tools/compiler/bin/../lib/gcc/arm-none-eabi/5.4.1/../../../../arm-none-eabi/lib/armv7e-m/fpu/libc_nano.a(lib_a-impure.o)
 .text          0x0000000000000000        0x0 /Users/huzaifaasif/.p2/pool/plugins/fr.ac6.mcu.externaltools.arm-none.macos64_1.13.1.201703061524/tools/compiler/bin/../lib/gcc/arm-none-eabi/5.4.1/../../../../arm-none-eabi/lib/armv7e-m/fpu/libc_nano.a(lib_a-init.o)
 .data          0x0000000000000000        0x0 /Users/huzaifaasif/.p2/pool/plugins/fr.ac6.mcu.externaltools.arm-none.macos64_1.13.1.201703061524/tools/compiler/bin/../lib/gcc/arm-none-eabi/5.4.1/../../../../arm-none-eabi/lib/armv7e-m/fpu/libc_nano.a(lib_a-init.o)
 .bss           0x0000000000000000        0x0 /Users/huzaifaasif/.p2/pool/plugins/fr.ac6.mcu.externaltools.arm-none.macos64_1.13.1.201703061524/tools/compiler/bin/../lib/gcc/arm-none-eabi/5.4.1/../../../../arm-none-eabi/lib/armv7e-m/fpu/libc_nano.a(lib_a-init.o)
 .text          0x0000000000000000        0x0 /Users/huzaifaasif/.p2/pool/plugins/fr.ac6.mcu.externaltools.arm-none.macos64_1.13.1.201703061524/tools/compiler/bin/../lib/gcc/arm-none-eabi/5.4.1/../../../../arm-none-eabi/lib/armv7e-m/fpu/libc_nano.a(lib_a-memset.o)
 .data          0x0000000000000000        0x0 /Users/huzaifaasif/.p2/pool/plugins/fr.ac6.mcu.externaltools.arm-none.macos64_1.13.1.201703061524/tools/compiler/bin/../lib/gcc/arm-none-eabi/5.4.1/../../../../arm-none-eabi/lib/armv7e-m/fpu/libc_nano.a(lib_a-memset.o)
 .bss           0x0000000000000000        0x0 /Users/huzaifaasif/.p2/pool/plugins/fr.ac6.mcu.externaltools.arm-none.macos64_1.13.1.201703061524/tools/compiler/bin/../lib/gcc/arm-none-eabi/5.4.1/../../../../arm-none-eabi/lib/armv7e-m/fpu/libc_nano.a(lib_a-memset.o)
 .text.memset   0x0000000000000000       0x10 /Users/huzaifaasif/.p2/pool/plugins/fr.ac6.mcu.externaltools.arm-none.macos64_1.13.1.201703061524/tools/compiler/bin/../lib/gcc/arm-none-eabi/5.4.1/../../../../arm-none-eabi/lib/armv7e-m/fpu/libc_nano.a(lib_a-memset.o)
 .debug_frame   0x0000000000000000       0x20 /Users/huzaifaasif/.p2/pool/plugins/fr.ac6.mcu.externaltools.arm-none.macos64_1.13.1.201703061524/tools/compiler/bin/../lib/gcc/arm-none-eabi/5.4.1/../../../../arm-none-eabi/lib/armv7e-m/fpu/libc_nano.a(lib_a-memset.o)
 .ARM.attributes
                0x0000000000000000       0x34 /Users/huzaifaasif/.p2/pool/plugins/fr.ac6.mcu.externaltools.arm-none.macos64_1.13.1.201703061524/tools/compiler/bin/../lib/gcc/arm-none-eabi/5.4.1/../../../../arm-none-eabi/lib/armv7e-m/fpu/libc_nano.a(lib_a-memset.o)
 .text          0x0000000000000000        0x0 /Users/huzaifaasif/.p2/pool/plugins/fr.ac6.mcu.externaltools.arm-none.macos64_1.13.1.201703061524/tools/compiler/bin/../lib/gcc/arm-none-eabi/5.4.1/../../../../arm-none-eabi/lib/armv7e-m/fpu/libnosys.a(_exit.o)
 .data          0x0000000000000000        0x0 /Users/huzaifaasif/.p2/pool/plugins/fr.ac6.mcu.externaltools.arm-none.macos64_1.13.1.201703061524/tools/compiler/bin/../lib/gcc/arm-none-eabi/5.4.1/../../../../arm-none-eabi/lib/armv7e-m/fpu/libnosys.a(_exit.o)
 .bss           0x0000000000000000        0x0 /Users/huzaifaasif/.p2/pool/plugins/fr.ac6.mcu.externaltools.arm-none.macos64_1.13.1.201703061524/tools/compiler/bin/../lib/gcc/arm-none-eabi/5.4.1/../../../../arm-none-eabi/lib/armv7e-m/fpu/libnosys.a(_exit.o)
 .text._exit    0x0000000000000000        0x4 /Users/huzaifaasif/.p2/pool/plugins/fr.ac6.mcu.externaltools.arm-none.macos64_1.13.1.201703061524/tools/compiler/bin/../lib/gcc/arm-none-eabi/5.4.1/../../../../arm-none-eabi/lib/armv7e-m/fpu/libnosys.a(_exit.o)
 .debug_frame   0x0000000000000000       0x20 /Users/huzaifaasif/.p2/pool/plugins/fr.ac6.mcu.externaltools.arm-none.macos64_1.13.1.201703061524/tools/compiler/bin/../lib/gcc/arm-none-eabi/5.4.1/../../../../arm-none-eabi/lib/armv7e-m/fpu/libnosys.a(_exit.o)
 .ARM.attributes
                0x0000000000000000       0x34 /Users/huzaifaasif/.p2/pool/plugins/fr.ac6.mcu.externaltools.arm-none.macos64_1.13.1.201703061524/tools/compiler/bin/../lib/gcc/arm-none-eabi/5.4.1/../../../../arm-none-eabi/lib/armv7e-m/fpu/libnosys.a(_exit.o)
 .text          0x0000000000000000        0x0 /Users/huzaifaasif/.p2/pool/plugins/fr.ac6.mcu.externaltools.arm-none.macos64_1.13.1.201703061524/tools/compiler/bin/../lib/gcc/arm-none-eabi/5.4.1/armv7e-m/fpu/crtend.o
 .data          0x0000000000000000        0x0 /Users/huzaifaasif/.p2/pool/plugins/fr.ac6.mcu.externaltools.arm-none.macos64_1.13.1.201703061524/tools/compiler/bin/../lib/gcc/arm-none-eabi/5.4.1/armv7e-m/fpu/crtend.o
 .bss           0x0000000000000000        0x0 /Users/huzaifaasif/.p2/pool/plugins/fr.ac6.mcu.externaltools.arm-none.macos64_1.13.1.201703061524/tools/compiler/bin/../lib/gcc/arm-none-eabi/5.4.1/armv7e-m/fpu/crtend.o
 .eh_frame      0x0000000000000000        0x4 /Users/huzaifaasif/.p2/pool/plugins/fr.ac6.mcu.externaltools.arm-none.macos64_1.13.1.201703061524/tools/compiler/bin/../lib/gcc/arm-none-eabi/5.4.1/armv7e-m/fpu/crtend.o
 .jcr           0x0000000000000000        0x4 /Users/huzaifaasif/.p2/pool/plugins/fr.ac6.mcu.externaltools.arm-none.macos64_1.13.1.201703061524/tools/compiler/bin/../lib/gcc/arm-none-eabi/5.4.1/armv7e-m/fpu/crtend.o
 .ARM.attributes
                0x0000000000000000       0x34 /Users/huzaifaasif/.p2/pool/plugins/fr.ac6.mcu.externaltools.arm-none.macos64_1.13.1.201703061524/tools/compiler/bin/../lib/gcc/arm-none-eabi/5.4.1/armv7e-m/fpu/crtend.o
 .text          0x0000000000000000        0x0 /Users/huzaifaasif/.p2/pool/plugins/fr.ac6.mcu.externaltools.arm-none.macos64_1.13.1.201703061524/tools/compiler/bin/../lib/gcc/arm-none-eabi/5.4.1/armv7e-m/fpu/crtn.o
 .data          0x0000000000000000        0x0 /Users/huzaifaasif/.p2/pool/plugins/fr.ac6.mcu.externaltools.arm-none.macos64_1.13.1.201703061524/tools/compiler/bin/../lib/gcc/arm-none-eabi/5.4.1/armv7e-m/fpu/crtn.o
 .bss           0x0000000000000000        0x0 /Users/huzaifaasif/.p2/pool/plugins/fr.ac6.mcu.externaltools.arm-none.macos64_1.13.1.201703061524/tools/compiler/bin/../lib/gcc/arm-none-eabi/5.4.1/armv7e-m/fpu/crtn.o

Memory Configuration

Name             Origin             Length             Attributes
RAM              0x0000000020000000 0x0000000000018000 xrw
FLASH            0x0000000008000000 0x0000000000080000 xr
*default*        0x0000000000000000 0xffffffffffffffff

Linker script and memory map

LOAD /Users/huzaifaasif/.p2/pool/plugins/fr.ac6.mcu.externaltools.arm-none.macos64_1.13.1.201703061524/tools/compiler/bin/../lib/gcc/arm-none-eabi/5.4.1/armv7e-m/fpu/crti.o
LOAD /Users/huzaifaasif/.p2/pool/plugins/fr.ac6.mcu.externaltools.arm-none.macos64_1.13.1.201703061524/tools/compiler/bin/../lib/gcc/arm-none-eabi/5.4.1/armv7e-m/fpu/crtbegin.o
LOAD /Users/huzaifaasif/.p2/pool/plugins/fr.ac6.mcu.externaltools.arm-none.macos64_1.13.1.201703061524/tools/compiler/bin/../lib/gcc/arm-none-eabi/5.4.1/../../../../arm-none-eabi/lib/armv7e-m/fpu/crt0.o
LOAD /Users/huzaifaasif/.p2/pool/plugins/fr.ac6.mcu.externaltools.arm-none.macos64_1.13.1.201703061524/tools/compiler/bin/../lib/gcc/arm-none-eabi/5.4.1/../../../../arm-none-eabi/lib/armv7e-m/fpu/libm.a
LOAD Drivers/STM32F4xx_HAL_Driver/Src/stm32f401xx_gpio_driver.o
LOAD Src/led.o
LOAD Src/main.o
LOAD Src/system_stm32f4xx.o
LOAD startup/startup_stm32f401xe.o
START GROUP
LOAD /Users/huzaifaasif/.p2/pool/plugins/fr.ac6.mcu.externaltools.arm-none.macos64_1.13.1.201703061524/tools/compiler/bin/../lib/gcc/arm-none-eabi/5.4.1/armv7e-m/fpu/libgcc.a
LOAD /Users/huzaifaasif/.p2/pool/plugins/fr.ac6.mcu.externaltools.arm-none.macos64_1.13.1.201703061524/tools/compiler/bin/../lib/gcc/arm-none-eabi/5.4.1/../../../../arm-none-eabi/lib/armv7e-m/fpu/libc_nano.a
END GROUP
START GROUP
LOAD /Users/huzaifaasif/.p2/pool/plugins/fr.ac6.mcu.externaltools.arm-none.macos64_1.13.1.201703061524/tools/compiler/bin/../lib/gcc/arm-none-eabi/5.4.1/armv7e-m/fpu/libgcc.a
LOAD /Users/huzaifaasif/.p2/pool/plugins/fr.ac6.mcu.externaltools.arm-none.macos64_1.13.1.201703061524/tools/compiler/bin/../lib/gcc/arm-none-eabi/5.4.1/../../../../arm-none-eabi/lib/armv7e-m/fpu/libc_nano.a
LOAD /Users/huzaifaasif/.p2/pool/plugins/fr.ac6.mcu.externaltools.arm-none.macos64_1.13.1.201703061524/tools/compiler/bin/../lib/gcc/arm-none-eabi/5.4.1/../../../../arm-none-eabi/lib/armv7e-m/fpu/libnosys.a
END GROUP
START GROUP
LOAD /Users/huzaifaasif/.p2/pool/plugins/fr.ac6.mcu.externaltools.arm-none.macos64_1.13.1.201703061524/tools/compiler/bin/../lib/gcc/arm-none-eabi/5.4.1/armv7e-m/fpu/libgcc.a
LOAD /Users/huzaifaasif/.p2/pool/plugins/fr.ac6.mcu.externaltools.arm-none.macos64_1.13.1.201703061524/tools/compiler/bin/../lib/gcc/arm-none-eabi/5.4.1/../../../../arm-none-eabi/lib/armv7e-m/fpu/libc_nano.a
LOAD /Users/huzaifaasif/.p2/pool/plugins/fr.ac6.mcu.externaltools.arm-none.macos64_1.13.1.201703061524/tools/compiler/bin/../lib/gcc/arm-none-eabi/5.4.1/../../../../arm-none-eabi/lib/armv7e-m/fpu/libnosys.a
END GROUP
LOAD /Users/huzaifaasif/.p2/pool/plugins/fr.ac6.mcu.externaltools.arm-none.macos64_1.13.1.201703061524/tools/compiler/bin/../lib/gcc/arm-none-eabi/5.4.1/armv7e-m/fpu/crtend.o
LOAD /Users/huzaifaasif/.p2/pool/plugins/fr.ac6.mcu.externaltools.arm-none.macos64_1.13.1.201703061524/tools/compiler/bin/../lib/gcc/arm-none-eabi/5.4.1/armv7e-m/fpu/crtn.o
                0x0000000020018000                _estack = 0x20018000
                0x0000000000000200                _Min_Heap_Size = 0x200
                0x0000000000000400                _Min_Stack_Size = 0x400

.isr_vector     0x0000000008000000      0x194
                0x0000000008000000                . = ALIGN (0x4)
 *(.isr_vector)
 .isr_vector    0x0000000008000000      0x194 startup/startup_stm32f401xe.o
                0x0000000008000000                g_pfnVectors
                0x0000000008000194                . = ALIGN (0x4)

.text           0x0000000008000194      0x250
                0x0000000008000194                . = ALIGN (0x4)
 *(.text)
 .text          0x0000000008000194       0x5c /Users/huzaifaasif/.p2/pool/plugins/fr.ac6.mcu.externaltools.arm-none.macos64_1.13.1.201703061524/tools/compiler/bin/../lib/gcc/arm-none-eabi/5.4.1/armv7e-m/fpu/crtbegin.o
 *(.text*)
 .text.hal_gpio_configure_pin_mode
                0x00000000080001f0        0xc Drivers/STM32F4xx_HAL_Driver/Src/stm32f401xx_gpio_driver.o
                0x00000000080001f0                hal_gpio_configure_pin_mode
 .text.hal_gpio_configure_output_mode
                0x00000000080001fc        0xc Drivers/STM32F4xx_HAL_Driver/Src/stm32f401xx_gpio_driver.o
                0x00000000080001fc                hal_gpio_configure_output_mode
 .text.hal_gpio_configure_output_speed
                0x0000000008000208        0xc Drivers/STM32F4xx_HAL_Driver/Src/stm32f401xx_gpio_driver.o
                0x0000000008000208                hal_gpio_configure_output_speed
 .text.hal_gpio_configure_pupd
                0x0000000008000214        0xc Drivers/STM32F4xx_HAL_Driver/Src/stm32f401xx_gpio_driver.o
                0x0000000008000214                hal_gpio_configure_pupd
 .text.hal_gpio_init
                0x0000000008000220       0x30 Drivers/STM32F4xx_HAL_Driver/Src/stm32f401xx_gpio_driver.o
                0x0000000008000220                hal_gpio_init
 .text.hal_gpio_writepin
                0x0000000008000250       0x20 Drivers/STM32F4xx_HAL_Driver/Src/stm32f401xx_gpio_driver.o
                0x0000000008000250                hal_gpio_writepin
 .text.led_init
                0x0000000008000270       0x38 Src/led.o
                0x0000000008000270                led_init
 .text.led_turn_on
                0x00000000080002a8        0xc Src/led.o
                0x00000000080002a8                led_turn_on
 .text.led_turn_off
                0x00000000080002b4        0xc Src/led.o
                0x00000000080002b4                led_turn_off
 .text.main     0x00000000080002c0       0x20 Src/main.o
                0x00000000080002c0                main
 .text.SystemInit
                0x00000000080002e0       0x4c Src/system_stm32f4xx.o
                0x00000000080002e0                SystemInit
 .text.Reset_Handler
                0x000000000800032c       0x50 startup/startup_stm32f401xe.o
                0x000000000800032c                Reset_Handler
 .text.Default_Handler
                0x000000000800037c        0x2 startup/startup_stm32f401xe.o
                0x000000000800037c                DMA1_Stream3_IRQHandler
                0x000000000800037c                EXTI2_IRQHandler
                0x000000000800037c                DebugMon_Handler
                0x000000000800037c                SPI4_IRQHandler
                0x000000000800037c                TIM1_CC_IRQHandler
                0x000000000800037c                DMA2_Stream5_IRQHandler
                0x000000000800037c                HardFault_Handler
                0x000000000800037c                DMA1_Stream5_IRQHandler
                0x000000000800037c                SysTick_Handler
                0x000000000800037c                PVD_IRQHandler
                0x000000000800037c                SDIO_IRQHandler
                0x000000000800037c                TAMP_STAMP_IRQHandler
                0x000000000800037c                PendSV_Handler
                0x000000000800037c                NMI_Handler
                0x000000000800037c                EXTI3_IRQHandler
                0x000000000800037c                TIM1_UP_TIM10_IRQHandler
                0x000000000800037c                I2C3_ER_IRQHandler
                0x000000000800037c                EXTI0_IRQHandler
                0x000000000800037c                I2C2_EV_IRQHandler
                0x000000000800037c                DMA1_Stream2_IRQHandler
                0x000000000800037c                FPU_IRQHandler
                0x000000000800037c                UsageFault_Handler
                0x000000000800037c                DMA2_Stream2_IRQHandler
                0x000000000800037c                SPI1_IRQHandler
                0x000000000800037c                TIM1_BRK_TIM9_IRQHandler
                0x000000000800037c                DMA2_Stream3_IRQHandler
                0x000000000800037c                USART6_IRQHandler
                0x000000000800037c                DMA2_Stream0_IRQHandler
                0x000000000800037c                TIM4_IRQHandler
                0x000000000800037c                I2C1_EV_IRQHandler
                0x000000000800037c                DMA1_Stream6_IRQHandler
                0x000000000800037c                DMA1_Stream1_IRQHandler
                0x000000000800037c                TIM3_IRQHandler
                0x000000000800037c                RCC_IRQHandler
                0x000000000800037c                Default_Handler
                0x000000000800037c                EXTI15_10_IRQHandler
                0x000000000800037c                ADC_IRQHandler
                0x000000000800037c                DMA1_Stream7_IRQHandler
                0x000000000800037c                TIM5_IRQHandler
                0x000000000800037c                DMA2_Stream7_IRQHandler
                0x000000000800037c                I2C3_EV_IRQHandler
                0x000000000800037c                EXTI9_5_IRQHandler
                0x000000000800037c                RTC_WKUP_IRQHandler
                0x000000000800037c                SPI2_IRQHandler
                0x000000000800037c                MemManage_Handler
                0x000000000800037c                DMA1_Stream0_IRQHandler
                0x000000000800037c                SVC_Handler
                0x000000000800037c                EXTI4_IRQHandler
                0x000000000800037c                WWDG_IRQHandler
                0x000000000800037c                TIM2_IRQHandler
                0x000000000800037c                OTG_FS_WKUP_IRQHandler
                0x000000000800037c                TIM1_TRG_COM_TIM11_IRQHandler
                0x000000000800037c                EXTI1_IRQHandler
                0x000000000800037c                USART2_IRQHandler
                0x000000000800037c                I2C2_ER_IRQHandler
                0x000000000800037c                DMA2_Stream1_IRQHandler
                0x000000000800037c                FLASH_IRQHandler
                0x000000000800037c                DMA2_Stream4_IRQHandler
                0x000000000800037c                BusFault_Handler
                0x000000000800037c                USART1_IRQHandler
                0x000000000800037c                OTG_FS_IRQHandler
                0x000000000800037c                SPI3_IRQHandler
                0x000000000800037c                DMA1_Stream4_IRQHandler
                0x000000000800037c                I2C1_ER_IRQHandler
                0x000000000800037c                DMA2_Stream6_IRQHandler
                0x000000000800037c                RTC_Alarm_IRQHandler
 *fill*         0x000000000800037e        0x2 
 .text.__libc_init_array
                0x0000000008000380       0x4c /Users/huzaifaasif/.p2/pool/plugins/fr.ac6.mcu.externaltools.arm-none.macos64_1.13.1.201703061524/tools/compiler/bin/../lib/gcc/arm-none-eabi/5.4.1/../../../../arm-none-eabi/lib/armv7e-m/fpu/libc_nano.a(lib_a-init.o)
                0x0000000008000380                __libc_init_array
 *(.glue_7)
 .glue_7        0x00000000080003cc        0x0 linker stubs
 *(.glue_7t)
 .glue_7t       0x00000000080003cc        0x0 linker stubs
 *(.eh_frame)
 .eh_frame      0x00000000080003cc        0x0 /Users/huzaifaasif/.p2/pool/plugins/fr.ac6.mcu.externaltools.arm-none.macos64_1.13.1.201703061524/tools/compiler/bin/../lib/gcc/arm-none-eabi/5.4.1/armv7e-m/fpu/crtbegin.o
 *(.init)
 .init          0x00000000080003cc        0x4 /Users/huzaifaasif/.p2/pool/plugins/fr.ac6.mcu.externaltools.arm-none.macos64_1.13.1.201703061524/tools/compiler/bin/../lib/gcc/arm-none-eabi/5.4.1/armv7e-m/fpu/crti.o
                0x00000000080003cc                _init
 .init          0x00000000080003d0        0x8 /Users/huzaifaasif/.p2/pool/plugins/fr.ac6.mcu.externaltools.arm-none.macos64_1.13.1.201703061524/tools/compiler/bin/../lib/gcc/arm-none-eabi/5.4.1/armv7e-m/fpu/crtn.o
 *(.fini)
 .fini          0x00000000080003d8        0x4 /Users/huzaifaasif/.p2/pool/plugins/fr.ac6.mcu.externaltools.arm-none.macos64_1.13.1.201703061524/tools/compiler/bin/../lib/gcc/arm-none-eabi/5.4.1/armv7e-m/fpu/crti.o
                0x00000000080003d8                _fini
 .fini          0x00000000080003dc        0x8 /Users/huzaifaasif/.p2/pool/plugins/fr.ac6.mcu.externaltools.arm-none.macos64_1.13.1.201703061524/tools/compiler/bin/../lib/gcc/arm-none-eabi/5.4.1/armv7e-m/fpu/crtn.o
                0x00000000080003e4                . = ALIGN (0x4)
                0x00000000080003e4                _etext = .

.vfp11_veneer   0x00000000080003e4        0x0
 .vfp11_veneer  0x00000000080003e4        0x0 linker stubs

.v4_bx          0x00000000080003e4        0x0
 .v4_bx         0x00000000080003e4        0x0 linker stubs

.iplt           0x00000000080003e4        0x0
 .iplt          0x00000000080003e4        0x0 /Users/huzaifaasif/.p2/pool/plugins/fr.ac6.mcu.externaltools.arm-none.macos64_1.13.1.201703061524/tools/compiler/bin/../lib/gcc/arm-none-eabi/5.4.1/armv7e-m/fpu/crtbegin.o

.rel.dyn        0x00000000080003e4        0x0
 .rel.iplt      0x00000000080003e4        0x0 /Users/huzaifaasif/.p2/pool/plugins/fr.ac6.mcu.externaltools.arm-none.macos64_1.13.1.201703061524/tools/compiler/bin/../lib/gcc/arm-none-eabi/5.4.1/armv7e-m/fpu/crtbegin.o

.rodata         0x00000000080003e4        0x0
                0x00000000080003e4                . = ALIGN (0x4)
 *(.rodata)
 *(.rodata*)
                0x00000000080003e4                . = ALIGN (0x4)

.ARM.extab
 *(.ARM.extab* .gnu.linkonce.armextab.*)

.ARM            0x00000000080003e4        0x0
                0x00000000080003e4                __exidx_start = .
 *(.ARM.exidx*)
                0x00000000080003e4                __exidx_end = .

.preinit_array  0x00000000080003e4        0x0
                0x00000000080003e4                PROVIDE (__preinit_array_start, .)
 *(.preinit_array*)
                0x00000000080003e4                PROVIDE (__preinit_array_end, .)

.init_array     0x00000000080003e4        0x4
                0x00000000080003e4                PROVIDE (__init_array_start, .)
 *(SORT(.init_array.*))
 *(.init_array*)
 .init_array    0x00000000080003e4        0x4 /Users/huzaifaasif/.p2/pool/plugins/fr.ac6.mcu.externaltools.arm-none.macos64_1.13.1.201703061524/tools/compiler/bin/../lib/gcc/arm-none-eabi/5.4.1/armv7e-m/fpu/crtbegin.o
                0x00000000080003e8                PROVIDE (__init_array_end, .)

.fini_array     0x00000000080003e8        0x4
                [!provide]                        PROVIDE (__fini_array_start, .)
 *(SORT(.fini_array.*))
 *(.fini_array*)
 .fini_array    0x00000000080003e8        0x4 /Users/huzaifaasif/.p2/pool/plugins/fr.ac6.mcu.externaltools.arm-none.macos64_1.13.1.201703061524/tools/compiler/bin/../lib/gcc/arm-none-eabi/5.4.1/armv7e-m/fpu/crtbegin.o
                [!provide]                        PROVIDE (__fini_array_end, .)
                0x00000000080003ec                _sidata = LOADADDR (.data)

.data           0x0000000020000000        0x0 load address 0x00000000080003ec
                0x0000000020000000                . = ALIGN (0x4)
                0x0000000020000000                _sdata = .
 *(.data)
 *(.data*)
                0x0000000020000000                . = ALIGN (0x4)
                0x0000000020000000                _edata = .

.jcr            0x0000000020000000        0x0 load address 0x00000000080003ec
 .jcr           0x0000000020000000        0x0 /Users/huzaifaasif/.p2/pool/plugins/fr.ac6.mcu.externaltools.arm-none.macos64_1.13.1.201703061524/tools/compiler/bin/../lib/gcc/arm-none-eabi/5.4.1/armv7e-m/fpu/crtbegin.o

.igot.plt       0x0000000020000000        0x0 load address 0x00000000080003ec
 .igot.plt      0x0000000020000000        0x0 /Users/huzaifaasif/.p2/pool/plugins/fr.ac6.mcu.externaltools.arm-none.macos64_1.13.1.201703061524/tools/compiler/bin/../lib/gcc/arm-none-eabi/5.4.1/armv7e-m/fpu/crtbegin.o
                0x0000000020000000                . = ALIGN (0x4)

.bss            0x0000000020000000       0x1c load address 0x00000000080003ec
                0x0000000020000000                _sbss = .
                0x0000000020000000                __bss_start__ = _sbss
 *(.bss)
 .bss           0x0000000020000000       0x1c /Users/huzaifaasif/.p2/pool/plugins/fr.ac6.mcu.externaltools.arm-none.macos64_1.13.1.201703061524/tools/compiler/bin/../lib/gcc/arm-none-eabi/5.4.1/armv7e-m/fpu/crtbegin.o
 *(.bss*)
 *(COMMON)
                0x000000002000001c                . = ALIGN (0x4)
                0x000000002000001c                _ebss = .
                0x000000002000001c                __bss_end__ = _ebss

._user_heap_stack
                0x000000002000001c      0x604 load address 0x00000000080003ec
                0x0000000020000020                . = ALIGN (0x8)
 *fill*         0x000000002000001c        0x4 
                [!provide]                        PROVIDE (end, .)
                [!provide]                        PROVIDE (_end, .)
                0x0000000020000220                . = (. + _Min_Heap_Size)
 *fill*         0x0000000020000020      0x200 
                0x0000000020000620                . = (. + _Min_Stack_Size)
 *fill*         0x0000000020000220      0x400 
                0x0000000020000620                . = ALIGN (0x8)

/DISCARD/
 libc.a(*)
 libm.a(*)
 libgcc.a(*)

.ARM.attributes
                0x0000000000000000       0x30
 *(.ARM.attributes)
 .ARM.attributes
                0x0000000000000000       0x22 /Users/huzaifaasif/.p2/pool/plugins/fr.ac6.mcu.externaltools.arm-none.macos64_1.13.1.201703061524/tools/compiler/bin/../lib/gcc/arm-none-eabi/5.4.1/armv7e-m/fpu/crti.o
 .ARM.attributes
                0x0000000000000022       0x34 /Users/huzaifaasif/.p2/pool/plugins/fr.ac6.mcu.externaltools.arm-none.macos64_1.13.1.201703061524/tools/compiler/bin/../lib/gcc/arm-none-eabi/5.4.1/armv7e-m/fpu/crtbegin.o
 .ARM.attributes
                0x0000000000000056       0x39 Drivers/STM32F4xx_HAL_Driver/Src/stm32f401xx_gpio_driver.o
 .ARM.attributes
                0x000000000000008f       0x39 Src/led.o
 .ARM.attributes
                0x00000000000000c8       0x39 Src/main.o
 .ARM.attributes
                0x0000000000000101       0x39 Src/system_stm32f4xx.o
 .ARM.attributes
                0x000000000000013a       0x21 startup/startup_stm32f401xe.o
 .ARM.attributes
                0x000000000000015b       0x34 /Users/huzaifaasif/.p2/pool/plugins/fr.ac6.mcu.externaltools.arm-none.macos64_1.13.1.201703061524/tools/compiler/bin/../lib/gcc/arm-none-eabi/5.4.1/../../../../arm-none-eabi/lib/armv7e-m/fpu/libc_nano.a(lib_a-init.o)
 .ARM.attributes
                0x000000000000018f       0x22 /Users/huzaifaasif/.p2/pool/plugins/fr.ac6.mcu.externaltools.arm-none.macos64_1.13.1.201703061524/tools/compiler/bin/../lib/gcc/arm-none-eabi/5.4.1/armv7e-m/fpu/crtn.o
OUTPUT(DriverDev.elf elf32-littlearm)

.debug_info     0x0000000000000000     0x10b3
 .debug_info    0x0000000000000000      0x4a1 Drivers/STM32F4xx_HAL_Driver/Src/stm32f401xx_gpio_driver.o
 .debug_info    0x00000000000004a1      0x48d Src/led.o
 .debug_info    0x000000000000092e      0x1cb Src/main.o
 .debug_info    0x0000000000000af9      0x51c Src/system_stm32f4xx.o
 .debug_info    0x0000000000001015       0x9e startup/startup_stm32f401xe.o

.debug_abbrev   0x0000000000000000      0x4da
 .debug_abbrev  0x0000000000000000      0x175 Drivers/STM32F4xx_HAL_Driver/Src/stm32f401xx_gpio_driver.o
 .debug_abbrev  0x0000000000000175      0x157 Src/led.o
 .debug_abbrev  0x00000000000002cc       0xf8 Src/main.o
 .debug_abbrev  0x00000000000003c4      0x104 Src/system_stm32f4xx.o
 .debug_abbrev  0x00000000000004c8       0x12 startup/startup_stm32f401xe.o

.debug_loc      0x0000000000000000      0x3bf
 .debug_loc     0x0000000000000000      0x209 Drivers/STM32F4xx_HAL_Driver/Src/stm32f401xx_gpio_driver.o
 .debug_loc     0x0000000000000209       0x84 Src/led.o
 .debug_loc     0x000000000000028d      0x132 Src/system_stm32f4xx.o

.debug_aranges  0x0000000000000000      0x108
 .debug_aranges
                0x0000000000000000       0x68 Drivers/STM32F4xx_HAL_Driver/Src/stm32f401xx_gpio_driver.o
 .debug_aranges
                0x0000000000000068       0x30 Src/led.o
 .debug_aranges
                0x0000000000000098       0x20 Src/main.o
 .debug_aranges
                0x00000000000000b8       0x28 Src/system_stm32f4xx.o
 .debug_aranges
                0x00000000000000e0       0x28 startup/startup_stm32f401xe.o

.debug_ranges   0x0000000000000000       0xc0
 .debug_ranges  0x0000000000000000       0x58 Drivers/STM32F4xx_HAL_Driver/Src/stm32f401xx_gpio_driver.o
 .debug_ranges  0x0000000000000058       0x20 Src/led.o
 .debug_ranges  0x0000000000000078       0x10 Src/main.o
 .debug_ranges  0x0000000000000088       0x18 Src/system_stm32f4xx.o
 .debug_ranges  0x00000000000000a0       0x20 startup/startup_stm32f401xe.o

.debug_macro    0x0000000000000000     0xd729
 .debug_macro   0x0000000000000000       0xc4 Drivers/STM32F4xx_HAL_Driver/Src/stm32f401xx_gpio_driver.o
 .debug_macro   0x00000000000000c4      0x892 Drivers/STM32F4xx_HAL_Driver/Src/stm32f401xx_gpio_driver.o
 .debug_macro   0x0000000000000956       0x28 Drivers/STM32F4xx_HAL_Driver/Src/stm32f401xx_gpio_driver.o
 .debug_macro   0x000000000000097e       0x22 Drivers/STM32F4xx_HAL_Driver/Src/stm32f401xx_gpio_driver.o
 .debug_macro   0x00000000000009a0       0x87 Drivers/STM32F4xx_HAL_Driver/Src/stm32f401xx_gpio_driver.o
 .debug_macro   0x0000000000000a27       0x44 Drivers/STM32F4xx_HAL_Driver/Src/stm32f401xx_gpio_driver.o
 .debug_macro   0x0000000000000a6b       0xfd Drivers/STM32F4xx_HAL_Driver/Src/stm32f401xx_gpio_driver.o
 .debug_macro   0x0000000000000b68       0x5e Drivers/STM32F4xx_HAL_Driver/Src/stm32f401xx_gpio_driver.o
 .debug_macro   0x0000000000000bc6      0x1df Drivers/STM32F4xx_HAL_Driver/Src/stm32f401xx_gpio_driver.o
 .debug_macro   0x0000000000000da5       0x35 Drivers/STM32F4xx_HAL_Driver/Src/stm32f401xx_gpio_driver.o
 .debug_macro   0x0000000000000dda       0x50 Drivers/STM32F4xx_HAL_Driver/Src/stm32f401xx_gpio_driver.o
 .debug_macro   0x0000000000000e2a      0xe66 Drivers/STM32F4xx_HAL_Driver/Src/stm32f401xx_gpio_driver.o
 .debug_macro   0x0000000000001c90     0xb71c Drivers/STM32F4xx_HAL_Driver/Src/stm32f401xx_gpio_driver.o
 .debug_macro   0x000000000000d3ac       0x76 Drivers/STM32F4xx_HAL_Driver/Src/stm32f401xx_gpio_driver.o
 .debug_macro   0x000000000000d422       0xd3 Src/led.o
 .debug_macro   0x000000000000d4f5       0x10 Src/led.o
 .debug_macro   0x000000000000d505       0xd3 Src/main.o
 .debug_macro   0x000000000000d5d8       0xdc Src/system_stm32f4xx.o
 .debug_macro   0x000000000000d6b4       0x32 Src/system_stm32f4xx.o
 .debug_macro   0x000000000000d6e6       0x43 Src/system_stm32f4xx.o

.debug_line     0x0000000000000000     0x1514
 .debug_line    0x0000000000000000      0x593 Drivers/STM32F4xx_HAL_Driver/Src/stm32f401xx_gpio_driver.o
 .debug_line    0x0000000000000593      0x552 Src/led.o
 .debug_line    0x0000000000000ae5      0x52f Src/main.o
 .debug_line    0x0000000000001014      0x481 Src/system_stm32f4xx.o
 .debug_line    0x0000000000001495       0x7f startup/startup_stm32f401xe.o

.debug_str      0x0000000000000000    0x4c04c
 .debug_str     0x0000000000000000    0x4baaf Drivers/STM32F4xx_HAL_Driver/Src/stm32f401xx_gpio_driver.o
                                      0x4bc45 (size before relaxing)
 .debug_str     0x000000000004baaf      0x169 Src/led.o
                                      0x4bc73 (size before relaxing)
 .debug_str     0x000000000004bc18       0x13 Src/main.o
                                      0x4baf5 (size before relaxing)
 .debug_str     0x000000000004bc2b      0x421 Src/system_stm32f4xx.o
                                      0x4bc6a (size before relaxing)

.comment        0x0000000000000000       0x6e
 .comment       0x0000000000000000       0x6e Drivers/STM32F4xx_HAL_Driver/Src/stm32f401xx_gpio_driver.o
                                         0x6f (size before relaxing)
 .comment       0x000000000000006e       0x6f Src/led.o
 .comment       0x000000000000006e       0x6f Src/main.o
 .comment       0x000000000000006e       0x6f Src/system_stm32f4xx.o

.debug_frame    0x0000000000000000      0x19c
 .debug_frame   0x0000000000000000       0xbc Drivers/STM32F4xx_HAL_Driver/Src/stm32f401xx_gpio_driver.o
 .debug_frame   0x00000000000000bc       0x5c Src/led.o
 .debug_frame   0x0000000000000118       0x28 Src/main.o
 .debug_frame   0x0000000000000140       0x30 Src/system_stm32f4xx.o
 .debug_frame   0x0000000000000170       0x2c /Users/huzaifaasif/.p2/pool/plugins/fr.ac6.mcu.externaltools.arm-none.macos64_1.13.1.201703061524/tools/compiler/bin/../lib/gcc/arm-none-eabi/5.4.1/../../../../arm-none-eabi/lib/armv7e-m/fpu/libc_nano.a(lib_a-init.o)
