Archive member included to satisfy reference by file (symbol)

/Users/huzaifaasif/.p2/pool/plugins/fr.ac6.mcu.externaltools.arm-none.macos64_1.13.1.201703061524/tools/compiler/bin/../lib/gcc/arm-none-eabi/5.4.1/../../../../arm-none-eabi/lib/armv7e-m/fpu/libc_nano.a(lib_a-exit.o)
                              /Users/huzaifaasif/.p2/pool/plugins/fr.ac6.mcu.externaltools.arm-none.macos64_1.13.1.201703061524/tools/compiler/bin/../lib/gcc/arm-none-eabi/5.4.1/../../../../arm-none-eabi/lib/armv7e-m/fpu/crt0.o (exit)
/Users/huzaifaasif/.p2/pool/plugins/fr.ac6.mcu.externaltools.arm-none.macos64_1.13.1.201703061524/tools/compiler/bin/../lib/gcc/arm-none-eabi/5.4.1/../../../../arm-none-eabi/lib/armv7e-m/fpu/libc_nano.a(lib_a-impure.o)
                              /Users/huzaifaasif/.p2/pool/plugins/fr.ac6.mcu.externaltools.arm-none.macos64_1.13.1.201703061524/tools/compiler/bin/../lib/gcc/arm-none-eabi/5.4.1/../../../../arm-none-eabi/lib/armv7e-m/fpu/libc_nano.a(lib_a-exit.o) (_global_impure_ptr)
/Users/huzaifaasif/.p2/pool/plugins/fr.ac6.mcu.externaltools.arm-none.macos64_1.13.1.201703061524/tools/compiler/bin/../lib/gcc/arm-none-eabi/5.4.1/../../../../arm-none-eabi/lib/armv7e-m/fpu/libc_nano.a(lib_a-init.o)
                              /Users/huzaifaasif/.p2/pool/plugins/fr.ac6.mcu.externaltools.arm-none.macos64_1.13.1.201703061524/tools/compiler/bin/../lib/gcc/arm-none-eabi/5.4.1/../../../../arm-none-eabi/lib/armv7e-m/fpu/crt0.o (__libc_init_array)
/Users/huzaifaasif/.p2/pool/plugins/fr.ac6.mcu.externaltools.arm-none.macos64_1.13.1.201703061524/tools/compiler/bin/../lib/gcc/arm-none-eabi/5.4.1/../../../../arm-none-eabi/lib/armv7e-m/fpu/libc_nano.a(lib_a-memset.o)
                              /Users/huzaifaasif/.p2/pool/plugins/fr.ac6.mcu.externaltools.arm-none.macos64_1.13.1.201703061524/tools/compiler/bin/../lib/gcc/arm-none-eabi/5.4.1/../../../../arm-none-eabi/lib/armv7e-m/fpu/crt0.o (memset)
/Users/huzaifaasif/.p2/pool/plugins/fr.ac6.mcu.externaltools.arm-none.macos64_1.13.1.201703061524/tools/compiler/bin/../lib/gcc/arm-none-eabi/5.4.1/../../../../arm-none-eabi/lib/armv7e-m/fpu/libnosys.a(_exit.o)
                              /Users/huzaifaasif/.p2/pool/plugins/fr.ac6.mcu.externaltools.arm-none.macos64_1.13.1.201703061524/tools/compiler/bin/../lib/gcc/arm-none-eabi/5.4.1/../../../../arm-none-eabi/lib/armv7e-m/fpu/libc_nano.a(lib_a-exit.o) (_exit)

Allocating common symbols
Common symbol       size              file

x                   0x1               Src/adx345.o
spiHandle           0x38              Src/spi_master.o
z                   0x1               Src/adx345.o
buffer              0x1               Src/adx345.o
y                   0x1               Src/adx345.o

Discarded input sections

 .text          0x0000000000000000        0x0 /Users/huzaifaasif/.p2/pool/plugins/fr.ac6.mcu.externaltools.arm-none.macos64_1.13.1.201703061524/tools/compiler/bin/../lib/gcc/arm-none-eabi/5.4.1/armv7e-m/fpu/crti.o
 .data          0x0000000000000000        0x0 /Users/huzaifaasif/.p2/pool/plugins/fr.ac6.mcu.externaltools.arm-none.macos64_1.13.1.201703061524/tools/compiler/bin/../lib/gcc/arm-none-eabi/5.4.1/armv7e-m/fpu/crti.o
 .bss           0x0000000000000000        0x0 /Users/huzaifaasif/.p2/pool/plugins/fr.ac6.mcu.externaltools.arm-none.macos64_1.13.1.201703061524/tools/compiler/bin/../lib/gcc/arm-none-eabi/5.4.1/armv7e-m/fpu/crti.o
 .data          0x0000000000000000        0x4 /Users/huzaifaasif/.p2/pool/plugins/fr.ac6.mcu.externaltools.arm-none.macos64_1.13.1.201703061524/tools/compiler/bin/../lib/gcc/arm-none-eabi/5.4.1/armv7e-m/fpu/crtbegin.o
 .text          0x0000000000000000       0x74 /Users/huzaifaasif/.p2/pool/plugins/fr.ac6.mcu.externaltools.arm-none.macos64_1.13.1.201703061524/tools/compiler/bin/../lib/gcc/arm-none-eabi/5.4.1/../../../../arm-none-eabi/lib/armv7e-m/fpu/crt0.o
 .data          0x0000000000000000        0x0 /Users/huzaifaasif/.p2/pool/plugins/fr.ac6.mcu.externaltools.arm-none.macos64_1.13.1.201703061524/tools/compiler/bin/../lib/gcc/arm-none-eabi/5.4.1/../../../../arm-none-eabi/lib/armv7e-m/fpu/crt0.o
 .bss           0x0000000000000000        0x0 /Users/huzaifaasif/.p2/pool/plugins/fr.ac6.mcu.externaltools.arm-none.macos64_1.13.1.201703061524/tools/compiler/bin/../lib/gcc/arm-none-eabi/5.4.1/../../../../arm-none-eabi/lib/armv7e-m/fpu/crt0.o
 .ARM.extab     0x0000000000000000        0x0 /Users/huzaifaasif/.p2/pool/plugins/fr.ac6.mcu.externaltools.arm-none.macos64_1.13.1.201703061524/tools/compiler/bin/../lib/gcc/arm-none-eabi/5.4.1/../../../../arm-none-eabi/lib/armv7e-m/fpu/crt0.o
 .ARM.exidx     0x0000000000000000        0x8 /Users/huzaifaasif/.p2/pool/plugins/fr.ac6.mcu.externaltools.arm-none.macos64_1.13.1.201703061524/tools/compiler/bin/../lib/gcc/arm-none-eabi/5.4.1/../../../../arm-none-eabi/lib/armv7e-m/fpu/crt0.o
 .ARM.attributes
                0x0000000000000000       0x20 /Users/huzaifaasif/.p2/pool/plugins/fr.ac6.mcu.externaltools.arm-none.macos64_1.13.1.201703061524/tools/compiler/bin/../lib/gcc/arm-none-eabi/5.4.1/../../../../arm-none-eabi/lib/armv7e-m/fpu/crt0.o
 .group         0x0000000000000000        0x8 Drivers/STM32F4xx_HAL_Driver/Src/hal_spi_driver.o
 .group         0x0000000000000000        0x8 Drivers/STM32F4xx_HAL_Driver/Src/hal_spi_driver.o
 .group         0x0000000000000000        0x8 Drivers/STM32F4xx_HAL_Driver/Src/hal_spi_driver.o
 .group         0x0000000000000000        0x8 Drivers/STM32F4xx_HAL_Driver/Src/hal_spi_driver.o
 .group         0x0000000000000000        0x8 Drivers/STM32F4xx_HAL_Driver/Src/hal_spi_driver.o
 .group         0x0000000000000000        0x8 Drivers/STM32F4xx_HAL_Driver/Src/hal_spi_driver.o
 .group         0x0000000000000000        0x8 Drivers/STM32F4xx_HAL_Driver/Src/hal_spi_driver.o
 .group         0x0000000000000000        0x8 Drivers/STM32F4xx_HAL_Driver/Src/hal_spi_driver.o
 .group         0x0000000000000000        0x8 Drivers/STM32F4xx_HAL_Driver/Src/hal_spi_driver.o
 .group         0x0000000000000000        0x8 Drivers/STM32F4xx_HAL_Driver/Src/hal_spi_driver.o
 .group         0x0000000000000000        0x8 Drivers/STM32F4xx_HAL_Driver/Src/hal_spi_driver.o
 .group         0x0000000000000000        0x8 Drivers/STM32F4xx_HAL_Driver/Src/hal_spi_driver.o
 .group         0x0000000000000000        0x8 Drivers/STM32F4xx_HAL_Driver/Src/hal_spi_driver.o
 .text          0x0000000000000000        0x0 Drivers/STM32F4xx_HAL_Driver/Src/hal_spi_driver.o
 .data          0x0000000000000000        0x0 Drivers/STM32F4xx_HAL_Driver/Src/hal_spi_driver.o
 .bss           0x0000000000000000        0x0 Drivers/STM32F4xx_HAL_Driver/Src/hal_spi_driver.o
 .text.hal_spi_disable
                0x0000000000000000        0xc Drivers/STM32F4xx_HAL_Driver/Src/hal_spi_driver.o
 .text.hal_spi_enable_txe_interrupt
                0x0000000000000000        0xc Drivers/STM32F4xx_HAL_Driver/Src/hal_spi_driver.o
 .text.hal_spi_enable_rxne_interrupt
                0x0000000000000000        0xc Drivers/STM32F4xx_HAL_Driver/Src/hal_spi_driver.o
 .text.begin_spi
                0x0000000000000000       0x24 Drivers/STM32F4xx_HAL_Driver/Src/hal_spi_driver.o
 .text.SPItransfer
                0x0000000000000000       0x24 Drivers/STM32F4xx_HAL_Driver/Src/hal_spi_driver.o
 .text.interrupts_SPI_transfer
                0x0000000000000000       0x2c Drivers/STM32F4xx_HAL_Driver/Src/hal_spi_driver.o
 .text.hal_spi_master_tx
                0x0000000000000000       0x20 Drivers/STM32F4xx_HAL_Driver/Src/hal_spi_driver.o
 .text.hal_spi_master_rx
                0x0000000000000000       0x30 Drivers/STM32F4xx_HAL_Driver/Src/hal_spi_driver.o
 .text.hal_spi_slave_tx
                0x0000000000000000       0x2c Drivers/STM32F4xx_HAL_Driver/Src/hal_spi_driver.o
 .text.hal_spi_slave_rx
                0x0000000000000000       0x20 Drivers/STM32F4xx_HAL_Driver/Src/hal_spi_driver.o
 .group         0x0000000000000000        0x8 Drivers/STM32F4xx_HAL_Driver/Src/led.o
 .group         0x0000000000000000        0x8 Drivers/STM32F4xx_HAL_Driver/Src/led.o
 .group         0x0000000000000000        0x8 Drivers/STM32F4xx_HAL_Driver/Src/led.o
 .group         0x0000000000000000        0x8 Drivers/STM32F4xx_HAL_Driver/Src/led.o
 .group         0x0000000000000000        0x8 Drivers/STM32F4xx_HAL_Driver/Src/led.o
 .group         0x0000000000000000        0x8 Drivers/STM32F4xx_HAL_Driver/Src/led.o
 .group         0x0000000000000000        0x8 Drivers/STM32F4xx_HAL_Driver/Src/led.o
 .group         0x0000000000000000        0x8 Drivers/STM32F4xx_HAL_Driver/Src/led.o
 .group         0x0000000000000000        0x8 Drivers/STM32F4xx_HAL_Driver/Src/led.o
 .group         0x0000000000000000        0x8 Drivers/STM32F4xx_HAL_Driver/Src/led.o
 .group         0x0000000000000000        0x8 Drivers/STM32F4xx_HAL_Driver/Src/led.o
 .group         0x0000000000000000        0x8 Drivers/STM32F4xx_HAL_Driver/Src/led.o
 .group         0x0000000000000000        0x8 Drivers/STM32F4xx_HAL_Driver/Src/led.o
 .group         0x0000000000000000        0x8 Drivers/STM32F4xx_HAL_Driver/Src/led.o
 .text          0x0000000000000000        0x0 Drivers/STM32F4xx_HAL_Driver/Src/led.o
 .data          0x0000000000000000        0x0 Drivers/STM32F4xx_HAL_Driver/Src/led.o
 .bss           0x0000000000000000        0x0 Drivers/STM32F4xx_HAL_Driver/Src/led.o
 .text.led_turn_on
                0x0000000000000000        0xc Drivers/STM32F4xx_HAL_Driver/Src/led.o
 .text.led_turn_off
                0x0000000000000000        0xc Drivers/STM32F4xx_HAL_Driver/Src/led.o
 .debug_macro   0x0000000000000000      0x892 Drivers/STM32F4xx_HAL_Driver/Src/led.o
 .debug_macro   0x0000000000000000       0x28 Drivers/STM32F4xx_HAL_Driver/Src/led.o
 .debug_macro   0x0000000000000000       0x22 Drivers/STM32F4xx_HAL_Driver/Src/led.o
 .debug_macro   0x0000000000000000       0x87 Drivers/STM32F4xx_HAL_Driver/Src/led.o
 .debug_macro   0x0000000000000000       0x44 Drivers/STM32F4xx_HAL_Driver/Src/led.o
 .debug_macro   0x0000000000000000       0xfd Drivers/STM32F4xx_HAL_Driver/Src/led.o
 .debug_macro   0x0000000000000000       0x5e Drivers/STM32F4xx_HAL_Driver/Src/led.o
 .debug_macro   0x0000000000000000      0x1df Drivers/STM32F4xx_HAL_Driver/Src/led.o
 .debug_macro   0x0000000000000000       0x35 Drivers/STM32F4xx_HAL_Driver/Src/led.o
 .debug_macro   0x0000000000000000       0x50 Drivers/STM32F4xx_HAL_Driver/Src/led.o
 .debug_macro   0x0000000000000000      0xe66 Drivers/STM32F4xx_HAL_Driver/Src/led.o
 .debug_macro   0x0000000000000000     0xb71c Drivers/STM32F4xx_HAL_Driver/Src/led.o
 .group         0x0000000000000000        0x8 Drivers/STM32F4xx_HAL_Driver/Src/stm32f4xx_gpio_driver.o
 .group         0x0000000000000000        0x8 Drivers/STM32F4xx_HAL_Driver/Src/stm32f4xx_gpio_driver.o
 .group         0x0000000000000000        0x8 Drivers/STM32F4xx_HAL_Driver/Src/stm32f4xx_gpio_driver.o
 .group         0x0000000000000000        0x8 Drivers/STM32F4xx_HAL_Driver/Src/stm32f4xx_gpio_driver.o
 .group         0x0000000000000000        0x8 Drivers/STM32F4xx_HAL_Driver/Src/stm32f4xx_gpio_driver.o
 .group         0x0000000000000000        0x8 Drivers/STM32F4xx_HAL_Driver/Src/stm32f4xx_gpio_driver.o
 .group         0x0000000000000000        0x8 Drivers/STM32F4xx_HAL_Driver/Src/stm32f4xx_gpio_driver.o
 .group         0x0000000000000000        0x8 Drivers/STM32F4xx_HAL_Driver/Src/stm32f4xx_gpio_driver.o
 .group         0x0000000000000000        0x8 Drivers/STM32F4xx_HAL_Driver/Src/stm32f4xx_gpio_driver.o
 .group         0x0000000000000000        0x8 Drivers/STM32F4xx_HAL_Driver/Src/stm32f4xx_gpio_driver.o
 .group         0x0000000000000000        0x8 Drivers/STM32F4xx_HAL_Driver/Src/stm32f4xx_gpio_driver.o
 .group         0x0000000000000000        0x8 Drivers/STM32F4xx_HAL_Driver/Src/stm32f4xx_gpio_driver.o
 .group         0x0000000000000000        0x8 Drivers/STM32F4xx_HAL_Driver/Src/stm32f4xx_gpio_driver.o
 .text          0x0000000000000000        0x0 Drivers/STM32F4xx_HAL_Driver/Src/stm32f4xx_gpio_driver.o
 .data          0x0000000000000000        0x0 Drivers/STM32F4xx_HAL_Driver/Src/stm32f4xx_gpio_driver.o
 .bss           0x0000000000000000        0x0 Drivers/STM32F4xx_HAL_Driver/Src/stm32f4xx_gpio_driver.o
 .debug_macro   0x0000000000000000      0x892 Drivers/STM32F4xx_HAL_Driver/Src/stm32f4xx_gpio_driver.o
 .debug_macro   0x0000000000000000       0x28 Drivers/STM32F4xx_HAL_Driver/Src/stm32f4xx_gpio_driver.o
 .debug_macro   0x0000000000000000       0x22 Drivers/STM32F4xx_HAL_Driver/Src/stm32f4xx_gpio_driver.o
 .debug_macro   0x0000000000000000       0x87 Drivers/STM32F4xx_HAL_Driver/Src/stm32f4xx_gpio_driver.o
 .debug_macro   0x0000000000000000       0x44 Drivers/STM32F4xx_HAL_Driver/Src/stm32f4xx_gpio_driver.o
 .debug_macro   0x0000000000000000       0xfd Drivers/STM32F4xx_HAL_Driver/Src/stm32f4xx_gpio_driver.o
 .debug_macro   0x0000000000000000       0x5e Drivers/STM32F4xx_HAL_Driver/Src/stm32f4xx_gpio_driver.o
 .debug_macro   0x0000000000000000      0x1df Drivers/STM32F4xx_HAL_Driver/Src/stm32f4xx_gpio_driver.o
 .debug_macro   0x0000000000000000       0x35 Drivers/STM32F4xx_HAL_Driver/Src/stm32f4xx_gpio_driver.o
 .debug_macro   0x0000000000000000       0x50 Drivers/STM32F4xx_HAL_Driver/Src/stm32f4xx_gpio_driver.o
 .debug_macro   0x0000000000000000      0xe66 Drivers/STM32F4xx_HAL_Driver/Src/stm32f4xx_gpio_driver.o
 .debug_macro   0x0000000000000000     0xb71c Drivers/STM32F4xx_HAL_Driver/Src/stm32f4xx_gpio_driver.o
 .debug_macro   0x0000000000000000       0x76 Drivers/STM32F4xx_HAL_Driver/Src/stm32f4xx_gpio_driver.o
 .group         0x0000000000000000        0x8 Src/adx345.o
 .group         0x0000000000000000        0x8 Src/adx345.o
 .group         0x0000000000000000        0x8 Src/adx345.o
 .group         0x0000000000000000        0x8 Src/adx345.o
 .group         0x0000000000000000        0x8 Src/adx345.o
 .group         0x0000000000000000        0x8 Src/adx345.o
 .group         0x0000000000000000        0x8 Src/adx345.o
 .group         0x0000000000000000        0x8 Src/adx345.o
 .group         0x0000000000000000        0x8 Src/adx345.o
 .group         0x0000000000000000        0x8 Src/adx345.o
 .group         0x0000000000000000        0x8 Src/adx345.o
 .group         0x0000000000000000        0x8 Src/adx345.o
 .group         0x0000000000000000        0x8 Src/adx345.o
 .group         0x0000000000000000        0x8 Src/adx345.o
 .group         0x0000000000000000        0x8 Src/adx345.o
 .group         0x0000000000000000        0x8 Src/adx345.o
 .text          0x0000000000000000        0x0 Src/adx345.o
 .data          0x0000000000000000        0x0 Src/adx345.o
 .bss           0x0000000000000000        0x0 Src/adx345.o
 .debug_macro   0x0000000000000000      0x892 Src/adx345.o
 .debug_macro   0x0000000000000000       0x28 Src/adx345.o
 .debug_macro   0x0000000000000000       0x22 Src/adx345.o
 .debug_macro   0x0000000000000000       0x87 Src/adx345.o
 .debug_macro   0x0000000000000000       0x44 Src/adx345.o
 .debug_macro   0x0000000000000000       0xfd Src/adx345.o
 .debug_macro   0x0000000000000000       0x5e Src/adx345.o
 .debug_macro   0x0000000000000000      0x1df Src/adx345.o
 .debug_macro   0x0000000000000000       0x35 Src/adx345.o
 .debug_macro   0x0000000000000000       0x50 Src/adx345.o
 .debug_macro   0x0000000000000000      0xe66 Src/adx345.o
 .debug_macro   0x0000000000000000     0xb71c Src/adx345.o
 .debug_macro   0x0000000000000000      0x142 Src/adx345.o
 .group         0x0000000000000000        0x8 Src/spi_master.o
 .group         0x0000000000000000        0x8 Src/spi_master.o
 .group         0x0000000000000000        0x8 Src/spi_master.o
 .group         0x0000000000000000        0x8 Src/spi_master.o
 .group         0x0000000000000000        0x8 Src/spi_master.o
 .group         0x0000000000000000        0x8 Src/spi_master.o
 .group         0x0000000000000000        0x8 Src/spi_master.o
 .group         0x0000000000000000        0x8 Src/spi_master.o
 .group         0x0000000000000000        0x8 Src/spi_master.o
 .group         0x0000000000000000        0x8 Src/spi_master.o
 .group         0x0000000000000000        0x8 Src/spi_master.o
 .group         0x0000000000000000        0x8 Src/spi_master.o
 .group         0x0000000000000000        0x8 Src/spi_master.o
 .group         0x0000000000000000        0x8 Src/spi_master.o
 .group         0x0000000000000000        0x8 Src/spi_master.o
 .group         0x0000000000000000        0x8 Src/spi_master.o
 .group         0x0000000000000000        0x8 Src/spi_master.o
 .group         0x0000000000000000        0x8 Src/spi_master.o
 .text          0x0000000000000000        0x0 Src/spi_master.o
 .data          0x0000000000000000        0x0 Src/spi_master.o
 .text.slave_config
                0x0000000000000000       0x38 Src/spi_master.o
 .debug_macro   0x0000000000000000      0x892 Src/spi_master.o
 .debug_macro   0x0000000000000000       0x28 Src/spi_master.o
 .debug_macro   0x0000000000000000       0x22 Src/spi_master.o
 .debug_macro   0x0000000000000000       0x87 Src/spi_master.o
 .debug_macro   0x0000000000000000       0x44 Src/spi_master.o
 .debug_macro   0x0000000000000000       0xfd Src/spi_master.o
 .debug_macro   0x0000000000000000       0x5e Src/spi_master.o
 .debug_macro   0x0000000000000000      0x1df Src/spi_master.o
 .debug_macro   0x0000000000000000       0x35 Src/spi_master.o
 .debug_macro   0x0000000000000000       0x50 Src/spi_master.o
 .debug_macro   0x0000000000000000      0xe66 Src/spi_master.o
 .debug_macro   0x0000000000000000     0xb71c Src/spi_master.o
 .debug_macro   0x0000000000000000      0x142 Src/spi_master.o
 .debug_macro   0x0000000000000000       0x7c Src/spi_master.o
 .debug_macro   0x0000000000000000       0x22 Src/spi_master.o
 .debug_macro   0x0000000000000000       0x7c Src/spi_master.o
 .debug_macro   0x0000000000000000       0x1c Src/spi_master.o
 .group         0x0000000000000000        0x8 Src/system_stm32f4xx.o
 .group         0x0000000000000000        0x8 Src/system_stm32f4xx.o
 .group         0x0000000000000000        0x8 Src/system_stm32f4xx.o
 .group         0x0000000000000000        0x8 Src/system_stm32f4xx.o
 .group         0x0000000000000000        0x8 Src/system_stm32f4xx.o
 .group         0x0000000000000000        0x8 Src/system_stm32f4xx.o
 .group         0x0000000000000000        0x8 Src/system_stm32f4xx.o
 .group         0x0000000000000000        0x8 Src/system_stm32f4xx.o
 .group         0x0000000000000000        0x8 Src/system_stm32f4xx.o
 .group         0x0000000000000000        0x8 Src/system_stm32f4xx.o
 .group         0x0000000000000000        0x8 Src/system_stm32f4xx.o
 .group         0x0000000000000000        0x8 Src/system_stm32f4xx.o
 .group         0x0000000000000000        0x8 Src/system_stm32f4xx.o
 .group         0x0000000000000000        0x8 Src/system_stm32f4xx.o
 .text          0x0000000000000000        0x0 Src/system_stm32f4xx.o
 .data          0x0000000000000000        0x4 Src/system_stm32f4xx.o
 .bss           0x0000000000000000        0x0 Src/system_stm32f4xx.o
 .text.SystemCoreClockUpdate
                0x0000000000000000       0xa0 Src/system_stm32f4xx.o
 .rodata        0x0000000000000000       0x18 Src/system_stm32f4xx.o
 .debug_macro   0x0000000000000000      0x892 Src/system_stm32f4xx.o
 .debug_macro   0x0000000000000000       0x28 Src/system_stm32f4xx.o
 .debug_macro   0x0000000000000000       0x22 Src/system_stm32f4xx.o
 .debug_macro   0x0000000000000000       0x87 Src/system_stm32f4xx.o
 .debug_macro   0x0000000000000000       0x44 Src/system_stm32f4xx.o
 .debug_macro   0x0000000000000000       0xfd Src/system_stm32f4xx.o
 .debug_macro   0x0000000000000000       0x5e Src/system_stm32f4xx.o
 .debug_macro   0x0000000000000000      0x1df Src/system_stm32f4xx.o
 .debug_macro   0x0000000000000000       0x35 Src/system_stm32f4xx.o
 .debug_macro   0x0000000000000000       0x50 Src/system_stm32f4xx.o
 .debug_macro   0x0000000000000000      0xe66 Src/system_stm32f4xx.o
 .debug_macro   0x0000000000000000     0xb71c Src/system_stm32f4xx.o
 .text          0x0000000000000000       0x14 startup/startup_stm32f401xe.o
 .data          0x0000000000000000        0x0 startup/startup_stm32f401xe.o
 .bss           0x0000000000000000        0x0 startup/startup_stm32f401xe.o
 .text          0x0000000000000000        0x0 /Users/huzaifaasif/.p2/pool/plugins/fr.ac6.mcu.externaltools.arm-none.macos64_1.13.1.201703061524/tools/compiler/bin/../lib/gcc/arm-none-eabi/5.4.1/../../../../arm-none-eabi/lib/armv7e-m/fpu/libc_nano.a(lib_a-exit.o)
 .data          0x0000000000000000        0x0 /Users/huzaifaasif/.p2/pool/plugins/fr.ac6.mcu.externaltools.arm-none.macos64_1.13.1.201703061524/tools/compiler/bin/../lib/gcc/arm-none-eabi/5.4.1/../../../../arm-none-eabi/lib/armv7e-m/fpu/libc_nano.a(lib_a-exit.o)
 .bss           0x0000000000000000        0x0 /Users/huzaifaasif/.p2/pool/plugins/fr.ac6.mcu.externaltools.arm-none.macos64_1.13.1.201703061524/tools/compiler/bin/../lib/gcc/arm-none-eabi/5.4.1/../../../../arm-none-eabi/lib/armv7e-m/fpu/libc_nano.a(lib_a-exit.o)
 .text.exit     0x0000000000000000       0x28 /Users/huzaifaasif/.p2/pool/plugins/fr.ac6.mcu.externaltools.arm-none.macos64_1.13.1.201703061524/tools/compiler/bin/../lib/gcc/arm-none-eabi/5.4.1/../../../../arm-none-eabi/lib/armv7e-m/fpu/libc_nano.a(lib_a-exit.o)
 .debug_frame   0x0000000000000000       0x28 /Users/huzaifaasif/.p2/pool/plugins/fr.ac6.mcu.externaltools.arm-none.macos64_1.13.1.201703061524/tools/compiler/bin/../lib/gcc/arm-none-eabi/5.4.1/../../../../arm-none-eabi/lib/armv7e-m/fpu/libc_nano.a(lib_a-exit.o)
 .ARM.attributes
                0x0000000000000000       0x34 /Users/huzaifaasif/.p2/pool/plugins/fr.ac6.mcu.externaltools.arm-none.macos64_1.13.1.201703061524/tools/compiler/bin/../lib/gcc/arm-none-eabi/5.4.1/../../../../arm-none-eabi/lib/armv7e-m/fpu/libc_nano.a(lib_a-exit.o)
 .text          0x0000000000000000        0x0 /Users/huzaifaasif/.p2/pool/plugins/fr.ac6.mcu.externaltools.arm-none.macos64_1.13.1.201703061524/tools/compiler/bin/../lib/gcc/arm-none-eabi/5.4.1/../../../../arm-none-eabi/lib/armv7e-m/fpu/libc_nano.a(lib_a-impure.o)
 .data          0x0000000000000000        0x0 /Users/huzaifaasif/.p2/pool/plugins/fr.ac6.mcu.externaltools.arm-none.macos64_1.13.1.201703061524/tools/compiler/bin/../lib/gcc/arm-none-eabi/5.4.1/../../../../arm-none-eabi/lib/armv7e-m/fpu/libc_nano.a(lib_a-impure.o)
 .bss           0x0000000000000000        0x0 /Users/huzaifaasif/.p2/pool/plugins/fr.ac6.mcu.externaltools.arm-none.macos64_1.13.1.201703061524/tools/compiler/bin/../lib/gcc/arm-none-eabi/5.4.1/../../../../arm-none-eabi/lib/armv7e-m/fpu/libc_nano.a(lib_a-impure.o)
 .data.impure_data
                0x0000000000000000       0x60 /Users/huzaifaasif/.p2/pool/plugins/fr.ac6.mcu.externaltools.arm-none.macos64_1.13.1.201703061524/tools/compiler/bin/../lib/gcc/arm-none-eabi/5.4.1/../../../../arm-none-eabi/lib/armv7e-m/fpu/libc_nano.a(lib_a-impure.o)
 .data._impure_ptr
                0x0000000000000000        0x4 /Users/huzaifaasif/.p2/pool/plugins/fr.ac6.mcu.externaltools.arm-none.macos64_1.13.1.201703061524/tools/compiler/bin/../lib/gcc/arm-none-eabi/5.4.1/../../../../arm-none-eabi/lib/armv7e-m/fpu/libc_nano.a(lib_a-impure.o)
 .rodata._global_impure_ptr
                0x0000000000000000        0x4 /Users/huzaifaasif/.p2/pool/plugins/fr.ac6.mcu.externaltools.arm-none.macos64_1.13.1.201703061524/tools/compiler/bin/../lib/gcc/arm-none-eabi/5.4.1/../../../../arm-none-eabi/lib/armv7e-m/fpu/libc_nano.a(lib_a-impure.o)
 .ARM.attributes
                0x0000000000000000       0x34 /Users/huzaifaasif/.p2/pool/plugins/fr.ac6.mcu.externaltools.arm-none.macos64_1.13.1.201703061524/tools/compiler/bin/../lib/gcc/arm-none-eabi/5.4.1/../../../../arm-none-eabi/lib/armv7e-m/fpu/libc_nano.a(lib_a-impure.o)
 .text          0x0000000000000000        0x0 /Users/huzaifaasif/.p2/pool/plugins/fr.ac6.mcu.externaltools.arm-none.macos64_1.13.1.201703061524/tools/compiler/bin/../lib/gcc/arm-none-eabi/5.4.1/../../../../arm-none-eabi/lib/armv7e-m/fpu/libc_nano.a(lib_a-init.o)
 .data          0x0000000000000000        0x0 /Users/huzaifaasif/.p2/pool/plugins/fr.ac6.mcu.externaltools.arm-none.macos64_1.13.1.201703061524/tools/compiler/bin/../lib/gcc/arm-none-eabi/5.4.1/../../../../arm-none-eabi/lib/armv7e-m/fpu/libc_nano.a(lib_a-init.o)
 .bss           0x0000000000000000        0x0 /Users/huzaifaasif/.p2/pool/plugins/fr.ac6.mcu.externaltools.arm-none.macos64_1.13.1.201703061524/tools/compiler/bin/../lib/gcc/arm-none-eabi/5.4.1/../../../../arm-none-eabi/lib/armv7e-m/fpu/libc_nano.a(lib_a-init.o)
 .text          0x0000000000000000        0x0 /Users/huzaifaasif/.p2/pool/plugins/fr.ac6.mcu.externaltools.arm-none.macos64_1.13.1.201703061524/tools/compiler/bin/../lib/gcc/arm-none-eabi/5.4.1/../../../../arm-none-eabi/lib/armv7e-m/fpu/libc_nano.a(lib_a-memset.o)
 .data          0x0000000000000000        0x0 /Users/huzaifaasif/.p2/pool/plugins/fr.ac6.mcu.externaltools.arm-none.macos64_1.13.1.201703061524/tools/compiler/bin/../lib/gcc/arm-none-eabi/5.4.1/../../../../arm-none-eabi/lib/armv7e-m/fpu/libc_nano.a(lib_a-memset.o)
 .bss           0x0000000000000000        0x0 /Users/huzaifaasif/.p2/pool/plugins/fr.ac6.mcu.externaltools.arm-none.macos64_1.13.1.201703061524/tools/compiler/bin/../lib/gcc/arm-none-eabi/5.4.1/../../../../arm-none-eabi/lib/armv7e-m/fpu/libc_nano.a(lib_a-memset.o)
 .text.memset   0x0000000000000000       0x10 /Users/huzaifaasif/.p2/pool/plugins/fr.ac6.mcu.externaltools.arm-none.macos64_1.13.1.201703061524/tools/compiler/bin/../lib/gcc/arm-none-eabi/5.4.1/../../../../arm-none-eabi/lib/armv7e-m/fpu/libc_nano.a(lib_a-memset.o)
 .debug_frame   0x0000000000000000       0x20 /Users/huzaifaasif/.p2/pool/plugins/fr.ac6.mcu.externaltools.arm-none.macos64_1.13.1.201703061524/tools/compiler/bin/../lib/gcc/arm-none-eabi/5.4.1/../../../../arm-none-eabi/lib/armv7e-m/fpu/libc_nano.a(lib_a-memset.o)
 .ARM.attributes
                0x0000000000000000       0x34 /Users/huzaifaasif/.p2/pool/plugins/fr.ac6.mcu.externaltools.arm-none.macos64_1.13.1.201703061524/tools/compiler/bin/../lib/gcc/arm-none-eabi/5.4.1/../../../../arm-none-eabi/lib/armv7e-m/fpu/libc_nano.a(lib_a-memset.o)
 .text          0x0000000000000000        0x0 /Users/huzaifaasif/.p2/pool/plugins/fr.ac6.mcu.externaltools.arm-none.macos64_1.13.1.201703061524/tools/compiler/bin/../lib/gcc/arm-none-eabi/5.4.1/../../../../arm-none-eabi/lib/armv7e-m/fpu/libnosys.a(_exit.o)
 .data          0x0000000000000000        0x0 /Users/huzaifaasif/.p2/pool/plugins/fr.ac6.mcu.externaltools.arm-none.macos64_1.13.1.201703061524/tools/compiler/bin/../lib/gcc/arm-none-eabi/5.4.1/../../../../arm-none-eabi/lib/armv7e-m/fpu/libnosys.a(_exit.o)
 .bss           0x0000000000000000        0x0 /Users/huzaifaasif/.p2/pool/plugins/fr.ac6.mcu.externaltools.arm-none.macos64_1.13.1.201703061524/tools/compiler/bin/../lib/gcc/arm-none-eabi/5.4.1/../../../../arm-none-eabi/lib/armv7e-m/fpu/libnosys.a(_exit.o)
 .text._exit    0x0000000000000000        0x4 /Users/huzaifaasif/.p2/pool/plugins/fr.ac6.mcu.externaltools.arm-none.macos64_1.13.1.201703061524/tools/compiler/bin/../lib/gcc/arm-none-eabi/5.4.1/../../../../arm-none-eabi/lib/armv7e-m/fpu/libnosys.a(_exit.o)
 .debug_frame   0x0000000000000000       0x20 /Users/huzaifaasif/.p2/pool/plugins/fr.ac6.mcu.externaltools.arm-none.macos64_1.13.1.201703061524/tools/compiler/bin/../lib/gcc/arm-none-eabi/5.4.1/../../../../arm-none-eabi/lib/armv7e-m/fpu/libnosys.a(_exit.o)
 .ARM.attributes
                0x0000000000000000       0x34 /Users/huzaifaasif/.p2/pool/plugins/fr.ac6.mcu.externaltools.arm-none.macos64_1.13.1.201703061524/tools/compiler/bin/../lib/gcc/arm-none-eabi/5.4.1/../../../../arm-none-eabi/lib/armv7e-m/fpu/libnosys.a(_exit.o)
 .text          0x0000000000000000        0x0 /Users/huzaifaasif/.p2/pool/plugins/fr.ac6.mcu.externaltools.arm-none.macos64_1.13.1.201703061524/tools/compiler/bin/../lib/gcc/arm-none-eabi/5.4.1/armv7e-m/fpu/crtend.o
 .data          0x0000000000000000        0x0 /Users/huzaifaasif/.p2/pool/plugins/fr.ac6.mcu.externaltools.arm-none.macos64_1.13.1.201703061524/tools/compiler/bin/../lib/gcc/arm-none-eabi/5.4.1/armv7e-m/fpu/crtend.o
 .bss           0x0000000000000000        0x0 /Users/huzaifaasif/.p2/pool/plugins/fr.ac6.mcu.externaltools.arm-none.macos64_1.13.1.201703061524/tools/compiler/bin/../lib/gcc/arm-none-eabi/5.4.1/armv7e-m/fpu/crtend.o
 .eh_frame      0x0000000000000000        0x4 /Users/huzaifaasif/.p2/pool/plugins/fr.ac6.mcu.externaltools.arm-none.macos64_1.13.1.201703061524/tools/compiler/bin/../lib/gcc/arm-none-eabi/5.4.1/armv7e-m/fpu/crtend.o
 .jcr           0x0000000000000000        0x4 /Users/huzaifaasif/.p2/pool/plugins/fr.ac6.mcu.externaltools.arm-none.macos64_1.13.1.201703061524/tools/compiler/bin/../lib/gcc/arm-none-eabi/5.4.1/armv7e-m/fpu/crtend.o
 .ARM.attributes
                0x0000000000000000       0x34 /Users/huzaifaasif/.p2/pool/plugins/fr.ac6.mcu.externaltools.arm-none.macos64_1.13.1.201703061524/tools/compiler/bin/../lib/gcc/arm-none-eabi/5.4.1/armv7e-m/fpu/crtend.o
 .text          0x0000000000000000        0x0 /Users/huzaifaasif/.p2/pool/plugins/fr.ac6.mcu.externaltools.arm-none.macos64_1.13.1.201703061524/tools/compiler/bin/../lib/gcc/arm-none-eabi/5.4.1/armv7e-m/fpu/crtn.o
 .data          0x0000000000000000        0x0 /Users/huzaifaasif/.p2/pool/plugins/fr.ac6.mcu.externaltools.arm-none.macos64_1.13.1.201703061524/tools/compiler/bin/../lib/gcc/arm-none-eabi/5.4.1/armv7e-m/fpu/crtn.o
 .bss           0x0000000000000000        0x0 /Users/huzaifaasif/.p2/pool/plugins/fr.ac6.mcu.externaltools.arm-none.macos64_1.13.1.201703061524/tools/compiler/bin/../lib/gcc/arm-none-eabi/5.4.1/armv7e-m/fpu/crtn.o

Memory Configuration

Name             Origin             Length             Attributes
RAM              0x0000000020000000 0x0000000000018000 xrw
FLASH            0x0000000008000000 0x0000000000080000 xr
*default*        0x0000000000000000 0xffffffffffffffff

Linker script and memory map

LOAD /Users/huzaifaasif/.p2/pool/plugins/fr.ac6.mcu.externaltools.arm-none.macos64_1.13.1.201703061524/tools/compiler/bin/../lib/gcc/arm-none-eabi/5.4.1/armv7e-m/fpu/crti.o
LOAD /Users/huzaifaasif/.p2/pool/plugins/fr.ac6.mcu.externaltools.arm-none.macos64_1.13.1.201703061524/tools/compiler/bin/../lib/gcc/arm-none-eabi/5.4.1/armv7e-m/fpu/crtbegin.o
LOAD /Users/huzaifaasif/.p2/pool/plugins/fr.ac6.mcu.externaltools.arm-none.macos64_1.13.1.201703061524/tools/compiler/bin/../lib/gcc/arm-none-eabi/5.4.1/../../../../arm-none-eabi/lib/armv7e-m/fpu/crt0.o
LOAD /Users/huzaifaasif/.p2/pool/plugins/fr.ac6.mcu.externaltools.arm-none.macos64_1.13.1.201703061524/tools/compiler/bin/../lib/gcc/arm-none-eabi/5.4.1/../../../../arm-none-eabi/lib/armv7e-m/fpu/libm.a
LOAD Drivers/STM32F4xx_HAL_Driver/Src/hal_spi_driver.o
LOAD Drivers/STM32F4xx_HAL_Driver/Src/led.o
LOAD Drivers/STM32F4xx_HAL_Driver/Src/stm32f4xx_gpio_driver.o
LOAD Src/adx345.o
LOAD Src/spi_master.o
LOAD Src/system_stm32f4xx.o
LOAD startup/startup_stm32f401xe.o
START GROUP
LOAD /Users/huzaifaasif/.p2/pool/plugins/fr.ac6.mcu.externaltools.arm-none.macos64_1.13.1.201703061524/tools/compiler/bin/../lib/gcc/arm-none-eabi/5.4.1/armv7e-m/fpu/libgcc.a
LOAD /Users/huzaifaasif/.p2/pool/plugins/fr.ac6.mcu.externaltools.arm-none.macos64_1.13.1.201703061524/tools/compiler/bin/../lib/gcc/arm-none-eabi/5.4.1/../../../../arm-none-eabi/lib/armv7e-m/fpu/libc_nano.a
END GROUP
START GROUP
LOAD /Users/huzaifaasif/.p2/pool/plugins/fr.ac6.mcu.externaltools.arm-none.macos64_1.13.1.201703061524/tools/compiler/bin/../lib/gcc/arm-none-eabi/5.4.1/armv7e-m/fpu/libgcc.a
LOAD /Users/huzaifaasif/.p2/pool/plugins/fr.ac6.mcu.externaltools.arm-none.macos64_1.13.1.201703061524/tools/compiler/bin/../lib/gcc/arm-none-eabi/5.4.1/../../../../arm-none-eabi/lib/armv7e-m/fpu/libc_nano.a
LOAD /Users/huzaifaasif/.p2/pool/plugins/fr.ac6.mcu.externaltools.arm-none.macos64_1.13.1.201703061524/tools/compiler/bin/../lib/gcc/arm-none-eabi/5.4.1/../../../../arm-none-eabi/lib/armv7e-m/fpu/libnosys.a
END GROUP
START GROUP
LOAD /Users/huzaifaasif/.p2/pool/plugins/fr.ac6.mcu.externaltools.arm-none.macos64_1.13.1.201703061524/tools/compiler/bin/../lib/gcc/arm-none-eabi/5.4.1/armv7e-m/fpu/libgcc.a
LOAD /Users/huzaifaasif/.p2/pool/plugins/fr.ac6.mcu.externaltools.arm-none.macos64_1.13.1.201703061524/tools/compiler/bin/../lib/gcc/arm-none-eabi/5.4.1/../../../../arm-none-eabi/lib/armv7e-m/fpu/libc_nano.a
LOAD /Users/huzaifaasif/.p2/pool/plugins/fr.ac6.mcu.externaltools.arm-none.macos64_1.13.1.201703061524/tools/compiler/bin/../lib/gcc/arm-none-eabi/5.4.1/../../../../arm-none-eabi/lib/armv7e-m/fpu/libnosys.a
END GROUP
LOAD /Users/huzaifaasif/.p2/pool/plugins/fr.ac6.mcu.externaltools.arm-none.macos64_1.13.1.201703061524/tools/compiler/bin/../lib/gcc/arm-none-eabi/5.4.1/armv7e-m/fpu/crtend.o
LOAD /Users/huzaifaasif/.p2/pool/plugins/fr.ac6.mcu.externaltools.arm-none.macos64_1.13.1.201703061524/tools/compiler/bin/../lib/gcc/arm-none-eabi/5.4.1/armv7e-m/fpu/crtn.o
                0x0000000020018000                _estack = 0x20018000
                0x0000000000000200                _Min_Heap_Size = 0x200
                0x0000000000000400                _Min_Stack_Size = 0x400

.isr_vector     0x0000000008000000      0x194
                0x0000000008000000                . = ALIGN (0x4)
 *(.isr_vector)
 .isr_vector    0x0000000008000000      0x194 startup/startup_stm32f401xe.o
                0x0000000008000000                g_pfnVectors
                0x0000000008000194                . = ALIGN (0x4)

.text           0x0000000008000194      0xd18
                0x0000000008000194                . = ALIGN (0x4)
 *(.text)
 .text          0x0000000008000194       0x5c /Users/huzaifaasif/.p2/pool/plugins/fr.ac6.mcu.externaltools.arm-none.macos64_1.13.1.201703061524/tools/compiler/bin/../lib/gcc/arm-none-eabi/5.4.1/armv7e-m/fpu/crtbegin.o
 *(.text*)
 .text.hal_spi_configure_baudrate
                0x00000000080001f0       0x10 Drivers/STM32F4xx_HAL_Driver/Src/hal_spi_driver.o
                0x00000000080001f0                hal_spi_configure_baudrate
 .text.hal_spi_configure_direction
                0x0000000008000200       0x18 Drivers/STM32F4xx_HAL_Driver/Src/hal_spi_driver.o
                0x0000000008000200                hal_spi_configure_direction
 .text.hal_spi_config_device_mode
                0x0000000008000218       0x18 Drivers/STM32F4xx_HAL_Driver/Src/hal_spi_driver.o
                0x0000000008000218                hal_spi_config_device_mode
 .text.hal_spi_config_phase_polarity
                0x0000000008000230       0x2c Drivers/STM32F4xx_HAL_Driver/Src/hal_spi_driver.o
                0x0000000008000230                hal_spi_config_phase_polarity
 .text.hal_spi_config_data_size_direction
                0x000000000800025c       0x2c Drivers/STM32F4xx_HAL_Driver/Src/hal_spi_driver.o
                0x000000000800025c                hal_spi_config_data_size_direction
 .text.hal_spi_config_nss_master
                0x0000000008000288       0x20 Drivers/STM32F4xx_HAL_Driver/Src/hal_spi_driver.o
                0x0000000008000288                hal_spi_config_nss_master
 .text.hal_spi_config_nss_slave
                0x00000000080002a8       0x18 Drivers/STM32F4xx_HAL_Driver/Src/hal_spi_driver.o
                0x00000000080002a8                hal_spi_config_nss_slave
 .text.hal_spi_enable
                0x00000000080002c0       0x14 Drivers/STM32F4xx_HAL_Driver/Src/hal_spi_driver.o
                0x00000000080002c0                hal_spi_enable
 .text.hal_spi_init
                0x00000000080002d4       0x50 Drivers/STM32F4xx_HAL_Driver/Src/hal_spi_driver.o
                0x00000000080002d4                hal_spi_init
 .text.hal_spi_disable_txe_interrupt
                0x0000000008000324        0xc Drivers/STM32F4xx_HAL_Driver/Src/hal_spi_driver.o
                0x0000000008000324                hal_spi_disable_txe_interrupt
 .text.hal_spi_disable_rxne_interrupt
                0x0000000008000330        0xc Drivers/STM32F4xx_HAL_Driver/Src/hal_spi_driver.o
                0x0000000008000330                hal_spi_disable_rxne_interrupt
 .text.hal_spi_close_tx_interrupt
                0x000000000800033c        0xc Drivers/STM32F4xx_HAL_Driver/Src/hal_spi_driver.o
                0x000000000800033c                hal_spi_close_tx_interrupt
 .text.hal_spi_close_rx_interrupt
                0x0000000008000348       0x14 Drivers/STM32F4xx_HAL_Driver/Src/hal_spi_driver.o
                0x0000000008000348                hal_spi_close_rx_interrupt
 .text.hal_spi_handle_rx_interrupt
                0x000000000800035c       0x30 Drivers/STM32F4xx_HAL_Driver/Src/hal_spi_driver.o
                0x000000000800035c                hal_spi_handle_rx_interrupt
 .text.hal_spi_handle_tx_interrupt
                0x000000000800038c       0x34 Drivers/STM32F4xx_HAL_Driver/Src/hal_spi_driver.o
                0x000000000800038c                hal_spi_handle_tx_interrupt
 .text.SPI_transfer
                0x00000000080003c0       0x1c Drivers/STM32F4xx_HAL_Driver/Src/hal_spi_driver.o
                0x00000000080003c0                SPI_transfer
 .text.hal_spi_irq_handler
                0x00000000080003dc       0x34 Drivers/STM32F4xx_HAL_Driver/Src/hal_spi_driver.o
                0x00000000080003dc                hal_spi_irq_handler
 .text.led_init
                0x0000000008000410       0x38 Drivers/STM32F4xx_HAL_Driver/Src/led.o
                0x0000000008000410                led_init
 .text.button_init
                0x0000000008000448       0x54 Drivers/STM32F4xx_HAL_Driver/Src/led.o
                0x0000000008000448                button_init
 .text.led_toggle
                0x000000000800049c       0x24 Drivers/STM32F4xx_HAL_Driver/Src/led.o
                0x000000000800049c                led_toggle
 .text.hal_gpio_configure_interrupt
                0x00000000080004c0       0x48 Drivers/STM32F4xx_HAL_Driver/Src/stm32f4xx_gpio_driver.o
                0x00000000080004c0                hal_gpio_configure_interrupt
 .text.hal_gpio_enable_interrupt
                0x0000000008000508       0x2c Drivers/STM32F4xx_HAL_Driver/Src/stm32f4xx_gpio_driver.o
                0x0000000008000508                hal_gpio_enable_interrupt
 .text.hal_gpio_clear_interrupt
                0x0000000008000534       0x1c Drivers/STM32F4xx_HAL_Driver/Src/stm32f4xx_gpio_driver.o
                0x0000000008000534                hal_gpio_clear_interrupt
 .text.hal_gpio_alt_function
                0x0000000008000550       0x24 Drivers/STM32F4xx_HAL_Driver/Src/stm32f4xx_gpio_driver.o
                0x0000000008000550                hal_gpio_alt_function
 .text.hal_gpio_read_from_pin
                0x0000000008000574        0xc Drivers/STM32F4xx_HAL_Driver/Src/stm32f4xx_gpio_driver.o
                0x0000000008000574                hal_gpio_read_from_pin
 .text.hal_gpio_write_to_pin
                0x0000000008000580       0x20 Drivers/STM32F4xx_HAL_Driver/Src/stm32f4xx_gpio_driver.o
                0x0000000008000580                hal_gpio_write_to_pin
 .text.hal_gpio_configure_pin_mode
                0x00000000080005a0        0xc Drivers/STM32F4xx_HAL_Driver/Src/stm32f4xx_gpio_driver.o
                0x00000000080005a0                hal_gpio_configure_pin_mode
 .text.hal_gpio_configure_pin_output_type
                0x00000000080005ac        0xc Drivers/STM32F4xx_HAL_Driver/Src/stm32f4xx_gpio_driver.o
                0x00000000080005ac                hal_gpio_configure_pin_output_type
 .text.hal_gpio_configure_pin_speed
                0x00000000080005b8        0xc Drivers/STM32F4xx_HAL_Driver/Src/stm32f4xx_gpio_driver.o
                0x00000000080005b8                hal_gpio_configure_pin_speed
 .text.hal_gpio_configure_pin_pupd
                0x00000000080005c4        0xc Drivers/STM32F4xx_HAL_Driver/Src/stm32f4xx_gpio_driver.o
                0x00000000080005c4                hal_gpio_configure_pin_pupd
 .text.hal_gpio_init
                0x00000000080005d0       0x30 Drivers/STM32F4xx_HAL_Driver/Src/stm32f4xx_gpio_driver.o
                0x00000000080005d0                hal_gpio_init
 .text.adxPin_init
                0x0000000008000600       0x44 Src/adx345.o
                0x0000000008000600                adxPin_init
 .text.readFrom
                0x0000000008000644       0x54 Src/adx345.o
                0x0000000008000644                readFrom
 .text.readAccel
                0x0000000008000698       0x5c Src/adx345.o
                0x0000000008000698                readAccel
 .text.writeTo  0x00000000080006f4       0x40 Src/adx345.o
                0x00000000080006f4                writeTo
 .text.powerOn  0x0000000008000734       0x38 Src/adx345.o
                0x0000000008000734                powerOn
 .text.setRegisterBit
                0x000000000800076c       0x84 Src/adx345.o
                0x000000000800076c                setRegisterBit
 .text.setSPI   0x00000000080007f0       0x38 Src/adx345.o
                0x00000000080007f0                setSPI
 .text.setActivityThreshold
                0x0000000008000828       0x38 Src/adx345.o
                0x0000000008000828                setActivityThreshold
 .text.setActivityXYZ
                0x0000000008000860       0x7c Src/adx345.o
                0x0000000008000860                setActivityXYZ
 .text.setInactivityXYZ
                0x00000000080008dc       0x7c Src/adx345.o
                0x00000000080008dc                setInactivityXYZ
 .text.setInactivityThreshold
                0x0000000008000958       0x38 Src/adx345.o
                0x0000000008000958                setInactivityThreshold
 .text.setTimeInactivity
                0x0000000008000990       0x38 Src/adx345.o
                0x0000000008000990                setTimeInactivity
 .text.setTapDetectionOnXYZ
                0x00000000080009c8       0x7c Src/adx345.o
                0x00000000080009c8                setTapDetectionOnXYZ
 .text.setTapThreshold
                0x0000000008000a44       0x38 Src/adx345.o
                0x0000000008000a44                setTapThreshold
 .text.setFreeFallThreshold
                0x0000000008000a7c       0x38 Src/adx345.o
                0x0000000008000a7c                setFreeFallThreshold
 .text.setFreeFallDuration
                0x0000000008000ab4       0x38 Src/adx345.o
                0x0000000008000ab4                setFreeFallDuration
 .text.spi_gpio_init
                0x0000000008000aec       0x8c Src/spi_master.o
                0x0000000008000aec                spi_gpio_init
 .text.EXTI15_10_IRQHandler
                0x0000000008000b78       0x20 Src/spi_master.o
                0x0000000008000b78                EXTI15_10_IRQHandler
 .text.SPI2_IRQHandler
                0x0000000008000b98       0x10 Src/spi_master.o
                0x0000000008000b98                SPI2_IRQHandler
 .text.configure_ADX
                0x0000000008000ba8      0x170 Src/spi_master.o
                0x0000000008000ba8                configure_ADX
 .text.main     0x0000000008000d18       0x90 Src/spi_master.o
                0x0000000008000d18                main
 .text.SystemInit
                0x0000000008000da8       0x4c Src/system_stm32f4xx.o
                0x0000000008000da8                SystemInit
 .text.Reset_Handler
                0x0000000008000df4       0x50 startup/startup_stm32f401xe.o
                0x0000000008000df4                Reset_Handler
 .text.Default_Handler
                0x0000000008000e44        0x2 startup/startup_stm32f401xe.o
                0x0000000008000e44                DMA1_Stream3_IRQHandler
                0x0000000008000e44                EXTI2_IRQHandler
                0x0000000008000e44                DebugMon_Handler
                0x0000000008000e44                SPI4_IRQHandler
                0x0000000008000e44                TIM1_CC_IRQHandler
                0x0000000008000e44                DMA2_Stream5_IRQHandler
                0x0000000008000e44                HardFault_Handler
                0x0000000008000e44                DMA1_Stream5_IRQHandler
                0x0000000008000e44                SysTick_Handler
                0x0000000008000e44                PVD_IRQHandler
                0x0000000008000e44                SDIO_IRQHandler
                0x0000000008000e44                TAMP_STAMP_IRQHandler
                0x0000000008000e44                PendSV_Handler
                0x0000000008000e44                NMI_Handler
                0x0000000008000e44                EXTI3_IRQHandler
                0x0000000008000e44                TIM1_UP_TIM10_IRQHandler
                0x0000000008000e44                I2C3_ER_IRQHandler
                0x0000000008000e44                EXTI0_IRQHandler
                0x0000000008000e44                I2C2_EV_IRQHandler
                0x0000000008000e44                DMA1_Stream2_IRQHandler
                0x0000000008000e44                FPU_IRQHandler
                0x0000000008000e44                UsageFault_Handler
                0x0000000008000e44                DMA2_Stream2_IRQHandler
                0x0000000008000e44                SPI1_IRQHandler
                0x0000000008000e44                TIM1_BRK_TIM9_IRQHandler
                0x0000000008000e44                DMA2_Stream3_IRQHandler
                0x0000000008000e44                USART6_IRQHandler
                0x0000000008000e44                DMA2_Stream0_IRQHandler
                0x0000000008000e44                TIM4_IRQHandler
                0x0000000008000e44                I2C1_EV_IRQHandler
                0x0000000008000e44                DMA1_Stream6_IRQHandler
                0x0000000008000e44                DMA1_Stream1_IRQHandler
                0x0000000008000e44                TIM3_IRQHandler
                0x0000000008000e44                RCC_IRQHandler
                0x0000000008000e44                Default_Handler
                0x0000000008000e44                ADC_IRQHandler
                0x0000000008000e44                DMA1_Stream7_IRQHandler
                0x0000000008000e44                TIM5_IRQHandler
                0x0000000008000e44                DMA2_Stream7_IRQHandler
                0x0000000008000e44                I2C3_EV_IRQHandler
                0x0000000008000e44                EXTI9_5_IRQHandler
                0x0000000008000e44                RTC_WKUP_IRQHandler
                0x0000000008000e44                MemManage_Handler
                0x0000000008000e44                DMA1_Stream0_IRQHandler
                0x0000000008000e44                SVC_Handler
                0x0000000008000e44                EXTI4_IRQHandler
                0x0000000008000e44                WWDG_IRQHandler
                0x0000000008000e44                TIM2_IRQHandler
                0x0000000008000e44                OTG_FS_WKUP_IRQHandler
                0x0000000008000e44                TIM1_TRG_COM_TIM11_IRQHandler
                0x0000000008000e44                EXTI1_IRQHandler
                0x0000000008000e44                USART2_IRQHandler
                0x0000000008000e44                I2C2_ER_IRQHandler
                0x0000000008000e44                DMA2_Stream1_IRQHandler
                0x0000000008000e44                FLASH_IRQHandler
                0x0000000008000e44                DMA2_Stream4_IRQHandler
                0x0000000008000e44                BusFault_Handler
                0x0000000008000e44                USART1_IRQHandler
                0x0000000008000e44                OTG_FS_IRQHandler
                0x0000000008000e44                SPI3_IRQHandler
                0x0000000008000e44                DMA1_Stream4_IRQHandler
                0x0000000008000e44                I2C1_ER_IRQHandler
                0x0000000008000e44                DMA2_Stream6_IRQHandler
                0x0000000008000e44                RTC_Alarm_IRQHandler
 *fill*         0x0000000008000e46        0x2 
 .text.__libc_init_array
                0x0000000008000e48       0x4c /Users/huzaifaasif/.p2/pool/plugins/fr.ac6.mcu.externaltools.arm-none.macos64_1.13.1.201703061524/tools/compiler/bin/../lib/gcc/arm-none-eabi/5.4.1/../../../../arm-none-eabi/lib/armv7e-m/fpu/libc_nano.a(lib_a-init.o)
                0x0000000008000e48                __libc_init_array
 *(.glue_7)
 .glue_7        0x0000000008000e94        0x0 linker stubs
 *(.glue_7t)
 .glue_7t       0x0000000008000e94        0x0 linker stubs
 *(.eh_frame)
 .eh_frame      0x0000000008000e94        0x0 /Users/huzaifaasif/.p2/pool/plugins/fr.ac6.mcu.externaltools.arm-none.macos64_1.13.1.201703061524/tools/compiler/bin/../lib/gcc/arm-none-eabi/5.4.1/armv7e-m/fpu/crtbegin.o
 *(.init)
 .init          0x0000000008000e94        0x4 /Users/huzaifaasif/.p2/pool/plugins/fr.ac6.mcu.externaltools.arm-none.macos64_1.13.1.201703061524/tools/compiler/bin/../lib/gcc/arm-none-eabi/5.4.1/armv7e-m/fpu/crti.o
                0x0000000008000e94                _init
 .init          0x0000000008000e98        0x8 /Users/huzaifaasif/.p2/pool/plugins/fr.ac6.mcu.externaltools.arm-none.macos64_1.13.1.201703061524/tools/compiler/bin/../lib/gcc/arm-none-eabi/5.4.1/armv7e-m/fpu/crtn.o
 *(.fini)
 .fini          0x0000000008000ea0        0x4 /Users/huzaifaasif/.p2/pool/plugins/fr.ac6.mcu.externaltools.arm-none.macos64_1.13.1.201703061524/tools/compiler/bin/../lib/gcc/arm-none-eabi/5.4.1/armv7e-m/fpu/crti.o
                0x0000000008000ea0                _fini
 .fini          0x0000000008000ea4        0x8 /Users/huzaifaasif/.p2/pool/plugins/fr.ac6.mcu.externaltools.arm-none.macos64_1.13.1.201703061524/tools/compiler/bin/../lib/gcc/arm-none-eabi/5.4.1/armv7e-m/fpu/crtn.o
                0x0000000008000eac                . = ALIGN (0x4)
                0x0000000008000eac                _etext = .

.vfp11_veneer   0x0000000008000eac        0x0
 .vfp11_veneer  0x0000000008000eac        0x0 linker stubs

.v4_bx          0x0000000008000eac        0x0
 .v4_bx         0x0000000008000eac        0x0 linker stubs

.iplt           0x0000000008000eac        0x0
 .iplt          0x0000000008000eac        0x0 /Users/huzaifaasif/.p2/pool/plugins/fr.ac6.mcu.externaltools.arm-none.macos64_1.13.1.201703061524/tools/compiler/bin/../lib/gcc/arm-none-eabi/5.4.1/armv7e-m/fpu/crtbegin.o

.rel.dyn        0x0000000008000eac        0x0
 .rel.iplt      0x0000000008000eac        0x0 /Users/huzaifaasif/.p2/pool/plugins/fr.ac6.mcu.externaltools.arm-none.macos64_1.13.1.201703061524/tools/compiler/bin/../lib/gcc/arm-none-eabi/5.4.1/armv7e-m/fpu/crtbegin.o

.rodata         0x0000000008000eac        0x0
                0x0000000008000eac                . = ALIGN (0x4)
 *(.rodata)
 *(.rodata*)
                0x0000000008000eac                . = ALIGN (0x4)

.ARM.extab
 *(.ARM.extab* .gnu.linkonce.armextab.*)

.ARM            0x0000000008000eac        0x0
                0x0000000008000eac                __exidx_start = .
 *(.ARM.exidx*)
                0x0000000008000eac                __exidx_end = .

.preinit_array  0x0000000008000eac        0x0
                0x0000000008000eac                PROVIDE (__preinit_array_start, .)
 *(.preinit_array*)
                0x0000000008000eac                PROVIDE (__preinit_array_end, .)

.init_array     0x0000000008000eac        0x4
                0x0000000008000eac                PROVIDE (__init_array_start, .)
 *(SORT(.init_array.*))
 *(.init_array*)
 .init_array    0x0000000008000eac        0x4 /Users/huzaifaasif/.p2/pool/plugins/fr.ac6.mcu.externaltools.arm-none.macos64_1.13.1.201703061524/tools/compiler/bin/../lib/gcc/arm-none-eabi/5.4.1/armv7e-m/fpu/crtbegin.o
                0x0000000008000eb0                PROVIDE (__init_array_end, .)

.fini_array     0x0000000008000eb0        0x4
                [!provide]                        PROVIDE (__fini_array_start, .)
 *(SORT(.fini_array.*))
 *(.fini_array*)
 .fini_array    0x0000000008000eb0        0x4 /Users/huzaifaasif/.p2/pool/plugins/fr.ac6.mcu.externaltools.arm-none.macos64_1.13.1.201703061524/tools/compiler/bin/../lib/gcc/arm-none-eabi/5.4.1/armv7e-m/fpu/crtbegin.o
                [!provide]                        PROVIDE (__fini_array_end, .)
                0x0000000008000eb4                _sidata = LOADADDR (.data)

.data           0x0000000020000000        0x0 load address 0x0000000008000eb4
                0x0000000020000000                . = ALIGN (0x4)
                0x0000000020000000                _sdata = .
 *(.data)
 *(.data*)
                0x0000000020000000                . = ALIGN (0x4)
                0x0000000020000000                _edata = .

.jcr            0x0000000020000000        0x0 load address 0x0000000008000eb4
 .jcr           0x0000000020000000        0x0 /Users/huzaifaasif/.p2/pool/plugins/fr.ac6.mcu.externaltools.arm-none.macos64_1.13.1.201703061524/tools/compiler/bin/../lib/gcc/arm-none-eabi/5.4.1/armv7e-m/fpu/crtbegin.o

.igot.plt       0x0000000020000000        0x0 load address 0x0000000008000eb4
 .igot.plt      0x0000000020000000        0x0 /Users/huzaifaasif/.p2/pool/plugins/fr.ac6.mcu.externaltools.arm-none.macos64_1.13.1.201703061524/tools/compiler/bin/../lib/gcc/arm-none-eabi/5.4.1/armv7e-m/fpu/crtbegin.o
                0x0000000020000000                . = ALIGN (0x4)

.bss            0x0000000020000000       0x60 load address 0x0000000008000eb4
                0x0000000020000000                _sbss = .
                0x0000000020000000                __bss_start__ = _sbss
 *(.bss)
 .bss           0x0000000020000000       0x1c /Users/huzaifaasif/.p2/pool/plugins/fr.ac6.mcu.externaltools.arm-none.macos64_1.13.1.201703061524/tools/compiler/bin/../lib/gcc/arm-none-eabi/5.4.1/armv7e-m/fpu/crtbegin.o
 .bss           0x000000002000001c        0x1 Src/spi_master.o
                0x000000002000001c                buttonPressed
 *(.bss*)
 *(COMMON)
 *fill*         0x000000002000001d        0x3 
 COMMON         0x0000000020000020        0x6 Src/adx345.o
                0x0000000020000020                x
                0x0000000020000021                z
                0x0000000020000024                buffer
                0x0000000020000025                y
 *fill*         0x0000000020000026        0x2 
 COMMON         0x0000000020000028       0x38 Src/spi_master.o
                0x0000000020000028                spiHandle
                0x0000000020000060                . = ALIGN (0x4)
                0x0000000020000060                _ebss = .
                0x0000000020000060                __bss_end__ = _ebss

._user_heap_stack
                0x0000000020000060      0x600 load address 0x0000000008000eb4
                0x0000000020000060                . = ALIGN (0x8)
                [!provide]                        PROVIDE (end, .)
                [!provide]                        PROVIDE (_end, .)
                0x0000000020000260                . = (. + _Min_Heap_Size)
 *fill*         0x0000000020000060      0x200 
                0x0000000020000660                . = (. + _Min_Stack_Size)
 *fill*         0x0000000020000260      0x400 
                0x0000000020000660                . = ALIGN (0x8)

/DISCARD/
 libc.a(*)
 libm.a(*)
 libgcc.a(*)

.ARM.attributes
                0x0000000000000000       0x30
 *(.ARM.attributes)
 .ARM.attributes
                0x0000000000000000       0x22 /Users/huzaifaasif/.p2/pool/plugins/fr.ac6.mcu.externaltools.arm-none.macos64_1.13.1.201703061524/tools/compiler/bin/../lib/gcc/arm-none-eabi/5.4.1/armv7e-m/fpu/crti.o
 .ARM.attributes
                0x0000000000000022       0x34 /Users/huzaifaasif/.p2/pool/plugins/fr.ac6.mcu.externaltools.arm-none.macos64_1.13.1.201703061524/tools/compiler/bin/../lib/gcc/arm-none-eabi/5.4.1/armv7e-m/fpu/crtbegin.o
 .ARM.attributes
                0x0000000000000056       0x39 Drivers/STM32F4xx_HAL_Driver/Src/hal_spi_driver.o
 .ARM.attributes
                0x000000000000008f       0x39 Drivers/STM32F4xx_HAL_Driver/Src/led.o
 .ARM.attributes
                0x00000000000000c8       0x39 Drivers/STM32F4xx_HAL_Driver/Src/stm32f4xx_gpio_driver.o
 .ARM.attributes
                0x0000000000000101       0x39 Src/adx345.o
 .ARM.attributes
                0x000000000000013a       0x39 Src/spi_master.o
 .ARM.attributes
                0x0000000000000173       0x39 Src/system_stm32f4xx.o
 .ARM.attributes
                0x00000000000001ac       0x21 startup/startup_stm32f401xe.o
 .ARM.attributes
                0x00000000000001cd       0x34 /Users/huzaifaasif/.p2/pool/plugins/fr.ac6.mcu.externaltools.arm-none.macos64_1.13.1.201703061524/tools/compiler/bin/../lib/gcc/arm-none-eabi/5.4.1/../../../../arm-none-eabi/lib/armv7e-m/fpu/libc_nano.a(lib_a-init.o)
 .ARM.attributes
                0x0000000000000201       0x22 /Users/huzaifaasif/.p2/pool/plugins/fr.ac6.mcu.externaltools.arm-none.macos64_1.13.1.201703061524/tools/compiler/bin/../lib/gcc/arm-none-eabi/5.4.1/armv7e-m/fpu/crtn.o
OUTPUT(SPI_Drivers.elf elf32-littlearm)

.debug_info     0x0000000000000000     0x3668
 .debug_info    0x0000000000000000      0x9f0 Drivers/STM32F4xx_HAL_Driver/Src/hal_spi_driver.o
 .debug_info    0x00000000000009f0      0x5c9 Drivers/STM32F4xx_HAL_Driver/Src/led.o
 .debug_info    0x0000000000000fb9      0x852 Drivers/STM32F4xx_HAL_Driver/Src/stm32f4xx_gpio_driver.o
 .debug_info    0x000000000000180b      0xcc9 Src/adx345.o
 .debug_info    0x00000000000024d4      0xbcc Src/spi_master.o
 .debug_info    0x00000000000030a0      0x51c Src/system_stm32f4xx.o
 .debug_info    0x00000000000035bc       0xac startup/startup_stm32f401xe.o

.debug_abbrev   0x0000000000000000      0x9e9
 .debug_abbrev  0x0000000000000000      0x1fd Drivers/STM32F4xx_HAL_Driver/Src/hal_spi_driver.o
 .debug_abbrev  0x00000000000001fd      0x14c Drivers/STM32F4xx_HAL_Driver/Src/led.o
 .debug_abbrev  0x0000000000000349      0x200 Drivers/STM32F4xx_HAL_Driver/Src/stm32f4xx_gpio_driver.o
 .debug_abbrev  0x0000000000000549      0x1c7 Src/adx345.o
 .debug_abbrev  0x0000000000000710      0x1c3 Src/spi_master.o
 .debug_abbrev  0x00000000000008d3      0x104 Src/system_stm32f4xx.o
 .debug_abbrev  0x00000000000009d7       0x12 startup/startup_stm32f401xe.o

.debug_loc      0x0000000000000000      0xcac
 .debug_loc     0x0000000000000000      0x440 Drivers/STM32F4xx_HAL_Driver/Src/hal_spi_driver.o
 .debug_loc     0x0000000000000440       0xc3 Drivers/STM32F4xx_HAL_Driver/Src/led.o
 .debug_loc     0x0000000000000503      0x333 Drivers/STM32F4xx_HAL_Driver/Src/stm32f4xx_gpio_driver.o
 .debug_loc     0x0000000000000836      0x344 Src/adx345.o
 .debug_loc     0x0000000000000b7a      0x132 Src/system_stm32f4xx.o

.debug_aranges  0x0000000000000000      0x2d0
 .debug_aranges
                0x0000000000000000       0xf0 Drivers/STM32F4xx_HAL_Driver/Src/hal_spi_driver.o
 .debug_aranges
                0x00000000000000f0       0x40 Drivers/STM32F4xx_HAL_Driver/Src/led.o
 .debug_aranges
                0x0000000000000130       0x70 Drivers/STM32F4xx_HAL_Driver/Src/stm32f4xx_gpio_driver.o
 .debug_aranges
                0x00000000000001a0       0x98 Src/adx345.o
 .debug_aranges
                0x0000000000000238       0x48 Src/spi_master.o
 .debug_aranges
                0x0000000000000280       0x28 Src/system_stm32f4xx.o
 .debug_aranges
                0x00000000000002a8       0x28 startup/startup_stm32f401xe.o

.debug_ranges   0x0000000000000000      0x268
 .debug_ranges  0x0000000000000000       0xe0 Drivers/STM32F4xx_HAL_Driver/Src/hal_spi_driver.o
 .debug_ranges  0x00000000000000e0       0x30 Drivers/STM32F4xx_HAL_Driver/Src/led.o
 .debug_ranges  0x0000000000000110       0x60 Drivers/STM32F4xx_HAL_Driver/Src/stm32f4xx_gpio_driver.o
 .debug_ranges  0x0000000000000170       0x88 Src/adx345.o
 .debug_ranges  0x00000000000001f8       0x38 Src/spi_master.o
 .debug_ranges  0x0000000000000230       0x18 Src/system_stm32f4xx.o
 .debug_ranges  0x0000000000000248       0x20 startup/startup_stm32f401xe.o

.debug_macro    0x0000000000000000     0xdbba
 .debug_macro   0x0000000000000000       0xca Drivers/STM32F4xx_HAL_Driver/Src/hal_spi_driver.o
 .debug_macro   0x00000000000000ca      0x892 Drivers/STM32F4xx_HAL_Driver/Src/hal_spi_driver.o
 .debug_macro   0x000000000000095c       0x28 Drivers/STM32F4xx_HAL_Driver/Src/hal_spi_driver.o
 .debug_macro   0x0000000000000984       0x22 Drivers/STM32F4xx_HAL_Driver/Src/hal_spi_driver.o
 .debug_macro   0x00000000000009a6       0x87 Drivers/STM32F4xx_HAL_Driver/Src/hal_spi_driver.o
 .debug_macro   0x0000000000000a2d       0x44 Drivers/STM32F4xx_HAL_Driver/Src/hal_spi_driver.o
 .debug_macro   0x0000000000000a71       0xfd Drivers/STM32F4xx_HAL_Driver/Src/hal_spi_driver.o
 .debug_macro   0x0000000000000b6e       0x5e Drivers/STM32F4xx_HAL_Driver/Src/hal_spi_driver.o
 .debug_macro   0x0000000000000bcc      0x1df Drivers/STM32F4xx_HAL_Driver/Src/hal_spi_driver.o
 .debug_macro   0x0000000000000dab       0x35 Drivers/STM32F4xx_HAL_Driver/Src/hal_spi_driver.o
 .debug_macro   0x0000000000000de0       0x50 Drivers/STM32F4xx_HAL_Driver/Src/hal_spi_driver.o
 .debug_macro   0x0000000000000e30      0xe66 Drivers/STM32F4xx_HAL_Driver/Src/hal_spi_driver.o
 .debug_macro   0x0000000000001c96     0xb71c Drivers/STM32F4xx_HAL_Driver/Src/hal_spi_driver.o
 .debug_macro   0x000000000000d3b2      0x142 Drivers/STM32F4xx_HAL_Driver/Src/hal_spi_driver.o
 .debug_macro   0x000000000000d4f4       0xd3 Drivers/STM32F4xx_HAL_Driver/Src/led.o
 .debug_macro   0x000000000000d5c7       0x76 Drivers/STM32F4xx_HAL_Driver/Src/led.o
 .debug_macro   0x000000000000d63d       0x1c Drivers/STM32F4xx_HAL_Driver/Src/led.o
 .debug_macro   0x000000000000d659       0xca Drivers/STM32F4xx_HAL_Driver/Src/stm32f4xx_gpio_driver.o
 .debug_macro   0x000000000000d723       0xe5 Src/adx345.o
 .debug_macro   0x000000000000d808       0x7c Src/adx345.o
 .debug_macro   0x000000000000d884       0x22 Src/adx345.o
 .debug_macro   0x000000000000d8a6       0x7c Src/adx345.o
 .debug_macro   0x000000000000d922       0xfb Src/spi_master.o
 .debug_macro   0x000000000000da1d       0x4c Src/spi_master.o
 .debug_macro   0x000000000000da69       0xdc Src/system_stm32f4xx.o
 .debug_macro   0x000000000000db45       0x32 Src/system_stm32f4xx.o
 .debug_macro   0x000000000000db77       0x43 Src/system_stm32f4xx.o

.debug_line     0x0000000000000000     0x24a6
 .debug_line    0x0000000000000000      0x74d Drivers/STM32F4xx_HAL_Driver/Src/hal_spi_driver.o
 .debug_line    0x000000000000074d      0x56a Drivers/STM32F4xx_HAL_Driver/Src/led.o
 .debug_line    0x0000000000000cb7      0x5de Drivers/STM32F4xx_HAL_Driver/Src/stm32f4xx_gpio_driver.o
 .debug_line    0x0000000000001295      0x6c0 Src/adx345.o
 .debug_line    0x0000000000001955      0x635 Src/spi_master.o
 .debug_line    0x0000000000001f8a      0x49d Src/system_stm32f4xx.o
 .debug_line    0x0000000000002427       0x7f startup/startup_stm32f401xe.o

.debug_str      0x0000000000000000    0x4d4ec
 .debug_str     0x0000000000000000    0x4c0e6 Drivers/STM32F4xx_HAL_Driver/Src/hal_spi_driver.o
                                      0x4c2af (size before relaxing)
 .debug_str     0x000000000004c0e6      0x59a Drivers/STM32F4xx_HAL_Driver/Src/led.o
                                      0x4bcf5 (size before relaxing)
 .debug_str     0x000000000004c680      0x584 Drivers/STM32F4xx_HAL_Driver/Src/stm32f4xx_gpio_driver.o
                                      0x4c0e0 (size before relaxing)
 .debug_str     0x000000000004cc04      0x38f Src/adx345.o
                                      0x4c7df (size before relaxing)
 .debug_str     0x000000000004cf93      0x138 Src/spi_master.o
                                      0x4ccc6 (size before relaxing)
 .debug_str     0x000000000004d0cb      0x421 Src/system_stm32f4xx.o
                                      0x4bc78 (size before relaxing)

.comment        0x0000000000000000       0x6e
 .comment       0x0000000000000000       0x6e Drivers/STM32F4xx_HAL_Driver/Src/hal_spi_driver.o
                                         0x6f (size before relaxing)
 .comment       0x000000000000006e       0x6f Drivers/STM32F4xx_HAL_Driver/Src/led.o
 .comment       0x000000000000006e       0x6f Drivers/STM32F4xx_HAL_Driver/Src/stm32f4xx_gpio_driver.o
 .comment       0x000000000000006e       0x6f Src/adx345.o
 .comment       0x000000000000006e       0x6f Src/spi_master.o
 .comment       0x000000000000006e       0x6f Src/system_stm32f4xx.o

.debug_frame    0x0000000000000000      0x7d0
 .debug_frame   0x0000000000000000      0x224 Drivers/STM32F4xx_HAL_Driver/Src/hal_spi_driver.o
 .debug_frame   0x0000000000000224       0x94 Drivers/STM32F4xx_HAL_Driver/Src/led.o
 .debug_frame   0x00000000000002b8       0xd8 Drivers/STM32F4xx_HAL_Driver/Src/stm32f4xx_gpio_driver.o
 .debug_frame   0x0000000000000390      0x314 Src/adx345.o
 .debug_frame   0x00000000000006a4       0xd0 Src/spi_master.o
 .debug_frame   0x0000000000000774       0x30 Src/system_stm32f4xx.o
 .debug_frame   0x00000000000007a4       0x2c /Users/huzaifaasif/.p2/pool/plugins/fr.ac6.mcu.externaltools.arm-none.macos64_1.13.1.201703061524/tools/compiler/bin/../lib/gcc/arm-none-eabi/5.4.1/../../../../arm-none-eabi/lib/armv7e-m/fpu/libc_nano.a(lib_a-init.o)
