17:58:10 **** Build of configuration Debug for project SPI_Drivers ****
make all 
Building file: ../startup/startup_stm32f401xe.s
Invoking: MCU GCC Assembler
/engLife/Projects/Mastering embedded systems/STMCubeX/Driver_Development/SPI_Drivers/SPI_Drivers/Debug
arm-none-eabi-as -mcpu=cortex-m4 -mthumb -mfloat-abi=hard -mfpu=fpv4-sp-d16 -g -o "startup/startup_stm32f401xe.o" "../startup/startup_stm32f401xe.s"
Finished building: ../startup/startup_stm32f401xe.s
 
Building file: ../Src/main.c
Invoking: MCU GCC Compiler
/engLife/Projects/Mastering embedded systems/STMCubeX/Driver_Development/SPI_Drivers/SPI_Drivers/Debug
arm-none-eabi-gcc -mcpu=cortex-m4 -mthumb -mfloat-abi=hard -mfpu=fpv4-sp-d16 '-D__weak=__attribute__((weak))' '-D__packed="__attribute__((__packed__))"' -DUSE_HAL_DRIVER -DSTM32F401xE -I"/engLife/Projects/Mastering embedded systems/STMCubeX/Driver_Development/SPI_Drivers/SPI_Drivers/Inc" -I"/engLife/Projects/Mastering embedded systems/STMCubeX/Driver_Development/SPI_Drivers/SPI_Drivers/Drivers/STM32F4xx_HAL_Driver/Inc" -I"/engLife/Projects/Mastering embedded systems/STMCubeX/Driver_Development/SPI_Drivers/SPI_Drivers/Drivers/STM32F4xx_HAL_Driver/Inc/Legacy" -I"/engLife/Projects/Mastering embedded systems/STMCubeX/Driver_Development/SPI_Drivers/SPI_Drivers/Drivers/CMSIS/Device/ST/STM32F4xx/Include" -I"/engLife/Projects/Mastering embedded systems/STMCubeX/Driver_Development/SPI_Drivers/SPI_Drivers/Drivers/CMSIS/Include"  -Og -g3 -Wall -fmessage-length=0 -ffunction-sections -c -fmessage-length=0 -MMD -MP -MF"Src/main.d" -MT"Src/main.o" -o "Src/main.o" "../Src/main.c"
Finished building: ../Src/main.c
 
Building file: ../Src/stm32f4xx_hal_msp.c
Invoking: MCU GCC Compiler
/engLife/Projects/Mastering embedded systems/STMCubeX/Driver_Development/SPI_Drivers/SPI_Drivers/Debug
arm-none-eabi-gcc -mcpu=cortex-m4 -mthumb -mfloat-abi=hard -mfpu=fpv4-sp-d16 '-D__weak=__attribute__((weak))' '-D__packed="__attribute__((__packed__))"' -DUSE_HAL_DRIVER -DSTM32F401xE -I"/engLife/Projects/Mastering embedded systems/STMCubeX/Driver_Development/SPI_Drivers/SPI_Drivers/Inc" -I"/engLife/Projects/Mastering embedded systems/STMCubeX/Driver_Development/SPI_Drivers/SPI_Drivers/Drivers/STM32F4xx_HAL_Driver/Inc" -I"/engLife/Projects/Mastering embedded systems/STMCubeX/Driver_Development/SPI_Drivers/SPI_Drivers/Drivers/STM32F4xx_HAL_Driver/Inc/Legacy" -I"/engLife/Projects/Mastering embedded systems/STMCubeX/Driver_Development/SPI_Drivers/SPI_Drivers/Drivers/CMSIS/Device/ST/STM32F4xx/Include" -I"/engLife/Projects/Mastering embedded systems/STMCubeX/Driver_Development/SPI_Drivers/SPI_Drivers/Drivers/CMSIS/Include"  -Og -g3 -Wall -fmessage-length=0 -ffunction-sections -c -fmessage-length=0 -MMD -MP -MF"Src/stm32f4xx_hal_msp.d" -MT"Src/stm32f4xx_hal_msp.o" -o "Src/stm32f4xx_hal_msp.o" "../Src/stm32f4xx_hal_msp.c"
Finished building: ../Src/stm32f4xx_hal_msp.c
 
Building file: ../Src/stm32f4xx_it.c
Invoking: MCU GCC Compiler
/engLife/Projects/Mastering embedded systems/STMCubeX/Driver_Development/SPI_Drivers/SPI_Drivers/Debug
arm-none-eabi-gcc -mcpu=cortex-m4 -mthumb -mfloat-abi=hard -mfpu=fpv4-sp-d16 '-D__weak=__attribute__((weak))' '-D__packed="__attribute__((__packed__))"' -DUSE_HAL_DRIVER -DSTM32F401xE -I"/engLife/Projects/Mastering embedded systems/STMCubeX/Driver_Development/SPI_Drivers/SPI_Drivers/Inc" -I"/engLife/Projects/Mastering embedded systems/STMCubeX/Driver_Development/SPI_Drivers/SPI_Drivers/Drivers/STM32F4xx_HAL_Driver/Inc" -I"/engLife/Projects/Mastering embedded systems/STMCubeX/Driver_Development/SPI_Drivers/SPI_Drivers/Drivers/STM32F4xx_HAL_Driver/Inc/Legacy" -I"/engLife/Projects/Mastering embedded systems/STMCubeX/Driver_Development/SPI_Drivers/SPI_Drivers/Drivers/CMSIS/Device/ST/STM32F4xx/Include" -I"/engLife/Projects/Mastering embedded systems/STMCubeX/Driver_Development/SPI_Drivers/SPI_Drivers/Drivers/CMSIS/Include"  -Og -g3 -Wall -fmessage-length=0 -ffunction-sections -c -fmessage-length=0 -MMD -MP -MF"Src/stm32f4xx_it.d" -MT"Src/stm32f4xx_it.o" -o "Src/stm32f4xx_it.o" "../Src/stm32f4xx_it.c"
Finished building: ../Src/stm32f4xx_it.c
 
Building file: ../Src/system_stm32f4xx.c
Invoking: MCU GCC Compiler
/engLife/Projects/Mastering embedded systems/STMCubeX/Driver_Development/SPI_Drivers/SPI_Drivers/Debug
arm-none-eabi-gcc -mcpu=cortex-m4 -mthumb -mfloat-abi=hard -mfpu=fpv4-sp-d16 '-D__weak=__attribute__((weak))' '-D__packed="__attribute__((__packed__))"' -DUSE_HAL_DRIVER -DSTM32F401xE -I"/engLife/Projects/Mastering embedded systems/STMCubeX/Driver_Development/SPI_Drivers/SPI_Drivers/Inc" -I"/engLife/Projects/Mastering embedded systems/STMCubeX/Driver_Development/SPI_Drivers/SPI_Drivers/Drivers/STM32F4xx_HAL_Driver/Inc" -I"/engLife/Projects/Mastering embedded systems/STMCubeX/Driver_Development/SPI_Drivers/SPI_Drivers/Drivers/STM32F4xx_HAL_Driver/Inc/Legacy" -I"/engLife/Projects/Mastering embedded systems/STMCubeX/Driver_Development/SPI_Drivers/SPI_Drivers/Drivers/CMSIS/Device/ST/STM32F4xx/Include" -I"/engLife/Projects/Mastering embedded systems/STMCubeX/Driver_Development/SPI_Drivers/SPI_Drivers/Drivers/CMSIS/Include"  -Og -g3 -Wall -fmessage-length=0 -ffunction-sections -c -fmessage-length=0 -MMD -MP -MF"Src/system_stm32f4xx.d" -MT"Src/system_stm32f4xx.o" -o "Src/system_stm32f4xx.o" "../Src/system_stm32f4xx.c"
Finished building: ../Src/system_stm32f4xx.c
 
Building file: ../Drivers/STM32F4xx_HAL_Driver/Src/stm32f4xx_hal.c
Invoking: MCU GCC Compiler
/engLife/Projects/Mastering embedded systems/STMCubeX/Driver_Development/SPI_Drivers/SPI_Drivers/Debug
arm-none-eabi-gcc -mcpu=cortex-m4 -mthumb -mfloat-abi=hard -mfpu=fpv4-sp-d16 '-D__weak=__attribute__((weak))' '-D__packed="__attribute__((__packed__))"' -DUSE_HAL_DRIVER -DSTM32F401xE -I"/engLife/Projects/Mastering embedded systems/STMCubeX/Driver_Development/SPI_Drivers/SPI_Drivers/Inc" -I"/engLife/Projects/Mastering embedded systems/STMCubeX/Driver_Development/SPI_Drivers/SPI_Drivers/Drivers/STM32F4xx_HAL_Driver/Inc" -I"/engLife/Projects/Mastering embedded systems/STMCubeX/Driver_Development/SPI_Drivers/SPI_Drivers/Drivers/STM32F4xx_HAL_Driver/Inc/Legacy" -I"/engLife/Projects/Mastering embedded systems/STMCubeX/Driver_Development/SPI_Drivers/SPI_Drivers/Drivers/CMSIS/Device/ST/STM32F4xx/Include" -I"/engLife/Projects/Mastering embedded systems/STMCubeX/Driver_Development/SPI_Drivers/SPI_Drivers/Drivers/CMSIS/Include"  -Og -g3 -Wall -fmessage-length=0 -ffunction-sections -c -fmessage-length=0 -MMD -MP -MF"Drivers/STM32F4xx_HAL_Driver/Src/stm32f4xx_hal.d" -MT"Drivers/STM32F4xx_HAL_Driver/Src/stm32f4xx_hal.o" -o "Drivers/STM32F4xx_HAL_Driver/Src/stm32f4xx_hal.o" "../Drivers/STM32F4xx_HAL_Driver/Src/stm32f4xx_hal.c"
Finished building: ../Drivers/STM32F4xx_HAL_Driver/Src/stm32f4xx_hal.c
 
Building file: ../Drivers/STM32F4xx_HAL_Driver/Src/stm32f4xx_hal_cortex.c
Invoking: MCU GCC Compiler
/engLife/Projects/Mastering embedded systems/STMCubeX/Driver_Development/SPI_Drivers/SPI_Drivers/Debug
arm-none-eabi-gcc -mcpu=cortex-m4 -mthumb -mfloat-abi=hard -mfpu=fpv4-sp-d16 '-D__weak=__attribute__((weak))' '-D__packed="__attribute__((__packed__))"' -DUSE_HAL_DRIVER -DSTM32F401xE -I"/engLife/Projects/Mastering embedded systems/STMCubeX/Driver_Development/SPI_Drivers/SPI_Drivers/Inc" -I"/engLife/Projects/Mastering embedded systems/STMCubeX/Driver_Development/SPI_Drivers/SPI_Drivers/Drivers/STM32F4xx_HAL_Driver/Inc" -I"/engLife/Projects/Mastering embedded systems/STMCubeX/Driver_Development/SPI_Drivers/SPI_Drivers/Drivers/STM32F4xx_HAL_Driver/Inc/Legacy" -I"/engLife/Projects/Mastering embedded systems/STMCubeX/Driver_Development/SPI_Drivers/SPI_Drivers/Drivers/CMSIS/Device/ST/STM32F4xx/Include" -I"/engLife/Projects/Mastering embedded systems/STMCubeX/Driver_Development/SPI_Drivers/SPI_Drivers/Drivers/CMSIS/Include"  -Og -g3 -Wall -fmessage-length=0 -ffunction-sections -c -fmessage-length=0 -MMD -MP -MF"Drivers/STM32F4xx_HAL_Driver/Src/stm32f4xx_hal_cortex.d" -MT"Drivers/STM32F4xx_HAL_Driver/Src/stm32f4xx_hal_cortex.o" -o "Drivers/STM32F4xx_HAL_Driver/Src/stm32f4xx_hal_cortex.o" "../Drivers/STM32F4xx_HAL_Driver/Src/stm32f4xx_hal_cortex.c"
Finished building: ../Drivers/STM32F4xx_HAL_Driver/Src/stm32f4xx_hal_cortex.c
 
Building file: ../Drivers/STM32F4xx_HAL_Driver/Src/stm32f4xx_hal_dma.c
Invoking: MCU GCC Compiler
/engLife/Projects/Mastering embedded systems/STMCubeX/Driver_Development/SPI_Drivers/SPI_Drivers/Debug
arm-none-eabi-gcc -mcpu=cortex-m4 -mthumb -mfloat-abi=hard -mfpu=fpv4-sp-d16 '-D__weak=__attribute__((weak))' '-D__packed="__attribute__((__packed__))"' -DUSE_HAL_DRIVER -DSTM32F401xE -I"/engLife/Projects/Mastering embedded systems/STMCubeX/Driver_Development/SPI_Drivers/SPI_Drivers/Inc" -I"/engLife/Projects/Mastering embedded systems/STMCubeX/Driver_Development/SPI_Drivers/SPI_Drivers/Drivers/STM32F4xx_HAL_Driver/Inc" -I"/engLife/Projects/Mastering embedded systems/STMCubeX/Driver_Development/SPI_Drivers/SPI_Drivers/Drivers/STM32F4xx_HAL_Driver/Inc/Legacy" -I"/engLife/Projects/Mastering embedded systems/STMCubeX/Driver_Development/SPI_Drivers/SPI_Drivers/Drivers/CMSIS/Device/ST/STM32F4xx/Include" -I"/engLife/Projects/Mastering embedded systems/STMCubeX/Driver_Development/SPI_Drivers/SPI_Drivers/Drivers/CMSIS/Include"  -Og -g3 -Wall -fmessage-length=0 -ffunction-sections -c -fmessage-length=0 -MMD -MP -MF"Drivers/STM32F4xx_HAL_Driver/Src/stm32f4xx_hal_dma.d" -MT"Drivers/STM32F4xx_HAL_Driver/Src/stm32f4xx_hal_dma.o" -o "Drivers/STM32F4xx_HAL_Driver/Src/stm32f4xx_hal_dma.o" "../Drivers/STM32F4xx_HAL_Driver/Src/stm32f4xx_hal_dma.c"
Finished building: ../Drivers/STM32F4xx_HAL_Driver/Src/stm32f4xx_hal_dma.c
 
Building file: ../Drivers/STM32F4xx_HAL_Driver/Src/stm32f4xx_hal_dma_ex.c
Invoking: MCU GCC Compiler
/engLife/Projects/Mastering embedded systems/STMCubeX/Driver_Development/SPI_Drivers/SPI_Drivers/Debug
arm-none-eabi-gcc -mcpu=cortex-m4 -mthumb -mfloat-abi=hard -mfpu=fpv4-sp-d16 '-D__weak=__attribute__((weak))' '-D__packed="__attribute__((__packed__))"' -DUSE_HAL_DRIVER -DSTM32F401xE -I"/engLife/Projects/Mastering embedded systems/STMCubeX/Driver_Development/SPI_Drivers/SPI_Drivers/Inc" -I"/engLife/Projects/Mastering embedded systems/STMCubeX/Driver_Development/SPI_Drivers/SPI_Drivers/Drivers/STM32F4xx_HAL_Driver/Inc" -I"/engLife/Projects/Mastering embedded systems/STMCubeX/Driver_Development/SPI_Drivers/SPI_Drivers/Drivers/STM32F4xx_HAL_Driver/Inc/Legacy" -I"/engLife/Projects/Mastering embedded systems/STMCubeX/Driver_Development/SPI_Drivers/SPI_Drivers/Drivers/CMSIS/Device/ST/STM32F4xx/Include" -I"/engLife/Projects/Mastering embedded systems/STMCubeX/Driver_Development/SPI_Drivers/SPI_Drivers/Drivers/CMSIS/Include"  -Og -g3 -Wall -fmessage-length=0 -ffunction-sections -c -fmessage-length=0 -MMD -MP -MF"Drivers/STM32F4xx_HAL_Driver/Src/stm32f4xx_hal_dma_ex.d" -MT"Drivers/STM32F4xx_HAL_Driver/Src/stm32f4xx_hal_dma_ex.o" -o "Drivers/STM32F4xx_HAL_Driver/Src/stm32f4xx_hal_dma_ex.o" "../Drivers/STM32F4xx_HAL_Driver/Src/stm32f4xx_hal_dma_ex.c"
Finished building: ../Drivers/STM32F4xx_HAL_Driver/Src/stm32f4xx_hal_dma_ex.c
 
Building file: ../Drivers/STM32F4xx_HAL_Driver/Src/stm32f4xx_hal_flash.c
Invoking: MCU GCC Compiler
/engLife/Projects/Mastering embedded systems/STMCubeX/Driver_Development/SPI_Drivers/SPI_Drivers/Debug
arm-none-eabi-gcc -mcpu=cortex-m4 -mthumb -mfloat-abi=hard -mfpu=fpv4-sp-d16 '-D__weak=__attribute__((weak))' '-D__packed="__attribute__((__packed__))"' -DUSE_HAL_DRIVER -DSTM32F401xE -I"/engLife/Projects/Mastering embedded systems/STMCubeX/Driver_Development/SPI_Drivers/SPI_Drivers/Inc" -I"/engLife/Projects/Mastering embedded systems/STMCubeX/Driver_Development/SPI_Drivers/SPI_Drivers/Drivers/STM32F4xx_HAL_Driver/Inc" -I"/engLife/Projects/Mastering embedded systems/STMCubeX/Driver_Development/SPI_Drivers/SPI_Drivers/Drivers/STM32F4xx_HAL_Driver/Inc/Legacy" -I"/engLife/Projects/Mastering embedded systems/STMCubeX/Driver_Development/SPI_Drivers/SPI_Drivers/Drivers/CMSIS/Device/ST/STM32F4xx/Include" -I"/engLife/Projects/Mastering embedded systems/STMCubeX/Driver_Development/SPI_Drivers/SPI_Drivers/Drivers/CMSIS/Include"  -Og -g3 -Wall -fmessage-length=0 -ffunction-sections -c -fmessage-length=0 -MMD -MP -MF"Drivers/STM32F4xx_HAL_Driver/Src/stm32f4xx_hal_flash.d" -MT"Drivers/STM32F4xx_HAL_Driver/Src/stm32f4xx_hal_flash.o" -o "Drivers/STM32F4xx_HAL_Driver/Src/stm32f4xx_hal_flash.o" "../Drivers/STM32F4xx_HAL_Driver/Src/stm32f4xx_hal_flash.c"
Finished building: ../Drivers/STM32F4xx_HAL_Driver/Src/stm32f4xx_hal_flash.c
 
Building file: ../Drivers/STM32F4xx_HAL_Driver/Src/stm32f4xx_hal_flash_ex.c
Invoking: MCU GCC Compiler
/engLife/Projects/Mastering embedded systems/STMCubeX/Driver_Development/SPI_Drivers/SPI_Drivers/Debug
arm-none-eabi-gcc -mcpu=cortex-m4 -mthumb -mfloat-abi=hard -mfpu=fpv4-sp-d16 '-D__weak=__attribute__((weak))' '-D__packed="__attribute__((__packed__))"' -DUSE_HAL_DRIVER -DSTM32F401xE -I"/engLife/Projects/Mastering embedded systems/STMCubeX/Driver_Development/SPI_Drivers/SPI_Drivers/Inc" -I"/engLife/Projects/Mastering embedded systems/STMCubeX/Driver_Development/SPI_Drivers/SPI_Drivers/Drivers/STM32F4xx_HAL_Driver/Inc" -I"/engLife/Projects/Mastering embedded systems/STMCubeX/Driver_Development/SPI_Drivers/SPI_Drivers/Drivers/STM32F4xx_HAL_Driver/Inc/Legacy" -I"/engLife/Projects/Mastering embedded systems/STMCubeX/Driver_Development/SPI_Drivers/SPI_Drivers/Drivers/CMSIS/Device/ST/STM32F4xx/Include" -I"/engLife/Projects/Mastering embedded systems/STMCubeX/Driver_Development/SPI_Drivers/SPI_Drivers/Drivers/CMSIS/Include"  -Og -g3 -Wall -fmessage-length=0 -ffunction-sections -c -fmessage-length=0 -MMD -MP -MF"Drivers/STM32F4xx_HAL_Driver/Src/stm32f4xx_hal_flash_ex.d" -MT"Drivers/STM32F4xx_HAL_Driver/Src/stm32f4xx_hal_flash_ex.o" -o "Drivers/STM32F4xx_HAL_Driver/Src/stm32f4xx_hal_flash_ex.o" "../Drivers/STM32F4xx_HAL_Driver/Src/stm32f4xx_hal_flash_ex.c"
Finished building: ../Drivers/STM32F4xx_HAL_Driver/Src/stm32f4xx_hal_flash_ex.c
 
Building file: ../Drivers/STM32F4xx_HAL_Driver/Src/stm32f4xx_hal_flash_ramfunc.c
Invoking: MCU GCC Compiler
/engLife/Projects/Mastering embedded systems/STMCubeX/Driver_Development/SPI_Drivers/SPI_Drivers/Debug
arm-none-eabi-gcc -mcpu=cortex-m4 -mthumb -mfloat-abi=hard -mfpu=fpv4-sp-d16 '-D__weak=__attribute__((weak))' '-D__packed="__attribute__((__packed__))"' -DUSE_HAL_DRIVER -DSTM32F401xE -I"/engLife/Projects/Mastering embedded systems/STMCubeX/Driver_Development/SPI_Drivers/SPI_Drivers/Inc" -I"/engLife/Projects/Mastering embedded systems/STMCubeX/Driver_Development/SPI_Drivers/SPI_Drivers/Drivers/STM32F4xx_HAL_Driver/Inc" -I"/engLife/Projects/Mastering embedded systems/STMCubeX/Driver_Development/SPI_Drivers/SPI_Drivers/Drivers/STM32F4xx_HAL_Driver/Inc/Legacy" -I"/engLife/Projects/Mastering embedded systems/STMCubeX/Driver_Development/SPI_Drivers/SPI_Drivers/Drivers/CMSIS/Device/ST/STM32F4xx/Include" -I"/engLife/Projects/Mastering embedded systems/STMCubeX/Driver_Development/SPI_Drivers/SPI_Drivers/Drivers/CMSIS/Include"  -Og -g3 -Wall -fmessage-length=0 -ffunction-sections -c -fmessage-length=0 -MMD -MP -MF"Drivers/STM32F4xx_HAL_Driver/Src/stm32f4xx_hal_flash_ramfunc.d" -MT"Drivers/STM32F4xx_HAL_Driver/Src/stm32f4xx_hal_flash_ramfunc.o" -o "Drivers/STM32F4xx_HAL_Driver/Src/stm32f4xx_hal_flash_ramfunc.o" "../Drivers/STM32F4xx_HAL_Driver/Src/stm32f4xx_hal_flash_ramfunc.c"
Finished building: ../Drivers/STM32F4xx_HAL_Driver/Src/stm32f4xx_hal_flash_ramfunc.c
 
Building file: ../Drivers/STM32F4xx_HAL_Driver/Src/stm32f4xx_hal_gpio.c
Invoking: MCU GCC Compiler
/engLife/Projects/Mastering embedded systems/STMCubeX/Driver_Development/SPI_Drivers/SPI_Drivers/Debug
arm-none-eabi-gcc -mcpu=cortex-m4 -mthumb -mfloat-abi=hard -mfpu=fpv4-sp-d16 '-D__weak=__attribute__((weak))' '-D__packed="__attribute__((__packed__))"' -DUSE_HAL_DRIVER -DSTM32F401xE -I"/engLife/Projects/Mastering embedded systems/STMCubeX/Driver_Development/SPI_Drivers/SPI_Drivers/Inc" -I"/engLife/Projects/Mastering embedded systems/STMCubeX/Driver_Development/SPI_Drivers/SPI_Drivers/Drivers/STM32F4xx_HAL_Driver/Inc" -I"/engLife/Projects/Mastering embedded systems/STMCubeX/Driver_Development/SPI_Drivers/SPI_Drivers/Drivers/STM32F4xx_HAL_Driver/Inc/Legacy" -I"/engLife/Projects/Mastering embedded systems/STMCubeX/Driver_Development/SPI_Drivers/SPI_Drivers/Drivers/CMSIS/Device/ST/STM32F4xx/Include" -I"/engLife/Projects/Mastering embedded systems/STMCubeX/Driver_Development/SPI_Drivers/SPI_Drivers/Drivers/CMSIS/Include"  -Og -g3 -Wall -fmessage-length=0 -ffunction-sections -c -fmessage-length=0 -MMD -MP -MF"Drivers/STM32F4xx_HAL_Driver/Src/stm32f4xx_hal_gpio.d" -MT"Drivers/STM32F4xx_HAL_Driver/Src/stm32f4xx_hal_gpio.o" -o "Drivers/STM32F4xx_HAL_Driver/Src/stm32f4xx_hal_gpio.o" "../Drivers/STM32F4xx_HAL_Driver/Src/stm32f4xx_hal_gpio.c"
Finished building: ../Drivers/STM32F4xx_HAL_Driver/Src/stm32f4xx_hal_gpio.c
 
Building file: ../Drivers/STM32F4xx_HAL_Driver/Src/stm32f4xx_hal_pwr.c
Invoking: MCU GCC Compiler
/engLife/Projects/Mastering embedded systems/STMCubeX/Driver_Development/SPI_Drivers/SPI_Drivers/Debug
arm-none-eabi-gcc -mcpu=cortex-m4 -mthumb -mfloat-abi=hard -mfpu=fpv4-sp-d16 '-D__weak=__attribute__((weak))' '-D__packed="__attribute__((__packed__))"' -DUSE_HAL_DRIVER -DSTM32F401xE -I"/engLife/Projects/Mastering embedded systems/STMCubeX/Driver_Development/SPI_Drivers/SPI_Drivers/Inc" -I"/engLife/Projects/Mastering embedded systems/STMCubeX/Driver_Development/SPI_Drivers/SPI_Drivers/Drivers/STM32F4xx_HAL_Driver/Inc" -I"/engLife/Projects/Mastering embedded systems/STMCubeX/Driver_Development/SPI_Drivers/SPI_Drivers/Drivers/STM32F4xx_HAL_Driver/Inc/Legacy" -I"/engLife/Projects/Mastering embedded systems/STMCubeX/Driver_Development/SPI_Drivers/SPI_Drivers/Drivers/CMSIS/Device/ST/STM32F4xx/Include" -I"/engLife/Projects/Mastering embedded systems/STMCubeX/Driver_Development/SPI_Drivers/SPI_Drivers/Drivers/CMSIS/Include"  -Og -g3 -Wall -fmessage-length=0 -ffunction-sections -c -fmessage-length=0 -MMD -MP -MF"Drivers/STM32F4xx_HAL_Driver/Src/stm32f4xx_hal_pwr.d" -MT"Drivers/STM32F4xx_HAL_Driver/Src/stm32f4xx_hal_pwr.o" -o "Drivers/STM32F4xx_HAL_Driver/Src/stm32f4xx_hal_pwr.o" "../Drivers/STM32F4xx_HAL_Driver/Src/stm32f4xx_hal_pwr.c"
Finished building: ../Drivers/STM32F4xx_HAL_Driver/Src/stm32f4xx_hal_pwr.c
 
Building file: ../Drivers/STM32F4xx_HAL_Driver/Src/stm32f4xx_hal_pwr_ex.c
Invoking: MCU GCC Compiler
/engLife/Projects/Mastering embedded systems/STMCubeX/Driver_Development/SPI_Drivers/SPI_Drivers/Debug
arm-none-eabi-gcc -mcpu=cortex-m4 -mthumb -mfloat-abi=hard -mfpu=fpv4-sp-d16 '-D__weak=__attribute__((weak))' '-D__packed="__attribute__((__packed__))"' -DUSE_HAL_DRIVER -DSTM32F401xE -I"/engLife/Projects/Mastering embedded systems/STMCubeX/Driver_Development/SPI_Drivers/SPI_Drivers/Inc" -I"/engLife/Projects/Mastering embedded systems/STMCubeX/Driver_Development/SPI_Drivers/SPI_Drivers/Drivers/STM32F4xx_HAL_Driver/Inc" -I"/engLife/Projects/Mastering embedded systems/STMCubeX/Driver_Development/SPI_Drivers/SPI_Drivers/Drivers/STM32F4xx_HAL_Driver/Inc/Legacy" -I"/engLife/Projects/Mastering embedded systems/STMCubeX/Driver_Development/SPI_Drivers/SPI_Drivers/Drivers/CMSIS/Device/ST/STM32F4xx/Include" -I"/engLife/Projects/Mastering embedded systems/STMCubeX/Driver_Development/SPI_Drivers/SPI_Drivers/Drivers/CMSIS/Include"  -Og -g3 -Wall -fmessage-length=0 -ffunction-sections -c -fmessage-length=0 -MMD -MP -MF"Drivers/STM32F4xx_HAL_Driver/Src/stm32f4xx_hal_pwr_ex.d" -MT"Drivers/STM32F4xx_HAL_Driver/Src/stm32f4xx_hal_pwr_ex.o" -o "Drivers/STM32F4xx_HAL_Driver/Src/stm32f4xx_hal_pwr_ex.o" "../Drivers/STM32F4xx_HAL_Driver/Src/stm32f4xx_hal_pwr_ex.c"
Finished building: ../Drivers/STM32F4xx_HAL_Driver/Src/stm32f4xx_hal_pwr_ex.c
 
Building file: ../Drivers/STM32F4xx_HAL_Driver/Src/stm32f4xx_hal_rcc.c
Invoking: MCU GCC Compiler
/engLife/Projects/Mastering embedded systems/STMCubeX/Driver_Development/SPI_Drivers/SPI_Drivers/Debug
arm-none-eabi-gcc -mcpu=cortex-m4 -mthumb -mfloat-abi=hard -mfpu=fpv4-sp-d16 '-D__weak=__attribute__((weak))' '-D__packed="__attribute__((__packed__))"' -DUSE_HAL_DRIVER -DSTM32F401xE -I"/engLife/Projects/Mastering embedded systems/STMCubeX/Driver_Development/SPI_Drivers/SPI_Drivers/Inc" -I"/engLife/Projects/Mastering embedded systems/STMCubeX/Driver_Development/SPI_Drivers/SPI_Drivers/Drivers/STM32F4xx_HAL_Driver/Inc" -I"/engLife/Projects/Mastering embedded systems/STMCubeX/Driver_Development/SPI_Drivers/SPI_Drivers/Drivers/STM32F4xx_HAL_Driver/Inc/Legacy" -I"/engLife/Projects/Mastering embedded systems/STMCubeX/Driver_Development/SPI_Drivers/SPI_Drivers/Drivers/CMSIS/Device/ST/STM32F4xx/Include" -I"/engLife/Projects/Mastering embedded systems/STMCubeX/Driver_Development/SPI_Drivers/SPI_Drivers/Drivers/CMSIS/Include"  -Og -g3 -Wall -fmessage-length=0 -ffunction-sections -c -fmessage-length=0 -MMD -MP -MF"Drivers/STM32F4xx_HAL_Driver/Src/stm32f4xx_hal_rcc.d" -MT"Drivers/STM32F4xx_HAL_Driver/Src/stm32f4xx_hal_rcc.o" -o "Drivers/STM32F4xx_HAL_Driver/Src/stm32f4xx_hal_rcc.o" "../Drivers/STM32F4xx_HAL_Driver/Src/stm32f4xx_hal_rcc.c"
Finished building: ../Drivers/STM32F4xx_HAL_Driver/Src/stm32f4xx_hal_rcc.c
 
Building file: ../Drivers/STM32F4xx_HAL_Driver/Src/stm32f4xx_hal_rcc_ex.c
Invoking: MCU GCC Compiler
/engLife/Projects/Mastering embedded systems/STMCubeX/Driver_Development/SPI_Drivers/SPI_Drivers/Debug
arm-none-eabi-gcc -mcpu=cortex-m4 -mthumb -mfloat-abi=hard -mfpu=fpv4-sp-d16 '-D__weak=__attribute__((weak))' '-D__packed="__attribute__((__packed__))"' -DUSE_HAL_DRIVER -DSTM32F401xE -I"/engLife/Projects/Mastering embedded systems/STMCubeX/Driver_Development/SPI_Drivers/SPI_Drivers/Inc" -I"/engLife/Projects/Mastering embedded systems/STMCubeX/Driver_Development/SPI_Drivers/SPI_Drivers/Drivers/STM32F4xx_HAL_Driver/Inc" -I"/engLife/Projects/Mastering embedded systems/STMCubeX/Driver_Development/SPI_Drivers/SPI_Drivers/Drivers/STM32F4xx_HAL_Driver/Inc/Legacy" -I"/engLife/Projects/Mastering embedded systems/STMCubeX/Driver_Development/SPI_Drivers/SPI_Drivers/Drivers/CMSIS/Device/ST/STM32F4xx/Include" -I"/engLife/Projects/Mastering embedded systems/STMCubeX/Driver_Development/SPI_Drivers/SPI_Drivers/Drivers/CMSIS/Include"  -Og -g3 -Wall -fmessage-length=0 -ffunction-sections -c -fmessage-length=0 -MMD -MP -MF"Drivers/STM32F4xx_HAL_Driver/Src/stm32f4xx_hal_rcc_ex.d" -MT"Drivers/STM32F4xx_HAL_Driver/Src/stm32f4xx_hal_rcc_ex.o" -o "Drivers/STM32F4xx_HAL_Driver/Src/stm32f4xx_hal_rcc_ex.o" "../Drivers/STM32F4xx_HAL_Driver/Src/stm32f4xx_hal_rcc_ex.c"
Finished building: ../Drivers/STM32F4xx_HAL_Driver/Src/stm32f4xx_hal_rcc_ex.c
 
Building file: ../Drivers/STM32F4xx_HAL_Driver/Src/stm32f4xx_hal_tim.c
Invoking: MCU GCC Compiler
/engLife/Projects/Mastering embedded systems/STMCubeX/Driver_Development/SPI_Drivers/SPI_Drivers/Debug
arm-none-eabi-gcc -mcpu=cortex-m4 -mthumb -mfloat-abi=hard -mfpu=fpv4-sp-d16 '-D__weak=__attribute__((weak))' '-D__packed="__attribute__((__packed__))"' -DUSE_HAL_DRIVER -DSTM32F401xE -I"/engLife/Projects/Mastering embedded systems/STMCubeX/Driver_Development/SPI_Drivers/SPI_Drivers/Inc" -I"/engLife/Projects/Mastering embedded systems/STMCubeX/Driver_Development/SPI_Drivers/SPI_Drivers/Drivers/STM32F4xx_HAL_Driver/Inc" -I"/engLife/Projects/Mastering embedded systems/STMCubeX/Driver_Development/SPI_Drivers/SPI_Drivers/Drivers/STM32F4xx_HAL_Driver/Inc/Legacy" -I"/engLife/Projects/Mastering embedded systems/STMCubeX/Driver_Development/SPI_Drivers/SPI_Drivers/Drivers/CMSIS/Device/ST/STM32F4xx/Include" -I"/engLife/Projects/Mastering embedded systems/STMCubeX/Driver_Development/SPI_Drivers/SPI_Drivers/Drivers/CMSIS/Include"  -Og -g3 -Wall -fmessage-length=0 -ffunction-sections -c -fmessage-length=0 -MMD -MP -MF"Drivers/STM32F4xx_HAL_Driver/Src/stm32f4xx_hal_tim.d" -MT"Drivers/STM32F4xx_HAL_Driver/Src/stm32f4xx_hal_tim.o" -o "Drivers/STM32F4xx_HAL_Driver/Src/stm32f4xx_hal_tim.o" "../Drivers/STM32F4xx_HAL_Driver/Src/stm32f4xx_hal_tim.c"
Finished building: ../Drivers/STM32F4xx_HAL_Driver/Src/stm32f4xx_hal_tim.c
 
Building file: ../Drivers/STM32F4xx_HAL_Driver/Src/stm32f4xx_hal_tim_ex.c
Invoking: MCU GCC Compiler
/engLife/Projects/Mastering embedded systems/STMCubeX/Driver_Development/SPI_Drivers/SPI_Drivers/Debug
arm-none-eabi-gcc -mcpu=cortex-m4 -mthumb -mfloat-abi=hard -mfpu=fpv4-sp-d16 '-D__weak=__attribute__((weak))' '-D__packed="__attribute__((__packed__))"' -DUSE_HAL_DRIVER -DSTM32F401xE -I"/engLife/Projects/Mastering embedded systems/STMCubeX/Driver_Development/SPI_Drivers/SPI_Drivers/Inc" -I"/engLife/Projects/Mastering embedded systems/STMCubeX/Driver_Development/SPI_Drivers/SPI_Drivers/Drivers/STM32F4xx_HAL_Driver/Inc" -I"/engLife/Projects/Mastering embedded systems/STMCubeX/Driver_Development/SPI_Drivers/SPI_Drivers/Drivers/STM32F4xx_HAL_Driver/Inc/Legacy" -I"/engLife/Projects/Mastering embedded systems/STMCubeX/Driver_Development/SPI_Drivers/SPI_Drivers/Drivers/CMSIS/Device/ST/STM32F4xx/Include" -I"/engLife/Projects/Mastering embedded systems/STMCubeX/Driver_Development/SPI_Drivers/SPI_Drivers/Drivers/CMSIS/Include"  -Og -g3 -Wall -fmessage-length=0 -ffunction-sections -c -fmessage-length=0 -MMD -MP -MF"Drivers/STM32F4xx_HAL_Driver/Src/stm32f4xx_hal_tim_ex.d" -MT"Drivers/STM32F4xx_HAL_Driver/Src/stm32f4xx_hal_tim_ex.o" -o "Drivers/STM32F4xx_HAL_Driver/Src/stm32f4xx_hal_tim_ex.o" "../Drivers/STM32F4xx_HAL_Driver/Src/stm32f4xx_hal_tim_ex.c"
Finished building: ../Drivers/STM32F4xx_HAL_Driver/Src/stm32f4xx_hal_tim_ex.c
 
Building file: ../Drivers/STM32F4xx_HAL_Driver/Src/stm32f4xx_hal_uart.c
Invoking: MCU GCC Compiler
/engLife/Projects/Mastering embedded systems/STMCubeX/Driver_Development/SPI_Drivers/SPI_Drivers/Debug
arm-none-eabi-gcc -mcpu=cortex-m4 -mthumb -mfloat-abi=hard -mfpu=fpv4-sp-d16 '-D__weak=__attribute__((weak))' '-D__packed="__attribute__((__packed__))"' -DUSE_HAL_DRIVER -DSTM32F401xE -I"/engLife/Projects/Mastering embedded systems/STMCubeX/Driver_Development/SPI_Drivers/SPI_Drivers/Inc" -I"/engLife/Projects/Mastering embedded systems/STMCubeX/Driver_Development/SPI_Drivers/SPI_Drivers/Drivers/STM32F4xx_HAL_Driver/Inc" -I"/engLife/Projects/Mastering embedded systems/STMCubeX/Driver_Development/SPI_Drivers/SPI_Drivers/Drivers/STM32F4xx_HAL_Driver/Inc/Legacy" -I"/engLife/Projects/Mastering embedded systems/STMCubeX/Driver_Development/SPI_Drivers/SPI_Drivers/Drivers/CMSIS/Device/ST/STM32F4xx/Include" -I"/engLife/Projects/Mastering embedded systems/STMCubeX/Driver_Development/SPI_Drivers/SPI_Drivers/Drivers/CMSIS/Include"  -Og -g3 -Wall -fmessage-length=0 -ffunction-sections -c -fmessage-length=0 -MMD -MP -MF"Drivers/STM32F4xx_HAL_Driver/Src/stm32f4xx_hal_uart.d" -MT"Drivers/STM32F4xx_HAL_Driver/Src/stm32f4xx_hal_uart.o" -o "Drivers/STM32F4xx_HAL_Driver/Src/stm32f4xx_hal_uart.o" "../Drivers/STM32F4xx_HAL_Driver/Src/stm32f4xx_hal_uart.c"
Finished building: ../Drivers/STM32F4xx_HAL_Driver/Src/stm32f4xx_hal_uart.c
 
Building target: SPI_Drivers.elf
Invoking: MCU GCC Linker
arm-none-eabi-gcc -mcpu=cortex-m4 -mthumb -mfloat-abi=hard -mfpu=fpv4-sp-d16 -specs=nosys.specs -specs=nano.specs -T"../STM32F401RETx_FLASH.ld" -Wl,-Map=output.map -Wl,--gc-sections -lm -o "SPI_Drivers.elf" @"objects.list"  
Finished building target: SPI_Drivers.elf
 
/Library/Developer/CommandLineTools/usr/bin/make --no-print-directory post-build
Generating binary and Printing size information:
arm-none-eabi-objcopy -O binary "SPI_Drivers.elf" "SPI_Drivers.bin"
arm-none-eabi-size "SPI_Drivers.elf"
   text	   data	    bss	    dec	    hex	filename
   5536	     20	   1636	   7192	   1c18	SPI_Drivers.elf
 
18:06:03 **** Incremental Build of configuration Debug for project SPI_Drivers ****
make all 
Building file: ../Src/system_stm32f4xx.c
Invoking: MCU GCC Compiler
/engLife/Projects/Mastering embedded systems/STMCubeX/Driver_Development/SPI_Drivers/SPI_Drivers/Debug
arm-none-eabi-gcc -mcpu=cortex-m4 -mthumb -mfloat-abi=hard -mfpu=fpv4-sp-d16 '-D__weak=__attribute__((weak))' '-D__packed="__attribute__((__packed__))"' -DSTM32F401xE -I"/engLife/Projects/Mastering embedded systems/STMCubeX/Driver_Development/SPI_Drivers/SPI_Drivers/Inc" -I"/engLife/Projects/Mastering embedded systems/STMCubeX/Driver_Development/SPI_Drivers/SPI_Drivers/Drivers/STM32F4xx_HAL_Driver/Inc" -I../Drivers/STM32F4xx_HAL_Driver/Inc/Legacy -I"/engLife/Projects/Mastering embedded systems/STMCubeX/Driver_Development/SPI_Drivers/SPI_Drivers/Drivers/CMSIS/Device/ST/STM32F4xx/Include" -I"/engLife/Projects/Mastering embedded systems/STMCubeX/Driver_Development/SPI_Drivers/SPI_Drivers/Drivers/CMSIS/Include"  -Og -g3 -Wall -fmessage-length=0 -ffunction-sections -c -fmessage-length=0 -MMD -MP -MF"Src/system_stm32f4xx.d" -MT"Src/system_stm32f4xx.o" -o "Src/system_stm32f4xx.o" "../Src/system_stm32f4xx.c"
Finished building: ../Src/system_stm32f4xx.c
 
Building file: ../Drivers/STM32F4xx_HAL_Driver/Src/hal_spi_driver.c
Invoking: MCU GCC Compiler
/engLife/Projects/Mastering embedded systems/STMCubeX/Driver_Development/SPI_Drivers/SPI_Drivers/Debug
arm-none-eabi-gcc -mcpu=cortex-m4 -mthumb -mfloat-abi=hard -mfpu=fpv4-sp-d16 '-D__weak=__attribute__((weak))' '-D__packed="__attribute__((__packed__))"' -DSTM32F401xE -I"/engLife/Projects/Mastering embedded systems/STMCubeX/Driver_Development/SPI_Drivers/SPI_Drivers/Inc" -I"/engLife/Projects/Mastering embedded systems/STMCubeX/Driver_Development/SPI_Drivers/SPI_Drivers/Drivers/STM32F4xx_HAL_Driver/Inc" -I../Drivers/STM32F4xx_HAL_Driver/Inc/Legacy -I"/engLife/Projects/Mastering embedded systems/STMCubeX/Driver_Development/SPI_Drivers/SPI_Drivers/Drivers/CMSIS/Device/ST/STM32F4xx/Include" -I"/engLife/Projects/Mastering embedded systems/STMCubeX/Driver_Development/SPI_Drivers/SPI_Drivers/Drivers/CMSIS/Include"  -Og -g3 -Wall -fmessage-length=0 -ffunction-sections -c -fmessage-length=0 -MMD -MP -MF"Drivers/STM32F4xx_HAL_Driver/Src/hal_spi_driver.d" -MT"Drivers/STM32F4xx_HAL_Driver/Src/hal_spi_driver.o" -o "Drivers/STM32F4xx_HAL_Driver/Src/hal_spi_driver.o" "../Drivers/STM32F4xx_HAL_Driver/Src/hal_spi_driver.c"
Finished building: ../Drivers/STM32F4xx_HAL_Driver/Src/hal_spi_driver.c
 
Building target: SPI_Drivers.elf
Invoking: MCU GCC Linker
arm-none-eabi-gcc -mcpu=cortex-m4 -mthumb -mfloat-abi=hard -mfpu=fpv4-sp-d16 -specs=nosys.specs -specs=nano.specs -T"../STM32F401RETx_FLASH.ld" -Wl,-Map=output.map -Wl,--gc-sections -lm -o "SPI_Drivers.elf" @"objects.list"  
startup/startup_stm32f401xe.o: In function `LoopFillZerobss':
/engLife/Projects/Mastering embedded systems/STMCubeX/Driver_Development/SPI_Drivers/SPI_Drivers/Debug/../startup/startup_stm32f401xe.s:113: undefined reference to `main'
collect2: error: ld returned 1 exit status
make: *** [SPI_Drivers.elf] Error 1
18:06:33 **** Incremental Build of configuration Debug for project SPI_Drivers ****
make all 
Building file: ../Src/main.c
Invoking: MCU GCC Compiler
/engLife/Projects/Mastering embedded systems/STMCubeX/Driver_Development/SPI_Drivers/SPI_Drivers/Debug
arm-none-eabi-gcc -mcpu=cortex-m4 -mthumb -mfloat-abi=hard -mfpu=fpv4-sp-d16 '-D__weak=__attribute__((weak))' '-D__packed="__attribute__((__packed__))"' -DSTM32F401xE -I"/engLife/Projects/Mastering embedded systems/STMCubeX/Driver_Development/SPI_Drivers/SPI_Drivers/Inc" -I"/engLife/Projects/Mastering embedded systems/STMCubeX/Driver_Development/SPI_Drivers/SPI_Drivers/Drivers/STM32F4xx_HAL_Driver/Inc" -I../Drivers/STM32F4xx_HAL_Driver/Inc/Legacy -I"/engLife/Projects/Mastering embedded systems/STMCubeX/Driver_Development/SPI_Drivers/SPI_Drivers/Drivers/CMSIS/Device/ST/STM32F4xx/Include" -I"/engLife/Projects/Mastering embedded systems/STMCubeX/Driver_Development/SPI_Drivers/SPI_Drivers/Drivers/CMSIS/Include"  -Og -g3 -Wall -fmessage-length=0 -ffunction-sections -c -fmessage-length=0 -MMD -MP -MF"Src/main.d" -MT"Src/main.o" -o "Src/main.o" "../Src/main.c"
Finished building: ../Src/main.c
 
Building target: SPI_Drivers.elf
Invoking: MCU GCC Linker
arm-none-eabi-gcc -mcpu=cortex-m4 -mthumb -mfloat-abi=hard -mfpu=fpv4-sp-d16 -specs=nosys.specs -specs=nano.specs -T"../STM32F401RETx_FLASH.ld" -Wl,-Map=output.map -Wl,--gc-sections -lm -o "SPI_Drivers.elf" @"objects.list"  
Finished building target: SPI_Drivers.elf
 
/Library/Developer/CommandLineTools/usr/bin/make --no-print-directory post-build
Generating binary and Printing size information:
arm-none-eabi-objcopy -O binary "SPI_Drivers.elf" "SPI_Drivers.bin"
arm-none-eabi-size "SPI_Drivers.elf"
   text	   data	    bss	    dec	    hex	filename
    760	      8	   1568	   2336	    920	SPI_Drivers.elf
 
17:05:58 **** Incremental Build of configuration Debug for project SPI_Drivers ****
make all 
Building file: ../Src/main.c
Invoking: MCU GCC Compiler
/engLife/Projects/Mastering embedded systems/STMCubeX/Driver_Development/SPI_Drivers/SPI_Drivers/Debug
arm-none-eabi-gcc -mcpu=cortex-m4 -mthumb -mfloat-abi=hard -mfpu=fpv4-sp-d16 '-D__weak=__attribute__((weak))' '-D__packed="__attribute__((__packed__))"' -DSTM32F401xE -I"/engLife/Projects/Mastering embedded systems/STMCubeX/Driver_Development/SPI_Drivers/SPI_Drivers/Inc" -I"/engLife/Projects/Mastering embedded systems/STMCubeX/Driver_Development/SPI_Drivers/SPI_Drivers/Drivers/STM32F4xx_HAL_Driver/Inc" -I../Drivers/STM32F4xx_HAL_Driver/Inc/Legacy -I"/engLife/Projects/Mastering embedded systems/STMCubeX/Driver_Development/SPI_Drivers/SPI_Drivers/Drivers/CMSIS/Device/ST/STM32F4xx/Include" -I"/engLife/Projects/Mastering embedded systems/STMCubeX/Driver_Development/SPI_Drivers/SPI_Drivers/Drivers/CMSIS/Include"  -Og -g3 -Wall -fmessage-length=0 -ffunction-sections -c -fmessage-length=0 -MMD -MP -MF"Src/main.d" -MT"Src/main.o" -o "Src/main.o" "../Src/main.c"
Finished building: ../Src/main.c
 
Building file: ../Src/spi_master.c
Invoking: MCU GCC Compiler
/engLife/Projects/Mastering embedded systems/STMCubeX/Driver_Development/SPI_Drivers/SPI_Drivers/Debug
arm-none-eabi-gcc -mcpu=cortex-m4 -mthumb -mfloat-abi=hard -mfpu=fpv4-sp-d16 '-D__weak=__attribute__((weak))' '-D__packed="__attribute__((__packed__))"' -DSTM32F401xE -I"/engLife/Projects/Mastering embedded systems/STMCubeX/Driver_Development/SPI_Drivers/SPI_Drivers/Inc" -I"/engLife/Projects/Mastering embedded systems/STMCubeX/Driver_Development/SPI_Drivers/SPI_Drivers/Drivers/STM32F4xx_HAL_Driver/Inc" -I../Drivers/STM32F4xx_HAL_Driver/Inc/Legacy -I"/engLife/Projects/Mastering embedded systems/STMCubeX/Driver_Development/SPI_Drivers/SPI_Drivers/Drivers/CMSIS/Device/ST/STM32F4xx/Include" -I"/engLife/Projects/Mastering embedded systems/STMCubeX/Driver_Development/SPI_Drivers/SPI_Drivers/Drivers/CMSIS/Include"  -Og -g3 -Wall -fmessage-length=0 -ffunction-sections -c -fmessage-length=0 -MMD -MP -MF"Src/spi_master.d" -MT"Src/spi_master.o" -o "Src/spi_master.o" "../Src/spi_master.c"
In file included from ../Src/spi_master.c:7:0:
/engLife/Projects/Mastering embedded systems/STMCubeX/Driver_Development/SPI_Drivers/SPI_Drivers/Drivers/STM32F4xx_HAL_Driver/Inc/hal_spi_driver.h:22:0: warning: "SPI_CR1_BIDIMODE" redefined
 #define SPI_CR1_BIDIMODE         (uint32_t) 1 << 15
 ^
In file included from /engLife/Projects/Mastering embedded systems/STMCubeX/Driver_Development/SPI_Drivers/SPI_Drivers/Drivers/STM32F4xx_HAL_Driver/Inc/hal_spi_driver.h:10:0,
                 from ../Src/spi_master.c:7:
/engLife/Projects/Mastering embedded systems/STMCubeX/Driver_Development/SPI_Drivers/SPI_Drivers/Drivers/CMSIS/Device/ST/STM32F4xx/Include/stm32f401xe.h:5683:0: note: this is the location of the previous definition
 #define SPI_CR1_BIDIMODE            SPI_CR1_BIDIMODE_Msk                       /*!<Bidirectional data mode enable      */
 ^
In file included from ../Src/spi_master.c:7:0:
/engLife/Projects/Mastering embedded systems/STMCubeX/Driver_Development/SPI_Drivers/SPI_Drivers/Drivers/STM32F4xx_HAL_Driver/Inc/hal_spi_driver.h:27:0: warning: "SPI_CR1_DFF" redefined
 #define SPI_CR1_DFF          (uint32_t) 1 << 11
 ^
In file included from /engLife/Projects/Mastering embedded systems/STMCubeX/Driver_Development/SPI_Drivers/SPI_Drivers/Drivers/STM32F4xx_HAL_Driver/Inc/hal_spi_driver.h:10:0,
                 from ../Src/spi_master.c:7:
/engLife/Projects/Mastering embedded systems/STMCubeX/Driver_Development/SPI_Drivers/SPI_Drivers/Drivers/CMSIS/Device/ST/STM32F4xx/Include/stm32f401xe.h:5671:0: note: this is the location of the previous definition
 #define SPI_CR1_DFF                 SPI_CR1_DFF_Msk                            /*!<Data Frame Format                   */
 ^
In file included from ../Src/spi_master.c:7:0:
/engLife/Projects/Mastering embedded systems/STMCubeX/Driver_Development/SPI_Drivers/SPI_Drivers/Drivers/STM32F4xx_HAL_Driver/Inc/hal_spi_driver.h:32:0: warning: "SPI_CR1_SSM" redefined
 #define SPI_CR1_SSM          (uint32_t) 1 << 9
 ^
In file included from /engLife/Projects/Mastering embedded systems/STMCubeX/Driver_Development/SPI_Drivers/SPI_Drivers/Drivers/STM32F4xx_HAL_Driver/Inc/hal_spi_driver.h:10:0,
                 from ../Src/spi_master.c:7:
/engLife/Projects/Mastering embedded systems/STMCubeX/Driver_Development/SPI_Drivers/SPI_Drivers/Drivers/CMSIS/Device/ST/STM32F4xx/Include/stm32f401xe.h:5665:0: note: this is the location of the previous definition
 #define SPI_CR1_SSM                 SPI_CR1_SSM_Msk                            /*!<Software slave management           */
 ^
In file included from ../Src/spi_master.c:7:0:
/engLife/Projects/Mastering embedded systems/STMCubeX/Driver_Development/SPI_Drivers/SPI_Drivers/Drivers/STM32F4xx_HAL_Driver/Inc/hal_spi_driver.h:37:0: warning: "SPI_CR1_SSI" redefined
 #define SPI_CR1_SSI             (uint32_t) 1 << 8
 ^
In file included from /engLife/Projects/Mastering embedded systems/STMCubeX/Driver_Development/SPI_Drivers/SPI_Drivers/Drivers/STM32F4xx_HAL_Driver/Inc/hal_spi_driver.h:10:0,
                 from ../Src/spi_master.c:7:
/engLife/Projects/Mastering embedded systems/STMCubeX/Driver_Development/SPI_Drivers/SPI_Drivers/Drivers/CMSIS/Device/ST/STM32F4xx/Include/stm32f401xe.h:5662:0: note: this is the location of the previous definition
 #define SPI_CR1_SSI                 SPI_CR1_SSI_Msk                            /*!<Internal slave select               */
 ^
In file included from ../Src/spi_master.c:7:0:
/engLife/Projects/Mastering embedded systems/STMCubeX/Driver_Development/SPI_Drivers/SPI_Drivers/Drivers/STM32F4xx_HAL_Driver/Inc/hal_spi_driver.h:58:0: warning: "SPI_CR1_MSTR" redefined
 #define SPI_CR1_MSTR          (uint32_t) 1 << 2
 ^
In file included from /engLife/Projects/Mastering embedded systems/STMCubeX/Driver_Development/SPI_Drivers/SPI_Drivers/Drivers/STM32F4xx_HAL_Driver/Inc/hal_spi_driver.h:10:0,
                 from ../Src/spi_master.c:7:
/engLife/Projects/Mastering embedded systems/STMCubeX/Driver_Development/SPI_Drivers/SPI_Drivers/Drivers/CMSIS/Device/ST/STM32F4xx/Include/stm32f401xe.h:5645:0: note: this is the location of the previous definition
 #define SPI_CR1_MSTR                SPI_CR1_MSTR_Msk                           /*!<Master Selection */
 ^
In file included from ../Src/spi_master.c:7:0:
/engLife/Projects/Mastering embedded systems/STMCubeX/Driver_Development/SPI_Drivers/SPI_Drivers/Drivers/STM32F4xx_HAL_Driver/Inc/hal_spi_driver.h:63:0: warning: "SPI_CR1_CPOL" redefined
 #define SPI_CR1_CPOL          (uint32_t) 1 << 1
 ^
In file included from /engLife/Projects/Mastering embedded systems/STMCubeX/Driver_Development/SPI_Drivers/SPI_Drivers/Drivers/STM32F4xx_HAL_Driver/Inc/hal_spi_driver.h:10:0,
                 from ../Src/spi_master.c:7:
/engLife/Projects/Mastering embedded systems/STMCubeX/Driver_Development/SPI_Drivers/SPI_Drivers/Drivers/CMSIS/Device/ST/STM32F4xx/Include/stm32f401xe.h:5642:0: note: this is the location of the previous definition
 #define SPI_CR1_CPOL                SPI_CR1_CPOL_Msk                           /*!<Clock Polarity   */
 ^
In file included from ../Src/spi_master.c:7:0:
/engLife/Projects/Mastering embedded systems/STMCubeX/Driver_Development/SPI_Drivers/SPI_Drivers/Drivers/STM32F4xx_HAL_Driver/Inc/hal_spi_driver.h:68:0: warning: "SPI_CR1_CPHA" redefined
 #define SPI_CR1_CPHA         (uint32_t) 1 << 0
 ^
In file included from /engLife/Projects/Mastering embedded systems/STMCubeX/Driver_Development/SPI_Drivers/SPI_Drivers/Drivers/STM32F4xx_HAL_Driver/Inc/hal_spi_driver.h:10:0,
                 from ../Src/spi_master.c:7:
/engLife/Projects/Mastering embedded systems/STMCubeX/Driver_Development/SPI_Drivers/SPI_Drivers/Drivers/CMSIS/Device/ST/STM32F4xx/Include/stm32f401xe.h:5639:0: note: this is the location of the previous definition
 #define SPI_CR1_CPHA                SPI_CR1_CPHA_Msk                           /*!<Clock Phase      */
 ^
In file included from ../Src/spi_master.c:7:0:
/engLife/Projects/Mastering embedded systems/STMCubeX/Driver_Development/SPI_Drivers/SPI_Drivers/Drivers/STM32F4xx_HAL_Driver/Inc/hal_spi_driver.h:75:0: warning: "SPI_CR2_TXEIE" redefined
 #define SPI_CR2_TXEIE        (uint32_t) 1 << 7
 ^
In file included from /engLife/Projects/Mastering embedded systems/STMCubeX/Driver_Development/SPI_Drivers/SPI_Drivers/Drivers/STM32F4xx_HAL_Driver/Inc/hal_spi_driver.h:10:0,
                 from ../Src/spi_master.c:7:
/engLife/Projects/Mastering embedded systems/STMCubeX/Driver_Development/SPI_Drivers/SPI_Drivers/Drivers/CMSIS/Device/ST/STM32F4xx/Include/stm32f401xe.h:5706:0: note: this is the location of the previous definition
 #define SPI_CR2_TXEIE               SPI_CR2_TXEIE_Msk                          /*!<Tx buffer Empty Interrupt Enable     */
 ^
In file included from ../Src/spi_master.c:7:0:
/engLife/Projects/Mastering embedded systems/STMCubeX/Driver_Development/SPI_Drivers/SPI_Drivers/Drivers/STM32F4xx_HAL_Driver/Inc/hal_spi_driver.h:80:0: warning: "SPI_CR2_RXNEIE" redefined
 #define SPI_CR2_RXNEIE        (uint32_t) 1 << 6
 ^
In file included from /engLife/Projects/Mastering embedded systems/STMCubeX/Driver_Development/SPI_Drivers/SPI_Drivers/Drivers/STM32F4xx_HAL_Driver/Inc/hal_spi_driver.h:10:0,
                 from ../Src/spi_master.c:7:
/engLife/Projects/Mastering embedded systems/STMCubeX/Driver_Development/SPI_Drivers/SPI_Drivers/Drivers/CMSIS/Device/ST/STM32F4xx/Include/stm32f401xe.h:5703:0: note: this is the location of the previous definition
 #define SPI_CR2_RXNEIE              SPI_CR2_RXNEIE_Msk                         /*!<RX buffer Not Empty Interrupt Enable */
 ^
In file included from ../Src/spi_master.c:7:0:
/engLife/Projects/Mastering embedded systems/STMCubeX/Driver_Development/SPI_Drivers/SPI_Drivers/Drivers/STM32F4xx_HAL_Driver/Inc/hal_spi_driver.h:85:0: warning: "SPI_CR2_ERRIE" redefined
 #define SPI_CR2_ERRIE        (uint32_t) 1 << 5
 ^
In file included from /engLife/Projects/Mastering embedded systems/STMCubeX/Driver_Development/SPI_Drivers/SPI_Drivers/Drivers/STM32F4xx_HAL_Driver/Inc/hal_spi_driver.h:10:0,
                 from ../Src/spi_master.c:7:
/engLife/Projects/Mastering embedded systems/STMCubeX/Driver_Development/SPI_Drivers/SPI_Drivers/Drivers/CMSIS/Device/ST/STM32F4xx/Include/stm32f401xe.h:5700:0: note: this is the location of the previous definition
 #define SPI_CR2_ERRIE               SPI_CR2_ERRIE_Msk                          /*!<Error Interrupt Enable               */
 ^
In file included from ../Src/spi_master.c:7:0:
/engLife/Projects/Mastering embedded systems/STMCubeX/Driver_Development/SPI_Drivers/SPI_Drivers/Drivers/STM32F4xx_HAL_Driver/Inc/hal_spi_driver.h:90:0: warning: "SPI_CR2_ERRIE" redefined
 #define SPI_CR2_ERRIE        (uint32_t) 1 << 4
 ^
/engLife/Projects/Mastering embedded systems/STMCubeX/Driver_Development/SPI_Drivers/SPI_Drivers/Drivers/STM32F4xx_HAL_Driver/Inc/hal_spi_driver.h:85:0: note: this is the location of the previous definition
 #define SPI_CR2_ERRIE        (uint32_t) 1 << 5
 ^
/engLife/Projects/Mastering embedded systems/STMCubeX/Driver_Development/SPI_Drivers/SPI_Drivers/Drivers/STM32F4xx_HAL_Driver/Inc/hal_spi_driver.h:95:0: warning: "SPI_CR2_ERRIE" redefined
 #define SPI_CR2_ERRIE        (uint32_t) 1 << 2
 ^
/engLife/Projects/Mastering embedded systems/STMCubeX/Driver_Development/SPI_Drivers/SPI_Drivers/Drivers/STM32F4xx_HAL_Driver/Inc/hal_spi_driver.h:90:0: note: this is the location of the previous definition
 #define SPI_CR2_ERRIE        (uint32_t) 1 << 4
 ^
/engLife/Projects/Mastering embedded systems/STMCubeX/Driver_Development/SPI_Drivers/SPI_Drivers/Drivers/STM32F4xx_HAL_Driver/Inc/hal_spi_driver.h:99:0: warning: "SPI_SR_FRE" redefined
 #define SPI_SR_FRE         (uint32_t) 1 << 8
 ^
In file included from /engLife/Projects/Mastering embedded systems/STMCubeX/Driver_Development/SPI_Drivers/SPI_Drivers/Drivers/STM32F4xx_HAL_Driver/Inc/hal_spi_driver.h:10:0,
                 from ../Src/spi_master.c:7:
/engLife/Projects/Mastering embedded systems/STMCubeX/Driver_Development/SPI_Drivers/SPI_Drivers/Drivers/CMSIS/Device/ST/STM32F4xx/Include/stm32f401xe.h:5735:0: note: this is the location of the previous definition
 #define SPI_SR_FRE                  SPI_SR_FRE_Msk                             /*!<Frame format error flag  */
 ^
In file included from ../Src/spi_master.c:7:0:
/engLife/Projects/Mastering embedded systems/STMCubeX/Driver_Development/SPI_Drivers/SPI_Drivers/Drivers/STM32F4xx_HAL_Driver/Inc/hal_spi_driver.h:102:0: warning: "SPI_SR_BSY" redefined
 #define SPI_SR_BSY         (uint32_t) 1 << 7
 ^
In file included from /engLife/Projects/Mastering embedded systems/STMCubeX/Driver_Development/SPI_Drivers/SPI_Drivers/Drivers/STM32F4xx_HAL_Driver/Inc/hal_spi_driver.h:10:0,
                 from ../Src/spi_master.c:7:
/engLife/Projects/Mastering embedded systems/STMCubeX/Driver_Development/SPI_Drivers/SPI_Drivers/Drivers/CMSIS/Device/ST/STM32F4xx/Include/stm32f401xe.h:5732:0: note: this is the location of the previous definition
 #define SPI_SR_BSY                  SPI_SR_BSY_Msk                             /*!<Busy flag                */
 ^
In file included from ../Src/spi_master.c:7:0:
/engLife/Projects/Mastering embedded systems/STMCubeX/Driver_Development/SPI_Drivers/SPI_Drivers/Drivers/STM32F4xx_HAL_Driver/Inc/hal_spi_driver.h:105:0: warning: "SPI_SR_OVR" redefined
 #define SPI_SR_OVR         (uint32_t) 1 << 6
 ^
In file included from /engLife/Projects/Mastering embedded systems/STMCubeX/Driver_Development/SPI_Drivers/SPI_Drivers/Drivers/STM32F4xx_HAL_Driver/Inc/hal_spi_driver.h:10:0,
                 from ../Src/spi_master.c:7:
/engLife/Projects/Mastering embedded systems/STMCubeX/Driver_Development/SPI_Drivers/SPI_Drivers/Drivers/CMSIS/Device/ST/STM32F4xx/Include/stm32f401xe.h:5729:0: note: this is the location of the previous definition
 #define SPI_SR_OVR                  SPI_SR_OVR_Msk                             /*!<Overrun flag             */
 ^
In file included from ../Src/spi_master.c:7:0:
/engLife/Projects/Mastering embedded systems/STMCubeX/Driver_Development/SPI_Drivers/SPI_Drivers/Drivers/STM32F4xx_HAL_Driver/Inc/hal_spi_driver.h:108:0: warning: "SPI_SR_TXE" redefined
 #define SPI_SR_TXE         (uint32_t) 1 << 1
 ^
In file included from /engLife/Projects/Mastering embedded systems/STMCubeX/Driver_Development/SPI_Drivers/SPI_Drivers/Drivers/STM32F4xx_HAL_Driver/Inc/hal_spi_driver.h:10:0,
                 from ../Src/spi_master.c:7:
/engLife/Projects/Mastering embedded systems/STMCubeX/Driver_Development/SPI_Drivers/SPI_Drivers/Drivers/CMSIS/Device/ST/STM32F4xx/Include/stm32f401xe.h:5714:0: note: this is the location of the previous definition
 #define SPI_SR_TXE                  SPI_SR_TXE_Msk                             /*!<Transmit buffer Empty    */
 ^
In file included from ../Src/spi_master.c:7:0:
/engLife/Projects/Mastering embedded systems/STMCubeX/Driver_Development/SPI_Drivers/SPI_Drivers/Drivers/STM32F4xx_HAL_Driver/Inc/hal_spi_driver.h:111:0: warning: "SPI_SR_RXNE" redefined
 #define SPI_SR_RXNE         (uint32_t) 1 << 0
 ^
In file included from /engLife/Projects/Mastering embedded systems/STMCubeX/Driver_Development/SPI_Drivers/SPI_Drivers/Drivers/STM32F4xx_HAL_Driver/Inc/hal_spi_driver.h:10:0,
                 from ../Src/spi_master.c:7:
/engLife/Projects/Mastering embedded systems/STMCubeX/Driver_Development/SPI_Drivers/SPI_Drivers/Drivers/CMSIS/Device/ST/STM32F4xx/Include/stm32f401xe.h:5711:0: note: this is the location of the previous definition
 #define SPI_SR_RXNE                 SPI_SR_RXNE_Msk                            /*!<Receive buffer Not Empty */
 ^
../Src/spi_master.c: In function 'main':
../Src/spi_master.c:50:2: warning: implicit declaration of function 'led_init' [-Wimplicit-function-declaration]
  led_init();
  ^
Finished building: ../Src/spi_master.c
 
Building file: ../Drivers/STM32F4xx_HAL_Driver/Src/hal_spi_driver.c
Invoking: MCU GCC Compiler
/engLife/Projects/Mastering embedded systems/STMCubeX/Driver_Development/SPI_Drivers/SPI_Drivers/Debug
arm-none-eabi-gcc -mcpu=cortex-m4 -mthumb -mfloat-abi=hard -mfpu=fpv4-sp-d16 '-D__weak=__attribute__((weak))' '-D__packed="__attribute__((__packed__))"' -DSTM32F401xE -I"/engLife/Projects/Mastering embedded systems/STMCubeX/Driver_Development/SPI_Drivers/SPI_Drivers/Inc" -I"/engLife/Projects/Mastering embedded systems/STMCubeX/Driver_Development/SPI_Drivers/SPI_Drivers/Drivers/STM32F4xx_HAL_Driver/Inc" -I../Drivers/STM32F4xx_HAL_Driver/Inc/Legacy -I"/engLife/Projects/Mastering embedded systems/STMCubeX/Driver_Development/SPI_Drivers/SPI_Drivers/Drivers/CMSIS/Device/ST/STM32F4xx/Include" -I"/engLife/Projects/Mastering embedded systems/STMCubeX/Driver_Development/SPI_Drivers/SPI_Drivers/Drivers/CMSIS/Include"  -Og -g3 -Wall -fmessage-length=0 -ffunction-sections -c -fmessage-length=0 -MMD -MP -MF"Drivers/STM32F4xx_HAL_Driver/Src/hal_spi_driver.d" -MT"Drivers/STM32F4xx_HAL_Driver/Src/hal_spi_driver.o" -o "Drivers/STM32F4xx_HAL_Driver/Src/hal_spi_driver.o" "../Drivers/STM32F4xx_HAL_Driver/Src/hal_spi_driver.c"
In file included from ../Drivers/STM32F4xx_HAL_Driver/Src/hal_spi_driver.c:5:0:
/engLife/Projects/Mastering embedded systems/STMCubeX/Driver_Development/SPI_Drivers/SPI_Drivers/Drivers/STM32F4xx_HAL_Driver/Inc/hal_spi_driver.h:22:0: warning: "SPI_CR1_BIDIMODE" redefined
 #define SPI_CR1_BIDIMODE         (uint32_t) 1 << 15
 ^
In file included from /engLife/Projects/Mastering embedded systems/STMCubeX/Driver_Development/SPI_Drivers/SPI_Drivers/Drivers/STM32F4xx_HAL_Driver/Inc/hal_spi_driver.h:10:0,
                 from ../Drivers/STM32F4xx_HAL_Driver/Src/hal_spi_driver.c:5:
/engLife/Projects/Mastering embedded systems/STMCubeX/Driver_Development/SPI_Drivers/SPI_Drivers/Drivers/CMSIS/Device/ST/STM32F4xx/Include/stm32f401xe.h:5683:0: note: this is the location of the previous definition
 #define SPI_CR1_BIDIMODE            SPI_CR1_BIDIMODE_Msk                       /*!<Bidirectional data mode enable      */
 ^
In file included from ../Drivers/STM32F4xx_HAL_Driver/Src/hal_spi_driver.c:5:0:
/engLife/Projects/Mastering embedded systems/STMCubeX/Driver_Development/SPI_Drivers/SPI_Drivers/Drivers/STM32F4xx_HAL_Driver/Inc/hal_spi_driver.h:27:0: warning: "SPI_CR1_DFF" redefined
 #define SPI_CR1_DFF          (uint32_t) 1 << 11
 ^
In file included from /engLife/Projects/Mastering embedded systems/STMCubeX/Driver_Development/SPI_Drivers/SPI_Drivers/Drivers/STM32F4xx_HAL_Driver/Inc/hal_spi_driver.h:10:0,
                 from ../Drivers/STM32F4xx_HAL_Driver/Src/hal_spi_driver.c:5:
/engLife/Projects/Mastering embedded systems/STMCubeX/Driver_Development/SPI_Drivers/SPI_Drivers/Drivers/CMSIS/Device/ST/STM32F4xx/Include/stm32f401xe.h:5671:0: note: this is the location of the previous definition
 #define SPI_CR1_DFF                 SPI_CR1_DFF_Msk                            /*!<Data Frame Format                   */
 ^
In file included from ../Drivers/STM32F4xx_HAL_Driver/Src/hal_spi_driver.c:5:0:
/engLife/Projects/Mastering embedded systems/STMCubeX/Driver_Development/SPI_Drivers/SPI_Drivers/Drivers/STM32F4xx_HAL_Driver/Inc/hal_spi_driver.h:32:0: warning: "SPI_CR1_SSM" redefined
 #define SPI_CR1_SSM          (uint32_t) 1 << 9
 ^
In file included from /engLife/Projects/Mastering embedded systems/STMCubeX/Driver_Development/SPI_Drivers/SPI_Drivers/Drivers/STM32F4xx_HAL_Driver/Inc/hal_spi_driver.h:10:0,
                 from ../Drivers/STM32F4xx_HAL_Driver/Src/hal_spi_driver.c:5:
/engLife/Projects/Mastering embedded systems/STMCubeX/Driver_Development/SPI_Drivers/SPI_Drivers/Drivers/CMSIS/Device/ST/STM32F4xx/Include/stm32f401xe.h:5665:0: note: this is the location of the previous definition
 #define SPI_CR1_SSM                 SPI_CR1_SSM_Msk                            /*!<Software slave management           */
 ^
In file included from ../Drivers/STM32F4xx_HAL_Driver/Src/hal_spi_driver.c:5:0:
/engLife/Projects/Mastering embedded systems/STMCubeX/Driver_Development/SPI_Drivers/SPI_Drivers/Drivers/STM32F4xx_HAL_Driver/Inc/hal_spi_driver.h:37:0: warning: "SPI_CR1_SSI" redefined
 #define SPI_CR1_SSI             (uint32_t) 1 << 8
 ^
In file included from /engLife/Projects/Mastering embedded systems/STMCubeX/Driver_Development/SPI_Drivers/SPI_Drivers/Drivers/STM32F4xx_HAL_Driver/Inc/hal_spi_driver.h:10:0,
                 from ../Drivers/STM32F4xx_HAL_Driver/Src/hal_spi_driver.c:5:
/engLife/Projects/Mastering embedded systems/STMCubeX/Driver_Development/SPI_Drivers/SPI_Drivers/Drivers/CMSIS/Device/ST/STM32F4xx/Include/stm32f401xe.h:5662:0: note: this is the location of the previous definition
 #define SPI_CR1_SSI                 SPI_CR1_SSI_Msk                            /*!<Internal slave select               */
 ^
In file included from ../Drivers/STM32F4xx_HAL_Driver/Src/hal_spi_driver.c:5:0:
/engLife/Projects/Mastering embedded systems/STMCubeX/Driver_Development/SPI_Drivers/SPI_Drivers/Drivers/STM32F4xx_HAL_Driver/Inc/hal_spi_driver.h:58:0: warning: "SPI_CR1_MSTR" redefined
 #define SPI_CR1_MSTR          (uint32_t) 1 << 2
 ^
In file included from /engLife/Projects/Mastering embedded systems/STMCubeX/Driver_Development/SPI_Drivers/SPI_Drivers/Drivers/STM32F4xx_HAL_Driver/Inc/hal_spi_driver.h:10:0,
                 from ../Drivers/STM32F4xx_HAL_Driver/Src/hal_spi_driver.c:5:
/engLife/Projects/Mastering embedded systems/STMCubeX/Driver_Development/SPI_Drivers/SPI_Drivers/Drivers/CMSIS/Device/ST/STM32F4xx/Include/stm32f401xe.h:5645:0: note: this is the location of the previous definition
 #define SPI_CR1_MSTR                SPI_CR1_MSTR_Msk                           /*!<Master Selection */
 ^
In file included from ../Drivers/STM32F4xx_HAL_Driver/Src/hal_spi_driver.c:5:0:
/engLife/Projects/Mastering embedded systems/STMCubeX/Driver_Development/SPI_Drivers/SPI_Drivers/Drivers/STM32F4xx_HAL_Driver/Inc/hal_spi_driver.h:63:0: warning: "SPI_CR1_CPOL" redefined
 #define SPI_CR1_CPOL          (uint32_t) 1 << 1
 ^
In file included from /engLife/Projects/Mastering embedded systems/STMCubeX/Driver_Development/SPI_Drivers/SPI_Drivers/Drivers/STM32F4xx_HAL_Driver/Inc/hal_spi_driver.h:10:0,
                 from ../Drivers/STM32F4xx_HAL_Driver/Src/hal_spi_driver.c:5:
/engLife/Projects/Mastering embedded systems/STMCubeX/Driver_Development/SPI_Drivers/SPI_Drivers/Drivers/CMSIS/Device/ST/STM32F4xx/Include/stm32f401xe.h:5642:0: note: this is the location of the previous definition
 #define SPI_CR1_CPOL                SPI_CR1_CPOL_Msk                           /*!<Clock Polarity   */
 ^
In file included from ../Drivers/STM32F4xx_HAL_Driver/Src/hal_spi_driver.c:5:0:
/engLife/Projects/Mastering embedded systems/STMCubeX/Driver_Development/SPI_Drivers/SPI_Drivers/Drivers/STM32F4xx_HAL_Driver/Inc/hal_spi_driver.h:68:0: warning: "SPI_CR1_CPHA" redefined
 #define SPI_CR1_CPHA         (uint32_t) 1 << 0
 ^
In file included from /engLife/Projects/Mastering embedded systems/STMCubeX/Driver_Development/SPI_Drivers/SPI_Drivers/Drivers/STM32F4xx_HAL_Driver/Inc/hal_spi_driver.h:10:0,
                 from ../Drivers/STM32F4xx_HAL_Driver/Src/hal_spi_driver.c:5:
/engLife/Projects/Mastering embedded systems/STMCubeX/Driver_Development/SPI_Drivers/SPI_Drivers/Drivers/CMSIS/Device/ST/STM32F4xx/Include/stm32f401xe.h:5639:0: note: this is the location of the previous definition
 #define SPI_CR1_CPHA                SPI_CR1_CPHA_Msk                           /*!<Clock Phase      */
 ^
In file included from ../Drivers/STM32F4xx_HAL_Driver/Src/hal_spi_driver.c:5:0:
/engLife/Projects/Mastering embedded systems/STMCubeX/Driver_Development/SPI_Drivers/SPI_Drivers/Drivers/STM32F4xx_HAL_Driver/Inc/hal_spi_driver.h:75:0: warning: "SPI_CR2_TXEIE" redefined
 #define SPI_CR2_TXEIE        (uint32_t) 1 << 7
 ^
In file included from /engLife/Projects/Mastering embedded systems/STMCubeX/Driver_Development/SPI_Drivers/SPI_Drivers/Drivers/STM32F4xx_HAL_Driver/Inc/hal_spi_driver.h:10:0,
                 from ../Drivers/STM32F4xx_HAL_Driver/Src/hal_spi_driver.c:5:
/engLife/Projects/Mastering embedded systems/STMCubeX/Driver_Development/SPI_Drivers/SPI_Drivers/Drivers/CMSIS/Device/ST/STM32F4xx/Include/stm32f401xe.h:5706:0: note: this is the location of the previous definition
 #define SPI_CR2_TXEIE               SPI_CR2_TXEIE_Msk                          /*!<Tx buffer Empty Interrupt Enable     */
 ^
In file included from ../Drivers/STM32F4xx_HAL_Driver/Src/hal_spi_driver.c:5:0:
/engLife/Projects/Mastering embedded systems/STMCubeX/Driver_Development/SPI_Drivers/SPI_Drivers/Drivers/STM32F4xx_HAL_Driver/Inc/hal_spi_driver.h:80:0: warning: "SPI_CR2_RXNEIE" redefined
 #define SPI_CR2_RXNEIE        (uint32_t) 1 << 6
 ^
In file included from /engLife/Projects/Mastering embedded systems/STMCubeX/Driver_Development/SPI_Drivers/SPI_Drivers/Drivers/STM32F4xx_HAL_Driver/Inc/hal_spi_driver.h:10:0,
                 from ../Drivers/STM32F4xx_HAL_Driver/Src/hal_spi_driver.c:5:
/engLife/Projects/Mastering embedded systems/STMCubeX/Driver_Development/SPI_Drivers/SPI_Drivers/Drivers/CMSIS/Device/ST/STM32F4xx/Include/stm32f401xe.h:5703:0: note: this is the location of the previous definition
 #define SPI_CR2_RXNEIE              SPI_CR2_RXNEIE_Msk                         /*!<RX buffer Not Empty Interrupt Enable */
 ^
In file included from ../Drivers/STM32F4xx_HAL_Driver/Src/hal_spi_driver.c:5:0:
/engLife/Projects/Mastering embedded systems/STMCubeX/Driver_Development/SPI_Drivers/SPI_Drivers/Drivers/STM32F4xx_HAL_Driver/Inc/hal_spi_driver.h:85:0: warning: "SPI_CR2_ERRIE" redefined
 #define SPI_CR2_ERRIE        (uint32_t) 1 << 5
 ^
In file included from /engLife/Projects/Mastering embedded systems/STMCubeX/Driver_Development/SPI_Drivers/SPI_Drivers/Drivers/STM32F4xx_HAL_Driver/Inc/hal_spi_driver.h:10:0,
                 from ../Drivers/STM32F4xx_HAL_Driver/Src/hal_spi_driver.c:5:
/engLife/Projects/Mastering embedded systems/STMCubeX/Driver_Development/SPI_Drivers/SPI_Drivers/Drivers/CMSIS/Device/ST/STM32F4xx/Include/stm32f401xe.h:5700:0: note: this is the location of the previous definition
 #define SPI_CR2_ERRIE               SPI_CR2_ERRIE_Msk                          /*!<Error Interrupt Enable               */
 ^
In file included from ../Drivers/STM32F4xx_HAL_Driver/Src/hal_spi_driver.c:5:0:
/engLife/Projects/Mastering embedded systems/STMCubeX/Driver_Development/SPI_Drivers/SPI_Drivers/Drivers/STM32F4xx_HAL_Driver/Inc/hal_spi_driver.h:90:0: warning: "SPI_CR2_ERRIE" redefined
 #define SPI_CR2_ERRIE        (uint32_t) 1 << 4
 ^
/engLife/Projects/Mastering embedded systems/STMCubeX/Driver_Development/SPI_Drivers/SPI_Drivers/Drivers/STM32F4xx_HAL_Driver/Inc/hal_spi_driver.h:85:0: note: this is the location of the previous definition
 #define SPI_CR2_ERRIE        (uint32_t) 1 << 5
 ^
/engLife/Projects/Mastering embedded systems/STMCubeX/Driver_Development/SPI_Drivers/SPI_Drivers/Drivers/STM32F4xx_HAL_Driver/Inc/hal_spi_driver.h:95:0: warning: "SPI_CR2_ERRIE" redefined
 #define SPI_CR2_ERRIE        (uint32_t) 1 << 2
 ^
/engLife/Projects/Mastering embedded systems/STMCubeX/Driver_Development/SPI_Drivers/SPI_Drivers/Drivers/STM32F4xx_HAL_Driver/Inc/hal_spi_driver.h:90:0: note: this is the location of the previous definition
 #define SPI_CR2_ERRIE        (uint32_t) 1 << 4
 ^
/engLife/Projects/Mastering embedded systems/STMCubeX/Driver_Development/SPI_Drivers/SPI_Drivers/Drivers/STM32F4xx_HAL_Driver/Inc/hal_spi_driver.h:99:0: warning: "SPI_SR_FRE" redefined
 #define SPI_SR_FRE         (uint32_t) 1 << 8
 ^
In file included from /engLife/Projects/Mastering embedded systems/STMCubeX/Driver_Development/SPI_Drivers/SPI_Drivers/Drivers/STM32F4xx_HAL_Driver/Inc/hal_spi_driver.h:10:0,
                 from ../Drivers/STM32F4xx_HAL_Driver/Src/hal_spi_driver.c:5:
/engLife/Projects/Mastering embedded systems/STMCubeX/Driver_Development/SPI_Drivers/SPI_Drivers/Drivers/CMSIS/Device/ST/STM32F4xx/Include/stm32f401xe.h:5735:0: note: this is the location of the previous definition
 #define SPI_SR_FRE                  SPI_SR_FRE_Msk                             /*!<Frame format error flag  */
 ^
In file included from ../Drivers/STM32F4xx_HAL_Driver/Src/hal_spi_driver.c:5:0:
/engLife/Projects/Mastering embedded systems/STMCubeX/Driver_Development/SPI_Drivers/SPI_Drivers/Drivers/STM32F4xx_HAL_Driver/Inc/hal_spi_driver.h:102:0: warning: "SPI_SR_BSY" redefined
 #define SPI_SR_BSY         (uint32_t) 1 << 7
 ^
In file included from /engLife/Projects/Mastering embedded systems/STMCubeX/Driver_Development/SPI_Drivers/SPI_Drivers/Drivers/STM32F4xx_HAL_Driver/Inc/hal_spi_driver.h:10:0,
                 from ../Drivers/STM32F4xx_HAL_Driver/Src/hal_spi_driver.c:5:
/engLife/Projects/Mastering embedded systems/STMCubeX/Driver_Development/SPI_Drivers/SPI_Drivers/Drivers/CMSIS/Device/ST/STM32F4xx/Include/stm32f401xe.h:5732:0: note: this is the location of the previous definition
 #define SPI_SR_BSY                  SPI_SR_BSY_Msk                             /*!<Busy flag                */
 ^
In file included from ../Drivers/STM32F4xx_HAL_Driver/Src/hal_spi_driver.c:5:0:
/engLife/Projects/Mastering embedded systems/STMCubeX/Driver_Development/SPI_Drivers/SPI_Drivers/Drivers/STM32F4xx_HAL_Driver/Inc/hal_spi_driver.h:105:0: warning: "SPI_SR_OVR" redefined
 #define SPI_SR_OVR         (uint32_t) 1 << 6
 ^
In file included from /engLife/Projects/Mastering embedded systems/STMCubeX/Driver_Development/SPI_Drivers/SPI_Drivers/Drivers/STM32F4xx_HAL_Driver/Inc/hal_spi_driver.h:10:0,
                 from ../Drivers/STM32F4xx_HAL_Driver/Src/hal_spi_driver.c:5:
/engLife/Projects/Mastering embedded systems/STMCubeX/Driver_Development/SPI_Drivers/SPI_Drivers/Drivers/CMSIS/Device/ST/STM32F4xx/Include/stm32f401xe.h:5729:0: note: this is the location of the previous definition
 #define SPI_SR_OVR                  SPI_SR_OVR_Msk                             /*!<Overrun flag             */
 ^
In file included from ../Drivers/STM32F4xx_HAL_Driver/Src/hal_spi_driver.c:5:0:
/engLife/Projects/Mastering embedded systems/STMCubeX/Driver_Development/SPI_Drivers/SPI_Drivers/Drivers/STM32F4xx_HAL_Driver/Inc/hal_spi_driver.h:108:0: warning: "SPI_SR_TXE" redefined
 #define SPI_SR_TXE         (uint32_t) 1 << 1
 ^
In file included from /engLife/Projects/Mastering embedded systems/STMCubeX/Driver_Development/SPI_Drivers/SPI_Drivers/Drivers/STM32F4xx_HAL_Driver/Inc/hal_spi_driver.h:10:0,
                 from ../Drivers/STM32F4xx_HAL_Driver/Src/hal_spi_driver.c:5:
/engLife/Projects/Mastering embedded systems/STMCubeX/Driver_Development/SPI_Drivers/SPI_Drivers/Drivers/CMSIS/Device/ST/STM32F4xx/Include/stm32f401xe.h:5714:0: note: this is the location of the previous definition
 #define SPI_SR_TXE                  SPI_SR_TXE_Msk                             /*!<Transmit buffer Empty    */
 ^
In file included from ../Drivers/STM32F4xx_HAL_Driver/Src/hal_spi_driver.c:5:0:
/engLife/Projects/Mastering embedded systems/STMCubeX/Driver_Development/SPI_Drivers/SPI_Drivers/Drivers/STM32F4xx_HAL_Driver/Inc/hal_spi_driver.h:111:0: warning: "SPI_SR_RXNE" redefined
 #define SPI_SR_RXNE         (uint32_t) 1 << 0
 ^
In file included from /engLife/Projects/Mastering embedded systems/STMCubeX/Driver_Development/SPI_Drivers/SPI_Drivers/Drivers/STM32F4xx_HAL_Driver/Inc/hal_spi_driver.h:10:0,
                 from ../Drivers/STM32F4xx_HAL_Driver/Src/hal_spi_driver.c:5:
/engLife/Projects/Mastering embedded systems/STMCubeX/Driver_Development/SPI_Drivers/SPI_Drivers/Drivers/CMSIS/Device/ST/STM32F4xx/Include/stm32f401xe.h:5711:0: note: this is the location of the previous definition
 #define SPI_SR_RXNE                 SPI_SR_RXNE_Msk                            /*!<Receive buffer Not Empty */
 ^
../Drivers/STM32F4xx_HAL_Driver/Src/hal_spi_driver.c:101:1: warning: "/*" within comment [-Wcomment]
 /*                                                                            */
 ^
../Drivers/STM32F4xx_HAL_Driver/Src/hal_spi_driver.c: In function 'hal_spi_handle_rx_interrupt':
../Drivers/STM32F4xx_HAL_Driver/Src/hal_spi_driver.c:141:16: error: invalid type argument of '->' (have 'SPI_Init {aka struct <anonymous>}')
  if (hspi->Init->Data_Size == SPI_8_BIT_DFF_ENABLE){
                ^
../Drivers/STM32F4xx_HAL_Driver/Src/hal_spi_driver.c: In function 'hal_spi_handle_tx_interrupt':
../Drivers/STM32F4xx_HAL_Driver/Src/hal_spi_driver.c:161:16: error: invalid type argument of '->' (have 'SPI_Init {aka struct <anonymous>}')
  if (hspi->Init->Data_Size == SPI_8_BIT_DFF_ENABLE){
                ^
../Drivers/STM32F4xx_HAL_Driver/Src/hal_spi_driver.c:173:3: warning: implicit declaration of function 'hal_spi_tx_close_interrupt' [-Wimplicit-function-declaration]
   hal_spi_tx_close_interrupt(hspi);
   ^
../Drivers/STM32F4xx_HAL_Driver/Src/hal_spi_driver.c: In function 'hal_spi_master_rx':
../Drivers/STM32F4xx_HAL_Driver/Src/hal_spi_driver.c:229:10: warning: variable 'val' set but not used [-Wunused-but-set-variable]
  int32_t val;
          ^
make: *** [Drivers/STM32F4xx_HAL_Driver/Src/hal_spi_driver.o] Error 1
17:06:10 **** Incremental Build of configuration Debug for project SPI_Drivers ****
make all 
Building file: ../Drivers/STM32F4xx_HAL_Driver/Src/hal_spi_driver.c
Invoking: MCU GCC Compiler
/engLife/Projects/Mastering embedded systems/STMCubeX/Driver_Development/SPI_Drivers/SPI_Drivers/Debug
arm-none-eabi-gcc -mcpu=cortex-m4 -mthumb -mfloat-abi=hard -mfpu=fpv4-sp-d16 '-D__weak=__attribute__((weak))' '-D__packed="__attribute__((__packed__))"' -DSTM32F401xE -I"/engLife/Projects/Mastering embedded systems/STMCubeX/Driver_Development/SPI_Drivers/SPI_Drivers/Inc" -I"/engLife/Projects/Mastering embedded systems/STMCubeX/Driver_Development/SPI_Drivers/SPI_Drivers/Drivers/STM32F4xx_HAL_Driver/Inc" -I../Drivers/STM32F4xx_HAL_Driver/Inc/Legacy -I"/engLife/Projects/Mastering embedded systems/STMCubeX/Driver_Development/SPI_Drivers/SPI_Drivers/Drivers/CMSIS/Device/ST/STM32F4xx/Include" -I"/engLife/Projects/Mastering embedded systems/STMCubeX/Driver_Development/SPI_Drivers/SPI_Drivers/Drivers/CMSIS/Include"  -Og -g3 -Wall -fmessage-length=0 -ffunction-sections -c -fmessage-length=0 -MMD -MP -MF"Drivers/STM32F4xx_HAL_Driver/Src/hal_spi_driver.d" -MT"Drivers/STM32F4xx_HAL_Driver/Src/hal_spi_driver.o" -o "Drivers/STM32F4xx_HAL_Driver/Src/hal_spi_driver.o" "../Drivers/STM32F4xx_HAL_Driver/Src/hal_spi_driver.c"
In file included from ../Drivers/STM32F4xx_HAL_Driver/Src/hal_spi_driver.c:5:0:
/engLife/Projects/Mastering embedded systems/STMCubeX/Driver_Development/SPI_Drivers/SPI_Drivers/Drivers/STM32F4xx_HAL_Driver/Inc/hal_spi_driver.h:22:0: warning: "SPI_CR1_BIDIMODE" redefined
 #define SPI_CR1_BIDIMODE         (uint32_t) 1 << 15
 ^
In file included from /engLife/Projects/Mastering embedded systems/STMCubeX/Driver_Development/SPI_Drivers/SPI_Drivers/Drivers/STM32F4xx_HAL_Driver/Inc/hal_spi_driver.h:10:0,
                 from ../Drivers/STM32F4xx_HAL_Driver/Src/hal_spi_driver.c:5:
/engLife/Projects/Mastering embedded systems/STMCubeX/Driver_Development/SPI_Drivers/SPI_Drivers/Drivers/CMSIS/Device/ST/STM32F4xx/Include/stm32f401xe.h:5683:0: note: this is the location of the previous definition
 #define SPI_CR1_BIDIMODE            SPI_CR1_BIDIMODE_Msk                       /*!<Bidirectional data mode enable      */
 ^
In file included from ../Drivers/STM32F4xx_HAL_Driver/Src/hal_spi_driver.c:5:0:
/engLife/Projects/Mastering embedded systems/STMCubeX/Driver_Development/SPI_Drivers/SPI_Drivers/Drivers/STM32F4xx_HAL_Driver/Inc/hal_spi_driver.h:27:0: warning: "SPI_CR1_DFF" redefined
 #define SPI_CR1_DFF          (uint32_t) 1 << 11
 ^
In file included from /engLife/Projects/Mastering embedded systems/STMCubeX/Driver_Development/SPI_Drivers/SPI_Drivers/Drivers/STM32F4xx_HAL_Driver/Inc/hal_spi_driver.h:10:0,
                 from ../Drivers/STM32F4xx_HAL_Driver/Src/hal_spi_driver.c:5:
/engLife/Projects/Mastering embedded systems/STMCubeX/Driver_Development/SPI_Drivers/SPI_Drivers/Drivers/CMSIS/Device/ST/STM32F4xx/Include/stm32f401xe.h:5671:0: note: this is the location of the previous definition
 #define SPI_CR1_DFF                 SPI_CR1_DFF_Msk                            /*!<Data Frame Format                   */
 ^
In file included from ../Drivers/STM32F4xx_HAL_Driver/Src/hal_spi_driver.c:5:0:
/engLife/Projects/Mastering embedded systems/STMCubeX/Driver_Development/SPI_Drivers/SPI_Drivers/Drivers/STM32F4xx_HAL_Driver/Inc/hal_spi_driver.h:32:0: warning: "SPI_CR1_SSM" redefined
 #define SPI_CR1_SSM          (uint32_t) 1 << 9
 ^
In file included from /engLife/Projects/Mastering embedded systems/STMCubeX/Driver_Development/SPI_Drivers/SPI_Drivers/Drivers/STM32F4xx_HAL_Driver/Inc/hal_spi_driver.h:10:0,
                 from ../Drivers/STM32F4xx_HAL_Driver/Src/hal_spi_driver.c:5:
/engLife/Projects/Mastering embedded systems/STMCubeX/Driver_Development/SPI_Drivers/SPI_Drivers/Drivers/CMSIS/Device/ST/STM32F4xx/Include/stm32f401xe.h:5665:0: note: this is the location of the previous definition
 #define SPI_CR1_SSM                 SPI_CR1_SSM_Msk                            /*!<Software slave management           */
 ^
In file included from ../Drivers/STM32F4xx_HAL_Driver/Src/hal_spi_driver.c:5:0:
/engLife/Projects/Mastering embedded systems/STMCubeX/Driver_Development/SPI_Drivers/SPI_Drivers/Drivers/STM32F4xx_HAL_Driver/Inc/hal_spi_driver.h:37:0: warning: "SPI_CR1_SSI" redefined
 #define SPI_CR1_SSI             (uint32_t) 1 << 8
 ^
In file included from /engLife/Projects/Mastering embedded systems/STMCubeX/Driver_Development/SPI_Drivers/SPI_Drivers/Drivers/STM32F4xx_HAL_Driver/Inc/hal_spi_driver.h:10:0,
                 from ../Drivers/STM32F4xx_HAL_Driver/Src/hal_spi_driver.c:5:
/engLife/Projects/Mastering embedded systems/STMCubeX/Driver_Development/SPI_Drivers/SPI_Drivers/Drivers/CMSIS/Device/ST/STM32F4xx/Include/stm32f401xe.h:5662:0: note: this is the location of the previous definition
 #define SPI_CR1_SSI                 SPI_CR1_SSI_Msk                            /*!<Internal slave select               */
 ^
In file included from ../Drivers/STM32F4xx_HAL_Driver/Src/hal_spi_driver.c:5:0:
/engLife/Projects/Mastering embedded systems/STMCubeX/Driver_Development/SPI_Drivers/SPI_Drivers/Drivers/STM32F4xx_HAL_Driver/Inc/hal_spi_driver.h:58:0: warning: "SPI_CR1_MSTR" redefined
 #define SPI_CR1_MSTR          (uint32_t) 1 << 2
 ^
In file included from /engLife/Projects/Mastering embedded systems/STMCubeX/Driver_Development/SPI_Drivers/SPI_Drivers/Drivers/STM32F4xx_HAL_Driver/Inc/hal_spi_driver.h:10:0,
                 from ../Drivers/STM32F4xx_HAL_Driver/Src/hal_spi_driver.c:5:
/engLife/Projects/Mastering embedded systems/STMCubeX/Driver_Development/SPI_Drivers/SPI_Drivers/Drivers/CMSIS/Device/ST/STM32F4xx/Include/stm32f401xe.h:5645:0: note: this is the location of the previous definition
 #define SPI_CR1_MSTR                SPI_CR1_MSTR_Msk                           /*!<Master Selection */
 ^
In file included from ../Drivers/STM32F4xx_HAL_Driver/Src/hal_spi_driver.c:5:0:
/engLife/Projects/Mastering embedded systems/STMCubeX/Driver_Development/SPI_Drivers/SPI_Drivers/Drivers/STM32F4xx_HAL_Driver/Inc/hal_spi_driver.h:63:0: warning: "SPI_CR1_CPOL" redefined
 #define SPI_CR1_CPOL          (uint32_t) 1 << 1
 ^
In file included from /engLife/Projects/Mastering embedded systems/STMCubeX/Driver_Development/SPI_Drivers/SPI_Drivers/Drivers/STM32F4xx_HAL_Driver/Inc/hal_spi_driver.h:10:0,
                 from ../Drivers/STM32F4xx_HAL_Driver/Src/hal_spi_driver.c:5:
/engLife/Projects/Mastering embedded systems/STMCubeX/Driver_Development/SPI_Drivers/SPI_Drivers/Drivers/CMSIS/Device/ST/STM32F4xx/Include/stm32f401xe.h:5642:0: note: this is the location of the previous definition
 #define SPI_CR1_CPOL                SPI_CR1_CPOL_Msk                           /*!<Clock Polarity   */
 ^
In file included from ../Drivers/STM32F4xx_HAL_Driver/Src/hal_spi_driver.c:5:0:
/engLife/Projects/Mastering embedded systems/STMCubeX/Driver_Development/SPI_Drivers/SPI_Drivers/Drivers/STM32F4xx_HAL_Driver/Inc/hal_spi_driver.h:68:0: warning: "SPI_CR1_CPHA" redefined
 #define SPI_CR1_CPHA         (uint32_t) 1 << 0
 ^
In file included from /engLife/Projects/Mastering embedded systems/STMCubeX/Driver_Development/SPI_Drivers/SPI_Drivers/Drivers/STM32F4xx_HAL_Driver/Inc/hal_spi_driver.h:10:0,
                 from ../Drivers/STM32F4xx_HAL_Driver/Src/hal_spi_driver.c:5:
/engLife/Projects/Mastering embedded systems/STMCubeX/Driver_Development/SPI_Drivers/SPI_Drivers/Drivers/CMSIS/Device/ST/STM32F4xx/Include/stm32f401xe.h:5639:0: note: this is the location of the previous definition
 #define SPI_CR1_CPHA                SPI_CR1_CPHA_Msk                           /*!<Clock Phase      */
 ^
In file included from ../Drivers/STM32F4xx_HAL_Driver/Src/hal_spi_driver.c:5:0:
/engLife/Projects/Mastering embedded systems/STMCubeX/Driver_Development/SPI_Drivers/SPI_Drivers/Drivers/STM32F4xx_HAL_Driver/Inc/hal_spi_driver.h:75:0: warning: "SPI_CR2_TXEIE" redefined
 #define SPI_CR2_TXEIE        (uint32_t) 1 << 7
 ^
In file included from /engLife/Projects/Mastering embedded systems/STMCubeX/Driver_Development/SPI_Drivers/SPI_Drivers/Drivers/STM32F4xx_HAL_Driver/Inc/hal_spi_driver.h:10:0,
                 from ../Drivers/STM32F4xx_HAL_Driver/Src/hal_spi_driver.c:5:
/engLife/Projects/Mastering embedded systems/STMCubeX/Driver_Development/SPI_Drivers/SPI_Drivers/Drivers/CMSIS/Device/ST/STM32F4xx/Include/stm32f401xe.h:5706:0: note: this is the location of the previous definition
 #define SPI_CR2_TXEIE               SPI_CR2_TXEIE_Msk                          /*!<Tx buffer Empty Interrupt Enable     */
 ^
In file included from ../Drivers/STM32F4xx_HAL_Driver/Src/hal_spi_driver.c:5:0:
/engLife/Projects/Mastering embedded systems/STMCubeX/Driver_Development/SPI_Drivers/SPI_Drivers/Drivers/STM32F4xx_HAL_Driver/Inc/hal_spi_driver.h:80:0: warning: "SPI_CR2_RXNEIE" redefined
 #define SPI_CR2_RXNEIE        (uint32_t) 1 << 6
 ^
In file included from /engLife/Projects/Mastering embedded systems/STMCubeX/Driver_Development/SPI_Drivers/SPI_Drivers/Drivers/STM32F4xx_HAL_Driver/Inc/hal_spi_driver.h:10:0,
                 from ../Drivers/STM32F4xx_HAL_Driver/Src/hal_spi_driver.c:5:
/engLife/Projects/Mastering embedded systems/STMCubeX/Driver_Development/SPI_Drivers/SPI_Drivers/Drivers/CMSIS/Device/ST/STM32F4xx/Include/stm32f401xe.h:5703:0: note: this is the location of the previous definition
 #define SPI_CR2_RXNEIE              SPI_CR2_RXNEIE_Msk                         /*!<RX buffer Not Empty Interrupt Enable */
 ^
In file included from ../Drivers/STM32F4xx_HAL_Driver/Src/hal_spi_driver.c:5:0:
/engLife/Projects/Mastering embedded systems/STMCubeX/Driver_Development/SPI_Drivers/SPI_Drivers/Drivers/STM32F4xx_HAL_Driver/Inc/hal_spi_driver.h:85:0: warning: "SPI_CR2_ERRIE" redefined
 #define SPI_CR2_ERRIE        (uint32_t) 1 << 5
 ^
In file included from /engLife/Projects/Mastering embedded systems/STMCubeX/Driver_Development/SPI_Drivers/SPI_Drivers/Drivers/STM32F4xx_HAL_Driver/Inc/hal_spi_driver.h:10:0,
                 from ../Drivers/STM32F4xx_HAL_Driver/Src/hal_spi_driver.c:5:
/engLife/Projects/Mastering embedded systems/STMCubeX/Driver_Development/SPI_Drivers/SPI_Drivers/Drivers/CMSIS/Device/ST/STM32F4xx/Include/stm32f401xe.h:5700:0: note: this is the location of the previous definition
 #define SPI_CR2_ERRIE               SPI_CR2_ERRIE_Msk                          /*!<Error Interrupt Enable               */
 ^
In file included from ../Drivers/STM32F4xx_HAL_Driver/Src/hal_spi_driver.c:5:0:
/engLife/Projects/Mastering embedded systems/STMCubeX/Driver_Development/SPI_Drivers/SPI_Drivers/Drivers/STM32F4xx_HAL_Driver/Inc/hal_spi_driver.h:90:0: warning: "SPI_CR2_ERRIE" redefined
 #define SPI_CR2_ERRIE        (uint32_t) 1 << 4
 ^
/engLife/Projects/Mastering embedded systems/STMCubeX/Driver_Development/SPI_Drivers/SPI_Drivers/Drivers/STM32F4xx_HAL_Driver/Inc/hal_spi_driver.h:85:0: note: this is the location of the previous definition
 #define SPI_CR2_ERRIE        (uint32_t) 1 << 5
 ^
/engLife/Projects/Mastering embedded systems/STMCubeX/Driver_Development/SPI_Drivers/SPI_Drivers/Drivers/STM32F4xx_HAL_Driver/Inc/hal_spi_driver.h:95:0: warning: "SPI_CR2_ERRIE" redefined
 #define SPI_CR2_ERRIE        (uint32_t) 1 << 2
 ^
/engLife/Projects/Mastering embedded systems/STMCubeX/Driver_Development/SPI_Drivers/SPI_Drivers/Drivers/STM32F4xx_HAL_Driver/Inc/hal_spi_driver.h:90:0: note: this is the location of the previous definition
 #define SPI_CR2_ERRIE        (uint32_t) 1 << 4
 ^
/engLife/Projects/Mastering embedded systems/STMCubeX/Driver_Development/SPI_Drivers/SPI_Drivers/Drivers/STM32F4xx_HAL_Driver/Inc/hal_spi_driver.h:99:0: warning: "SPI_SR_FRE" redefined
 #define SPI_SR_FRE         (uint32_t) 1 << 8
 ^
In file included from /engLife/Projects/Mastering embedded systems/STMCubeX/Driver_Development/SPI_Drivers/SPI_Drivers/Drivers/STM32F4xx_HAL_Driver/Inc/hal_spi_driver.h:10:0,
                 from ../Drivers/STM32F4xx_HAL_Driver/Src/hal_spi_driver.c:5:
/engLife/Projects/Mastering embedded systems/STMCubeX/Driver_Development/SPI_Drivers/SPI_Drivers/Drivers/CMSIS/Device/ST/STM32F4xx/Include/stm32f401xe.h:5735:0: note: this is the location of the previous definition
 #define SPI_SR_FRE                  SPI_SR_FRE_Msk                             /*!<Frame format error flag  */
 ^
In file included from ../Drivers/STM32F4xx_HAL_Driver/Src/hal_spi_driver.c:5:0:
/engLife/Projects/Mastering embedded systems/STMCubeX/Driver_Development/SPI_Drivers/SPI_Drivers/Drivers/STM32F4xx_HAL_Driver/Inc/hal_spi_driver.h:102:0: warning: "SPI_SR_BSY" redefined
 #define SPI_SR_BSY         (uint32_t) 1 << 7
 ^
In file included from /engLife/Projects/Mastering embedded systems/STMCubeX/Driver_Development/SPI_Drivers/SPI_Drivers/Drivers/STM32F4xx_HAL_Driver/Inc/hal_spi_driver.h:10:0,
                 from ../Drivers/STM32F4xx_HAL_Driver/Src/hal_spi_driver.c:5:
/engLife/Projects/Mastering embedded systems/STMCubeX/Driver_Development/SPI_Drivers/SPI_Drivers/Drivers/CMSIS/Device/ST/STM32F4xx/Include/stm32f401xe.h:5732:0: note: this is the location of the previous definition
 #define SPI_SR_BSY                  SPI_SR_BSY_Msk                             /*!<Busy flag                */
 ^
In file included from ../Drivers/STM32F4xx_HAL_Driver/Src/hal_spi_driver.c:5:0:
/engLife/Projects/Mastering embedded systems/STMCubeX/Driver_Development/SPI_Drivers/SPI_Drivers/Drivers/STM32F4xx_HAL_Driver/Inc/hal_spi_driver.h:105:0: warning: "SPI_SR_OVR" redefined
 #define SPI_SR_OVR         (uint32_t) 1 << 6
 ^
In file included from /engLife/Projects/Mastering embedded systems/STMCubeX/Driver_Development/SPI_Drivers/SPI_Drivers/Drivers/STM32F4xx_HAL_Driver/Inc/hal_spi_driver.h:10:0,
                 from ../Drivers/STM32F4xx_HAL_Driver/Src/hal_spi_driver.c:5:
/engLife/Projects/Mastering embedded systems/STMCubeX/Driver_Development/SPI_Drivers/SPI_Drivers/Drivers/CMSIS/Device/ST/STM32F4xx/Include/stm32f401xe.h:5729:0: note: this is the location of the previous definition
 #define SPI_SR_OVR                  SPI_SR_OVR_Msk                             /*!<Overrun flag             */
 ^
In file included from ../Drivers/STM32F4xx_HAL_Driver/Src/hal_spi_driver.c:5:0:
/engLife/Projects/Mastering embedded systems/STMCubeX/Driver_Development/SPI_Drivers/SPI_Drivers/Drivers/STM32F4xx_HAL_Driver/Inc/hal_spi_driver.h:108:0: warning: "SPI_SR_TXE" redefined
[...]
../Src/spi_master.c:130:12: warning: unused variable 'txBuffer' [-Wunused-variable]
   uint8_t *txBuffer = data;
            ^
../Src/spi_master.c:83:10: warning: unused variable 'ack_buf' [-Wunused-variable]
  uint8_t ack_buf[2];
          ^
Finished building: ../Src/spi_master.c
 
Building file: ../Drivers/STM32F4xx_HAL_Driver/Src/hal_spi_driver.c
Invoking: MCU GCC Compiler
/engLife/Projects/Mastering embedded systems/STMCubeX/Driver_Development/SPI_Drivers/SPI_Drivers/Debug
arm-none-eabi-gcc -mcpu=cortex-m4 -mthumb -mfloat-abi=hard -mfpu=fpv4-sp-d16 '-D__weak=__attribute__((weak))' '-D__packed="__attribute__((__packed__))"' -DSTM32F401xE -I"/engLife/Projects/Mastering embedded systems/STMCubeX/Driver_Development/SPI_Drivers/SPI_Drivers/Inc" -I"/engLife/Projects/Mastering embedded systems/STMCubeX/Driver_Development/SPI_Drivers/SPI_Drivers/Drivers/STM32F4xx_HAL_Driver/Inc" -I../Drivers/STM32F4xx_HAL_Driver/Inc/Legacy -I"/engLife/Projects/Mastering embedded systems/STMCubeX/Driver_Development/SPI_Drivers/SPI_Drivers/Drivers/CMSIS/Device/ST/STM32F4xx/Include" -I"/engLife/Projects/Mastering embedded systems/STMCubeX/Driver_Development/SPI_Drivers/SPI_Drivers/Drivers/CMSIS/Include"  -Og -g3 -Wall -fmessage-length=0 -ffunction-sections -c -fmessage-length=0 -MMD -MP -MF"Drivers/STM32F4xx_HAL_Driver/Src/hal_spi_driver.d" -MT"Drivers/STM32F4xx_HAL_Driver/Src/hal_spi_driver.o" -o "Drivers/STM32F4xx_HAL_Driver/Src/hal_spi_driver.o" "../Drivers/STM32F4xx_HAL_Driver/Src/hal_spi_driver.c"
../Drivers/STM32F4xx_HAL_Driver/Src/hal_spi_driver.c: In function 'hal_spi_init':
../Drivers/STM32F4xx_HAL_Driver/Src/hal_spi_driver.c:17:2: warning: implicit declaration of function 'hal_spi_config_data_size_direction' [-Wimplicit-function-declaration]
  hal_spi_config_data_size_direction(spi_handle->Instance, spi_handle->Init.Data_Size, spi_handle->Init.First_Bit);
  ^
../Drivers/STM32F4xx_HAL_Driver/Src/hal_spi_driver.c:21:3: warning: implicit declaration of function 'hal_spi_config_nss_master' [-Wimplicit-function-declaration]
   hal_spi_config_nss_master(spi_handle->Instance, spi_handle->Init.NSS);
   ^
../Drivers/STM32F4xx_HAL_Driver/Src/hal_spi_driver.c:23:3: warning: implicit declaration of function 'hal_spi_config_nss_slave' [-Wimplicit-function-declaration]
   hal_spi_config_nss_slave(spi_handle->Instance, spi_handle->Init.NSS);
   ^
../Drivers/STM32F4xx_HAL_Driver/Src/hal_spi_driver.c:27:2: warning: implicit declaration of function 'hal_spi_configure_baudrate' [-Wimplicit-function-declaration]
  hal_spi_configure_baudrate(spi_handle->Instance, spi_handle->Init.Baud_Rate);
  ^
../Drivers/STM32F4xx_HAL_Driver/Src/hal_spi_driver.c:30:2: warning: implicit declaration of function 'hal_spi_configure_direction' [-Wimplicit-function-declaration]
  hal_spi_configure_direction(spi_handle->Instance, spi_handle->Init.Direction);
  ^
../Drivers/STM32F4xx_HAL_Driver/Src/hal_spi_driver.c: At top level:
../Drivers/STM32F4xx_HAL_Driver/Src/hal_spi_driver.c:43:6: warning: conflicting types for 'hal_spi_configure_baudrate'
 void hal_spi_configure_baudrate(SPI_TypeDef *SPIx, uint32_t prescalar){
      ^
../Drivers/STM32F4xx_HAL_Driver/Src/hal_spi_driver.c:27:2: note: previous implicit declaration of 'hal_spi_configure_baudrate' was here
  hal_spi_configure_baudrate(spi_handle->Instance, spi_handle->Init.Baud_Rate);
  ^
../Drivers/STM32F4xx_HAL_Driver/Src/hal_spi_driver.c:55:6: warning: conflicting types for 'hal_spi_configure_direction'
 void hal_spi_configure_direction(SPI_TypeDef *SPIx, uint32_t direction){
      ^
../Drivers/STM32F4xx_HAL_Driver/Src/hal_spi_driver.c:30:2: note: previous implicit declaration of 'hal_spi_configure_direction' was here
  hal_spi_configure_direction(spi_handle->Instance, spi_handle->Init.Direction);
  ^
../Drivers/STM32F4xx_HAL_Driver/Src/hal_spi_driver.c:93:6: warning: conflicting types for 'hal_spi_config_data_size_direction'
 void hal_spi_config_data_size_direction(SPI_TypeDef *SPIx, uint32_t datasize_16, uint32_t lsb_first){
      ^
../Drivers/STM32F4xx_HAL_Driver/Src/hal_spi_driver.c:17:2: note: previous implicit declaration of 'hal_spi_config_data_size_direction' was here
  hal_spi_config_data_size_direction(spi_handle->Instance, spi_handle->Init.Data_Size, spi_handle->Init.First_Bit);
  ^
../Drivers/STM32F4xx_HAL_Driver/Src/hal_spi_driver.c:110:6: warning: conflicting types for 'hal_spi_config_nss_master'
 void hal_spi_config_nss_master(SPI_TypeDef *SPIx, uint32_t ssm_enable){
      ^
../Drivers/STM32F4xx_HAL_Driver/Src/hal_spi_driver.c:21:3: note: previous implicit declaration of 'hal_spi_config_nss_master' was here
   hal_spi_config_nss_master(spi_handle->Instance, spi_handle->Init.NSS);
   ^
../Drivers/STM32F4xx_HAL_Driver/Src/hal_spi_driver.c:121:6: warning: conflicting types for 'hal_spi_config_nss_slave'
 void hal_spi_config_nss_slave(SPI_TypeDef *SPIx, uint32_t ssm_enable){
      ^
../Drivers/STM32F4xx_HAL_Driver/Src/hal_spi_driver.c:23:3: note: previous implicit declaration of 'hal_spi_config_nss_slave' was here
   hal_spi_config_nss_slave(spi_handle->Instance, spi_handle->Init.NSS);
   ^
../Drivers/STM32F4xx_HAL_Driver/Src/hal_spi_driver.c: In function 'begin_spi':
../Drivers/STM32F4xx_HAL_Driver/Src/hal_spi_driver.c:227:11: warning: unused variable 'val' [-Wunused-variable]
  uint32_t val = hspi->Instance->DR; //read out from DR -- RX buffer = empty (RXNE = 0)
           ^
../Drivers/STM32F4xx_HAL_Driver/Src/hal_spi_driver.c: In function 'tx_handler':
../Drivers/STM32F4xx_HAL_Driver/Src/hal_spi_driver.c:232:11: warning: variable 'temp' set but not used [-Wunused-but-set-variable]
  uint32_t temp=0;
           ^
../Drivers/STM32F4xx_HAL_Driver/Src/hal_spi_driver.c: In function 'hal_spi_master_rx':
../Drivers/STM32F4xx_HAL_Driver/Src/hal_spi_driver.c:310:10: warning: variable 'val' set but not used [-Wunused-but-set-variable]
  int32_t val;
          ^
Finished building: ../Drivers/STM32F4xx_HAL_Driver/Src/hal_spi_driver.c
 
Building target: SPI_Drivers.elf
Invoking: MCU GCC Linker
arm-none-eabi-gcc -mcpu=cortex-m4 -mthumb -mfloat-abi=hard -mfpu=fpv4-sp-d16 -specs=nosys.specs -specs=nano.specs -T"../STM32F401RETx_FLASH.ld" -Wl,-Map=output.map -Wl,--gc-sections -lm -o "SPI_Drivers.elf" @"objects.list"  
Finished building target: SPI_Drivers.elf
 
/Library/Developer/CommandLineTools/usr/bin/make --no-print-directory post-build
Generating binary and Printing size information:
arm-none-eabi-objcopy -O binary "SPI_Drivers.elf" "SPI_Drivers.bin"
arm-none-eabi-size "SPI_Drivers.elf"
   text	   data	    bss	    dec	    hex	filename
   2124	      8	   1624	   3756	    eac	SPI_Drivers.elf
 
17:05:53 **** Build of configuration Debug for project SPI_Drivers ****
make all 
Building file: ../Src/spi_master.c
Invoking: MCU GCC Compiler
/engLife/Projects/Mastering embedded systems/STMCubeX/Driver_Development/SPI_Drivers/SPI_Drivers/Debug
arm-none-eabi-gcc -mcpu=cortex-m4 -mthumb -mfloat-abi=hard -mfpu=fpv4-sp-d16 '-D__weak=__attribute__((weak))' '-D__packed="__attribute__((__packed__))"' -DSTM32F401xE -I"/engLife/Projects/Mastering embedded systems/STMCubeX/Driver_Development/SPI_Drivers/SPI_Drivers/Inc" -I"/engLife/Projects/Mastering embedded systems/STMCubeX/Driver_Development/SPI_Drivers/SPI_Drivers/Drivers/STM32F4xx_HAL_Driver/Inc" -I../Drivers/STM32F4xx_HAL_Driver/Inc/Legacy -I"/engLife/Projects/Mastering embedded systems/STMCubeX/Driver_Development/SPI_Drivers/SPI_Drivers/Drivers/CMSIS/Device/ST/STM32F4xx/Include" -I"/engLife/Projects/Mastering embedded systems/STMCubeX/Driver_Development/SPI_Drivers/SPI_Drivers/Drivers/CMSIS/Include"  -Og -g3 -Wall -fmessage-length=0 -ffunction-sections -c -fmessage-length=0 -MMD -MP -MF"Src/spi_master.d" -MT"Src/spi_master.o" -o "Src/spi_master.o" "../Src/spi_master.c"
../Src/spi_master.c: In function 'main':
../Src/spi_master.c:83:10: warning: unused variable 'ack_buf' [-Wunused-variable]
  uint8_t ack_buf[2];
          ^
Finished building: ../Src/spi_master.c
 
Building target: SPI_Drivers.elf
Invoking: MCU GCC Linker
arm-none-eabi-gcc -mcpu=cortex-m4 -mthumb -mfloat-abi=hard -mfpu=fpv4-sp-d16 -specs=nosys.specs -specs=nano.specs -T"../STM32F401RETx_FLASH.ld" -Wl,-Map=output.map -Wl,--gc-sections -lm -o "SPI_Drivers.elf" @"objects.list"  
Finished building target: SPI_Drivers.elf
 
/Library/Developer/CommandLineTools/usr/bin/make --no-print-directory post-build
Generating binary and Printing size information:
arm-none-eabi-objcopy -O binary "SPI_Drivers.elf" "SPI_Drivers.bin"
arm-none-eabi-size "SPI_Drivers.elf"
   text	   data	    bss	    dec	    hex	filename
   2124	      8	   1624	   3756	    eac	SPI_Drivers.elf
 
17:20:40 **** Incremental Build of configuration Debug for project SPI_Drivers ****
make all 
make: Nothing to be done for `all'.
17:23:42 **** Incremental Build of configuration Debug for project SPI_Drivers ****
make all 
make: Nothing to be done for `all'.
17:26:51 **** Incremental Build of configuration Debug for project SPI_Drivers ****
make all 
make: Nothing to be done for `all'.
17:27:28 **** Incremental Build of configuration Debug for project SPI_Drivers ****
make all 
make: Nothing to be done for `all'.
17:29:12 **** Incremental Build of configuration Debug for project SPI_Drivers ****
make all 
make: Nothing to be done for `all'.
17:31:14 **** Incremental Build of configuration Debug for project SPI_Drivers ****
make all 
make: Nothing to be done for `all'.
17:33:54 **** Incremental Build of configuration Debug for project SPI_Drivers ****
make all 
Building file: ../Drivers/STM32F4xx_HAL_Driver/Src/hal_spi_driver.c
Invoking: MCU GCC Compiler
/engLife/Projects/Mastering embedded systems/STMCubeX/Driver_Development/SPI_Drivers/SPI_Drivers/Debug
arm-none-eabi-gcc -mcpu=cortex-m4 -mthumb -mfloat-abi=hard -mfpu=fpv4-sp-d16 '-D__weak=__attribute__((weak))' '-D__packed="__attribute__((__packed__))"' -DSTM32F401xE -I"/engLife/Projects/Mastering embedded systems/STMCubeX/Driver_Development/SPI_Drivers/SPI_Drivers/Inc" -I"/engLife/Projects/Mastering embedded systems/STMCubeX/Driver_Development/SPI_Drivers/SPI_Drivers/Drivers/STM32F4xx_HAL_Driver/Inc" -I../Drivers/STM32F4xx_HAL_Driver/Inc/Legacy -I"/engLife/Projects/Mastering embedded systems/STMCubeX/Driver_Development/SPI_Drivers/SPI_Drivers/Drivers/CMSIS/Device/ST/STM32F4xx/Include" -I"/engLife/Projects/Mastering embedded systems/STMCubeX/Driver_Development/SPI_Drivers/SPI_Drivers/Drivers/CMSIS/Include"  -Og -g3 -Wall -fmessage-length=0 -ffunction-sections -c -fmessage-length=0 -MMD -MP -MF"Drivers/STM32F4xx_HAL_Driver/Src/hal_spi_driver.d" -MT"Drivers/STM32F4xx_HAL_Driver/Src/hal_spi_driver.o" -o "Drivers/STM32F4xx_HAL_Driver/Src/hal_spi_driver.o" "../Drivers/STM32F4xx_HAL_Driver/Src/hal_spi_driver.c"
../Drivers/STM32F4xx_HAL_Driver/Src/hal_spi_driver.c: In function 'hal_spi_init':
../Drivers/STM32F4xx_HAL_Driver/Src/hal_spi_driver.c:17:2: warning: implicit declaration of function 'hal_spi_config_data_size_direction' [-Wimplicit-function-declaration]
  hal_spi_config_data_size_direction(spi_handle->Instance, spi_handle->Init.Data_Size, spi_handle->Init.First_Bit);
  ^
../Drivers/STM32F4xx_HAL_Driver/Src/hal_spi_driver.c:21:3: warning: implicit declaration of function 'hal_spi_config_nss_master' [-Wimplicit-function-declaration]
   hal_spi_config_nss_master(spi_handle->Instance, spi_handle->Init.NSS);
   ^
../Drivers/STM32F4xx_HAL_Driver/Src/hal_spi_driver.c:23:3: warning: implicit declaration of function 'hal_spi_config_nss_slave' [-Wimplicit-function-declaration]
   hal_spi_config_nss_slave(spi_handle->Instance, spi_handle->Init.NSS);
   ^
../Drivers/STM32F4xx_HAL_Driver/Src/hal_spi_driver.c:27:2: warning: implicit declaration of function 'hal_spi_configure_baudrate' [-Wimplicit-function-declaration]
  hal_spi_configure_baudrate(spi_handle->Instance, spi_handle->Init.Baud_Rate);
  ^
../Drivers/STM32F4xx_HAL_Driver/Src/hal_spi_driver.c:30:2: warning: implicit declaration of function 'hal_spi_configure_direction' [-Wimplicit-function-declaration]
  hal_spi_configure_direction(spi_handle->Instance, spi_handle->Init.Direction);
  ^
../Drivers/STM32F4xx_HAL_Driver/Src/hal_spi_driver.c: At top level:
../Drivers/STM32F4xx_HAL_Driver/Src/hal_spi_driver.c:43:6: warning: conflicting types for 'hal_spi_configure_baudrate'
 void hal_spi_configure_baudrate(SPI_TypeDef *SPIx, uint32_t prescalar){
      ^
../Drivers/STM32F4xx_HAL_Driver/Src/hal_spi_driver.c:27:2: note: previous implicit declaration of 'hal_spi_configure_baudrate' was here
  hal_spi_configure_baudrate(spi_handle->Instance, spi_handle->Init.Baud_Rate);
  ^
../Drivers/STM32F4xx_HAL_Driver/Src/hal_spi_driver.c:55:6: warning: conflicting types for 'hal_spi_configure_direction'
 void hal_spi_configure_direction(SPI_TypeDef *SPIx, uint32_t direction){
      ^
../Drivers/STM32F4xx_HAL_Driver/Src/hal_spi_driver.c:30:2: note: previous implicit declaration of 'hal_spi_configure_direction' was here
  hal_spi_configure_direction(spi_handle->Instance, spi_handle->Init.Direction);
  ^
../Drivers/STM32F4xx_HAL_Driver/Src/hal_spi_driver.c:93:6: warning: conflicting types for 'hal_spi_config_data_size_direction'
 void hal_spi_config_data_size_direction(SPI_TypeDef *SPIx, uint32_t datasize_16, uint32_t lsb_first){
      ^
../Drivers/STM32F4xx_HAL_Driver/Src/hal_spi_driver.c:17:2: note: previous implicit declaration of 'hal_spi_config_data_size_direction' was here
  hal_spi_config_data_size_direction(spi_handle->Instance, spi_handle->Init.Data_Size, spi_handle->Init.First_Bit);
  ^
../Drivers/STM32F4xx_HAL_Driver/Src/hal_spi_driver.c:110:6: warning: conflicting types for 'hal_spi_config_nss_master'
 void hal_spi_config_nss_master(SPI_TypeDef *SPIx, uint32_t ssm_enable){
      ^
../Drivers/STM32F4xx_HAL_Driver/Src/hal_spi_driver.c:21:3: note: previous implicit declaration of 'hal_spi_config_nss_master' was here
   hal_spi_config_nss_master(spi_handle->Instance, spi_handle->Init.NSS);
   ^
../Drivers/STM32F4xx_HAL_Driver/Src/hal_spi_driver.c:121:6: warning: conflicting types for 'hal_spi_config_nss_slave'
 void hal_spi_config_nss_slave(SPI_TypeDef *SPIx, uint32_t ssm_enable){
      ^
../Drivers/STM32F4xx_HAL_Driver/Src/hal_spi_driver.c:23:3: note: previous implicit declaration of 'hal_spi_config_nss_slave' was here
   hal_spi_config_nss_slave(spi_handle->Instance, spi_handle->Init.NSS);
   ^
../Drivers/STM32F4xx_HAL_Driver/Src/hal_spi_driver.c: In function 'begin_spi':
../Drivers/STM32F4xx_HAL_Driver/Src/hal_spi_driver.c:227:11: warning: unused variable 'val' [-Wunused-variable]
  uint32_t val = hspi->Instance->DR; //read out from DR -- RX buffer = empty (RXNE = 0)
           ^
../Drivers/STM32F4xx_HAL_Driver/Src/hal_spi_driver.c: In function 'tx_handler':
../Drivers/STM32F4xx_HAL_Driver/Src/hal_spi_driver.c:232:11: warning: variable 'temp' set but not used [-Wunused-but-set-variable]
  uint32_t temp=0;
           ^
../Drivers/STM32F4xx_HAL_Driver/Src/hal_spi_driver.c: In function 'hal_spi_master_rx':
../Drivers/STM32F4xx_HAL_Driver/Src/hal_spi_driver.c:312:10: warning: variable 'val' set but not used [-Wunused-but-set-variable]
  int32_t val;
          ^
Finished building: ../Drivers/STM32F4xx_HAL_Driver/Src/hal_spi_driver.c
 
Building target: SPI_Drivers.elf
Invoking: MCU GCC Linker
arm-none-eabi-gcc -mcpu=cortex-m4 -mthumb -mfloat-abi=hard -mfpu=fpv4-sp-d16 -specs=nosys.specs -specs=nano.specs -T"../STM32F401RETx_FLASH.ld" -Wl,-Map=output.map -Wl,--gc-sections -lm -o "SPI_Drivers.elf" @"objects.list"  
Finished building target: SPI_Drivers.elf
 
/Library/Developer/CommandLineTools/usr/bin/make --no-print-directory post-build
Generating binary and Printing size information:
arm-none-eabi-objcopy -O binary "SPI_Drivers.elf" "SPI_Drivers.bin"
arm-none-eabi-size "SPI_Drivers.elf"
   text	   data	    bss	    dec	    hex	filename
   2124	      8	   1624	   3756	    eac	SPI_Drivers.elf
 
17:37:57 **** Incremental Build of configuration Debug for project SPI_Drivers ****
make all 
make: Nothing to be done for `all'.
17:40:10 **** Incremental Build of configuration Debug for project SPI_Drivers ****
make all 
Building file: ../Src/spi_master.c
Invoking: MCU GCC Compiler
/engLife/Projects/Mastering embedded systems/STMCubeX/Driver_Development/SPI_Drivers/SPI_Drivers/Debug
arm-none-eabi-gcc -mcpu=cortex-m4 -mthumb -mfloat-abi=hard -mfpu=fpv4-sp-d16 '-D__weak=__attribute__((weak))' '-D__packed="__attribute__((__packed__))"' -DSTM32F401xE -I"/engLife/Projects/Mastering embedded systems/STMCubeX/Driver_Development/SPI_Drivers/SPI_Drivers/Inc" -I"/engLife/Projects/Mastering embedded systems/STMCubeX/Driver_Development/SPI_Drivers/SPI_Drivers/Drivers/STM32F4xx_HAL_Driver/Inc" -I../Drivers/STM32F4xx_HAL_Driver/Inc/Legacy -I"/engLife/Projects/Mastering embedded systems/STMCubeX/Driver_Development/SPI_Drivers/SPI_Drivers/Drivers/CMSIS/Device/ST/STM32F4xx/Include" -I"/engLife/Projects/Mastering embedded systems/STMCubeX/Driver_Development/SPI_Drivers/SPI_Drivers/Drivers/CMSIS/Include"  -Og -g3 -Wall -fmessage-length=0 -ffunction-sections -c -fmessage-length=0 -MMD -MP -MF"Src/spi_master.d" -MT"Src/spi_master.o" -o "Src/spi_master.o" "../Src/spi_master.c"
../Src/spi_master.c: In function 'main':
../Src/spi_master.c:83:10: warning: unused variable 'ack_buf' [-Wunused-variable]
  uint8_t ack_buf[2];
          ^
Finished building: ../Src/spi_master.c
 
Building target: SPI_Drivers.elf
Invoking: MCU GCC Linker
arm-none-eabi-gcc -mcpu=cortex-m4 -mthumb -mfloat-abi=hard -mfpu=fpv4-sp-d16 -specs=nosys.specs -specs=nano.specs -T"../STM32F401RETx_FLASH.ld" -Wl,-Map=output.map -Wl,--gc-sections -lm -o "SPI_Drivers.elf" @"objects.list"  
Finished building target: SPI_Drivers.elf
 
/Library/Developer/CommandLineTools/usr/bin/make --no-print-directory post-build
Generating binary and Printing size information:
arm-none-eabi-objcopy -O binary "SPI_Drivers.elf" "SPI_Drivers.bin"
arm-none-eabi-size "SPI_Drivers.elf"
   text	   data	    bss	    dec	    hex	filename
   2124	      8	   1624	   3756	    eac	SPI_Drivers.elf
 
17:42:49 **** Incremental Build of configuration Debug for project SPI_Drivers ****
make all 
Building file: ../Src/spi_master.c
Invoking: MCU GCC Compiler
/engLife/Projects/Mastering embedded systems/STMCubeX/Driver_Development/SPI_Drivers/SPI_Drivers/Debug
arm-none-eabi-gcc -mcpu=cortex-m4 -mthumb -mfloat-abi=hard -mfpu=fpv4-sp-d16 '-D__weak=__attribute__((weak))' '-D__packed="__attribute__((__packed__))"' -DSTM32F401xE -I"/engLife/Projects/Mastering embedded systems/STMCubeX/Driver_Development/SPI_Drivers/SPI_Drivers/Inc" -I"/engLife/Projects/Mastering embedded systems/STMCubeX/Driver_Development/SPI_Drivers/SPI_Drivers/Drivers/STM32F4xx_HAL_Driver/Inc" -I../Drivers/STM32F4xx_HAL_Driver/Inc/Legacy -I"/engLife/Projects/Mastering embedded systems/STMCubeX/Driver_Development/SPI_Drivers/SPI_Drivers/Drivers/CMSIS/Device/ST/STM32F4xx/Include" -I"/engLife/Projects/Mastering embedded systems/STMCubeX/Driver_Development/SPI_Drivers/SPI_Drivers/Drivers/CMSIS/Include"  -Og -g3 -Wall -fmessage-length=0 -ffunction-sections -c -fmessage-length=0 -MMD -MP -MF"Src/spi_master.d" -MT"Src/spi_master.o" -o "Src/spi_master.o" "../Src/spi_master.c"
../Src/spi_master.c: In function 'main':
../Src/spi_master.c:83:10: warning: unused variable 'ack_buf' [-Wunused-variable]
  uint8_t ack_buf[2];
          ^
Finished building: ../Src/spi_master.c
 
Building target: SPI_Drivers.elf
Invoking: MCU GCC Linker
arm-none-eabi-gcc -mcpu=cortex-m4 -mthumb -mfloat-abi=hard -mfpu=fpv4-sp-d16 -specs=nosys.specs -specs=nano.specs -T"../STM32F401RETx_FLASH.ld" -Wl,-Map=output.map -Wl,--gc-sections -lm -o "SPI_Drivers.elf" @"objects.list"  
Finished building target: SPI_Drivers.elf
 
/Library/Developer/CommandLineTools/usr/bin/make --no-print-directory post-build
Generating binary and Printing size information:
arm-none-eabi-objcopy -O binary "SPI_Drivers.elf" "SPI_Drivers.bin"
arm-none-eabi-size "SPI_Drivers.elf"
   text	   data	    bss	    dec	    hex	filename
   2132	      8	   1624	   3764	    eb4	SPI_Drivers.elf
 
